<?xml version="1.0" encoding="UTF-8"?>
<testsuites>
  <testsuite name="" tests="923" assertions="3515" errors="0" failures="0" skipped="0" time="59.377852">
    <testsuite name="Tests\Feature\Answer\AnswerDestroyTest" file="/Applications/XAMPP/xamppfiles/htdocs/faq/tests/Feature/Answer/AnswerDestroyTest.php" tests="6" assertions="12" errors="0" failures="0" skipped="0" time="0.362897">
      <testcase name="test_owner_can_delete_unpublished_answer" class="Tests\Feature\Answer\AnswerDestroyTest" classname="Tests.Feature.Answer.AnswerDestroyTest" file="/Applications/XAMPP/xamppfiles/htdocs/faq/tests/Feature/Answer/AnswerDestroyTest.php" line="16" assertions="3" time="0.146192"/>
      <testcase name="test_guest_cannot_delete_answer" class="Tests\Feature\Answer\AnswerDestroyTest" classname="Tests.Feature.Answer.AnswerDestroyTest" file="/Applications/XAMPP/xamppfiles/htdocs/faq/tests/Feature/Answer/AnswerDestroyTest.php" line="29" assertions="2" time="0.044323"/>
      <testcase name="test_non_owner_cannot_delete_unpublished_answer_even_as_admin" class="Tests\Feature\Answer\AnswerDestroyTest" classname="Tests.Feature.Answer.AnswerDestroyTest" file="/Applications/XAMPP/xamppfiles/htdocs/faq/tests/Feature/Answer/AnswerDestroyTest.php" line="39" assertions="2" time="0.047100"/>
      <testcase name="test_owner_cannot_delete_published_answer" class="Tests\Feature\Answer\AnswerDestroyTest" classname="Tests.Feature.Answer.AnswerDestroyTest" file="/Applications/XAMPP/xamppfiles/htdocs/faq/tests/Feature/Answer/AnswerDestroyTest.php" line="53" assertions="2" time="0.045343"/>
      <testcase name="test_delete_returns_404_for_missing_answer" class="Tests\Feature\Answer\AnswerDestroyTest" classname="Tests.Feature.Answer.AnswerDestroyTest" file="/Applications/XAMPP/xamppfiles/htdocs/faq/tests/Feature/Answer/AnswerDestroyTest.php" line="66" assertions="1" time="0.032985"/>
      <testcase name="test_idor_attacker_cannot_delete_victim_draft" class="Tests\Feature\Answer\AnswerDestroyTest" classname="Tests.Feature.Answer.AnswerDestroyTest" file="/Applications/XAMPP/xamppfiles/htdocs/faq/tests/Feature/Answer/AnswerDestroyTest.php" line="73" assertions="2" time="0.046955"/>
    </testsuite>
    <testsuite name="Tests\Feature\Answer\AnswerIndexTest" file="/Applications/XAMPP/xamppfiles/htdocs/faq/tests/Feature/Answer/AnswerIndexTest.php" tests="13" assertions="73" errors="0" failures="0" skipped="0" time="0.890986">
      <testcase name="test_guest_can_list_published_answers_with_pagination_meta" class="Tests\Feature\Answer\AnswerIndexTest" classname="Tests.Feature.Answer.AnswerIndexTest" file="/Applications/XAMPP/xamppfiles/htdocs/faq/tests/Feature/Answer/AnswerIndexTest.php" line="18" assertions="31" time="0.132378"/>
      <testcase name="test_index_paginates_ten_answers_per_page" class="Tests\Feature\Answer\AnswerIndexTest" classname="Tests.Feature.Answer.AnswerIndexTest" file="/Applications/XAMPP/xamppfiles/htdocs/faq/tests/Feature/Answer/AnswerIndexTest.php" line="49" assertions="8" time="0.139387"/>
      <testcase name="test_authenticated_user_sees_own_unpublished_answers" class="Tests\Feature\Answer\AnswerIndexTest" classname="Tests.Feature.Answer.AnswerIndexTest" file="/Applications/XAMPP/xamppfiles/htdocs/faq/tests/Feature/Answer/AnswerIndexTest.php" line="68" assertions="3" time="0.075311"/>
      <testcase name="test_higher_level_user_sees_lower_level_unpublished_answers" class="Tests\Feature\Answer\AnswerIndexTest" classname="Tests.Feature.Answer.AnswerIndexTest" file="/Applications/XAMPP/xamppfiles/htdocs/faq/tests/Feature/Answer/AnswerIndexTest.php" line="91" assertions="2" time="0.062247"/>
      <testcase name="test_same_level_user_cannot_see_another_users_unpublished_answer" class="Tests\Feature\Answer\AnswerIndexTest" classname="Tests.Feature.Answer.AnswerIndexTest" file="/Applications/XAMPP/xamppfiles/htdocs/faq/tests/Feature/Answer/AnswerIndexTest.php" line="107" assertions="2" time="0.039921"/>
      <testcase name="test_index_sort_newest_is_default_and_explicit" class="Tests\Feature\Answer\AnswerIndexTest" classname="Tests.Feature.Answer.AnswerIndexTest" file="/Applications/XAMPP/xamppfiles/htdocs/faq/tests/Feature/Answer/AnswerIndexTest.php" line="123" assertions="5" time="0.058719"/>
      <testcase name="test_index_sort_oldest_orders_ascending" class="Tests\Feature\Answer\AnswerIndexTest" classname="Tests.Feature.Answer.AnswerIndexTest" file="/Applications/XAMPP/xamppfiles/htdocs/faq/tests/Feature/Answer/AnswerIndexTest.php" line="143" assertions="3" time="0.064747"/>
      <testcase name="test_index_sort_votes_orders_by_net_score" class="Tests\Feature\Answer\AnswerIndexTest" classname="Tests.Feature.Answer.AnswerIndexTest" file="/Applications/XAMPP/xamppfiles/htdocs/faq/tests/Feature/Answer/AnswerIndexTest.php" line="155" assertions="3" time="0.058066"/>
      <testcase name="test_index_sort_comments_orders_by_comment_count" class="Tests\Feature\Answer\AnswerIndexTest" classname="Tests.Feature.Answer.AnswerIndexTest" file="/Applications/XAMPP/xamppfiles/htdocs/faq/tests/Feature/Answer/AnswerIndexTest.php" line="171" assertions="3" time="0.065035"/>
      <testcase name="test_index_sort_correct_returns_only_correct_answers" class="Tests\Feature\Answer\AnswerIndexTest" classname="Tests.Feature.Answer.AnswerIndexTest" file="/Applications/XAMPP/xamppfiles/htdocs/faq/tests/Feature/Answer/AnswerIndexTest.php" line="192" assertions="4" time="0.053521"/>
      <testcase name="test_index_only_returns_answers_for_requested_question" class="Tests\Feature\Answer\AnswerIndexTest" classname="Tests.Feature.Answer.AnswerIndexTest" file="/Applications/XAMPP/xamppfiles/htdocs/faq/tests/Feature/Answer/AnswerIndexTest.php" line="205" assertions="3" time="0.053868"/>
      <testcase name="test_index_returns_404_for_missing_question" class="Tests\Feature\Answer\AnswerIndexTest" classname="Tests.Feature.Answer.AnswerIndexTest" file="/Applications/XAMPP/xamppfiles/htdocs/faq/tests/Feature/Answer/AnswerIndexTest.php" line="218" assertions="1" time="0.035017"/>
      <testcase name="test_guest_can_abilities_are_false" class="Tests\Feature\Answer\AnswerIndexTest" classname="Tests.Feature.Answer.AnswerIndexTest" file="/Applications/XAMPP/xamppfiles/htdocs/faq/tests/Feature/Answer/AnswerIndexTest.php" line="223" assertions="5" time="0.052769"/>
    </testsuite>
    <testsuite name="Tests\Feature\Answer\AnswerPublishTest" file="/Applications/XAMPP/xamppfiles/htdocs/faq/tests/Feature/Answer/AnswerPublishTest.php" tests="9" assertions="22" errors="0" failures="0" skipped="0" time="0.558105">
      <testsuite name="Tests\Feature\Answer\AnswerPublishTest::test_cannot_publish_answer_from_same_or_higher_level" tests="2" assertions="2" errors="0" failures="0" skipped="0" time="0.096789">
        <testcase name="test_cannot_publish_answer_from_same_or_higher_level with data set &quot;same level&quot;" class="Tests\Feature\Answer\AnswerPublishTest" classname="Tests.Feature.Answer.AnswerPublishTest" file="/Applications/XAMPP/xamppfiles/htdocs/faq/tests/Feature/Answer/AnswerPublishTest.php" line="132" assertions="1" time="0.046543"/>
        <testcase name="test_cannot_publish_answer_from_same_or_higher_level with data set &quot;lower than author&quot;" class="Tests\Feature\Answer\AnswerPublishTest" classname="Tests.Feature.Answer.AnswerPublishTest" file="/Applications/XAMPP/xamppfiles/htdocs/faq/tests/Feature/Answer/AnswerPublishTest.php" line="132" assertions="1" time="0.050245"/>
      </testsuite>
      <testcase name="test_higher_level_user_can_publish_lower_level_users_answer_and_awards_scores" class="Tests\Feature\Answer\AnswerPublishTest" classname="Tests.Feature.Answer.AnswerPublishTest" file="/Applications/XAMPP/xamppfiles/htdocs/faq/tests/Feature/Answer/AnswerPublishTest.php" line="20" assertions="10" time="0.170433"/>
      <testcase name="test_publish_does_not_notify_when_question_has_no_owner" class="Tests\Feature\Answer\AnswerPublishTest" classname="Tests.Feature.Answer.AnswerPublishTest" file="/Applications/XAMPP/xamppfiles/htdocs/faq/tests/Feature/Answer/AnswerPublishTest.php" line="67" assertions="2" time="0.060183"/>
      <testcase name="test_guest_cannot_publish_answer" class="Tests\Feature\Answer\AnswerPublishTest" classname="Tests.Feature.Answer.AnswerPublishTest" file="/Applications/XAMPP/xamppfiles/htdocs/faq/tests/Feature/Answer/AnswerPublishTest.php" line="86" assertions="2" time="0.045891"/>
      <testcase name="test_owner_cannot_publish_own_answer" class="Tests\Feature\Answer\AnswerPublishTest" classname="Tests.Feature.Answer.AnswerPublishTest" file="/Applications/XAMPP/xamppfiles/htdocs/faq/tests/Feature/Answer/AnswerPublishTest.php" line="96" assertions="3" time="0.064967"/>
      <testcase name="test_level_two_or_below_cannot_publish_any_answer" class="Tests\Feature\Answer\AnswerPublishTest" classname="Tests.Feature.Answer.AnswerPublishTest" file="/Applications/XAMPP/xamppfiles/htdocs/faq/tests/Feature/Answer/AnswerPublishTest.php" line="109" assertions="1" time="0.042343"/>
      <testcase name="test_cannot_publish_already_published_answer" class="Tests\Feature\Answer\AnswerPublishTest" classname="Tests.Feature.Answer.AnswerPublishTest" file="/Applications/XAMPP/xamppfiles/htdocs/faq/tests/Feature/Answer/AnswerPublishTest.php" line="120" assertions="1" time="0.042529"/>
      <testcase name="test_publish_returns_404_for_missing_answer" class="Tests\Feature\Answer\AnswerPublishTest" classname="Tests.Feature.Answer.AnswerPublishTest" file="/Applications/XAMPP/xamppfiles/htdocs/faq/tests/Feature/Answer/AnswerPublishTest.php" line="153" assertions="1" time="0.034970"/>
    </testsuite>
    <testsuite name="Tests\Feature\Answer\AnswerSecurityTest" file="/Applications/XAMPP/xamppfiles/htdocs/faq/tests/Feature/Answer/AnswerSecurityTest.php" tests="9" assertions="36" errors="0" failures="0" skipped="0" time="0.581853">
      <testcase name="test_mass_assignment_cannot_override_user_id_or_published_on_store" class="Tests\Feature\Answer\AnswerSecurityTest" classname="Tests.Feature.Answer.AnswerSecurityTest" file="/Applications/XAMPP/xamppfiles/htdocs/faq/tests/Feature/Answer/AnswerSecurityTest.php" line="17" assertions="5" time="0.152717"/>
      <testcase name="test_nested_user_resource_hides_email_and_mobile_from_other_users" class="Tests\Feature\Answer\AnswerSecurityTest" classname="Tests.Feature.Answer.AnswerSecurityTest" file="/Applications/XAMPP/xamppfiles/htdocs/faq/tests/Feature/Answer/AnswerSecurityTest.php" line="38" assertions="5" time="0.050440"/>
      <testcase name="test_author_seeing_own_answer_receives_email_in_user_resource" class="Tests\Feature\Answer\AnswerSecurityTest" classname="Tests.Feature.Answer.AnswerSecurityTest" file="/Applications/XAMPP/xamppfiles/htdocs/faq/tests/Feature/Answer/AnswerSecurityTest.php" line="60" assertions="2" time="0.057728"/>
      <testcase name="test_sql_injection_in_sort_param_does_not_break_index" class="Tests\Feature\Answer\AnswerSecurityTest" classname="Tests.Feature.Answer.AnswerSecurityTest" file="/Applications/XAMPP/xamppfiles/htdocs/faq/tests/Feature/Answer/AnswerSecurityTest.php" line="73" assertions="2" time="0.065833"/>
      <testcase name="test_xss_payload_is_stripped_on_update_but_not_on_store" class="Tests\Feature\Answer\AnswerSecurityTest" classname="Tests.Feature.Answer.AnswerSecurityTest" file="/Applications/XAMPP/xamppfiles/htdocs/faq/tests/Feature/Answer/AnswerSecurityTest.php" line="84" assertions="5" time="0.058459"/>
      <testcase name="test_can_permissions_in_resource_reflect_policy_for_authenticated_user" class="Tests\Feature\Answer\AnswerSecurityTest" classname="Tests.Feature.Answer.AnswerSecurityTest" file="/Applications/XAMPP/xamppfiles/htdocs/faq/tests/Feature/Answer/AnswerSecurityTest.php" line="106" assertions="10" time="0.057485"/>
      <testcase name="test_idor_cannot_publish_victims_answer_without_level_privilege" class="Tests\Feature\Answer\AnswerSecurityTest" classname="Tests.Feature.Answer.AnswerSecurityTest" file="/Applications/XAMPP/xamppfiles/htdocs/faq/tests/Feature/Answer/AnswerSecurityTest.php" line="132" assertions="2" time="0.048598"/>
      <testcase name="test_idor_cannot_toggle_correctness_on_higher_level_users_answer" class="Tests\Feature\Answer\AnswerSecurityTest" classname="Tests.Feature.Answer.AnswerSecurityTest" file="/Applications/XAMPP/xamppfiles/htdocs/faq/tests/Feature/Answer/AnswerSecurityTest.php" line="144" assertions="2" time="0.045517"/>
      <testcase name="test_admin_flag_does_not_bypass_update_or_delete_policy" class="Tests\Feature\Answer\AnswerSecurityTest" classname="Tests.Feature.Answer.AnswerSecurityTest" file="/Applications/XAMPP/xamppfiles/htdocs/faq/tests/Feature/Answer/AnswerSecurityTest.php" line="159" assertions="3" time="0.045076"/>
    </testsuite>
    <testsuite name="Tests\Feature\Answer\AnswerStoreTest" file="/Applications/XAMPP/xamppfiles/htdocs/faq/tests/Feature/Answer/AnswerStoreTest.php" tests="13" assertions="51" errors="0" failures="0" skipped="0" time="5.121729">
      <testsuite name="Tests\Feature\Answer\AnswerStoreTest::test_store_validation_rejects_invalid_payloads" tests="5" assertions="20" errors="0" failures="0" skipped="0" time="2.381961">
        <testcase name="test_store_validation_rejects_invalid_payloads with data set &quot;missing content&quot;" class="Tests\Feature\Answer\AnswerStoreTest" classname="Tests.Feature.Answer.AnswerStoreTest" file="/Applications/XAMPP/xamppfiles/htdocs/faq/tests/Feature/Answer/AnswerStoreTest.php" line="87" assertions="4" time="0.042305"/>
        <testcase name="test_store_validation_rejects_invalid_payloads with data set &quot;null content&quot;" class="Tests\Feature\Answer\AnswerStoreTest" classname="Tests.Feature.Answer.AnswerStoreTest" file="/Applications/XAMPP/xamppfiles/htdocs/faq/tests/Feature/Answer/AnswerStoreTest.php" line="87" assertions="4" time="0.044964"/>
        <testcase name="test_store_validation_rejects_invalid_payloads with data set &quot;empty content&quot;" class="Tests\Feature\Answer\AnswerStoreTest" classname="Tests.Feature.Answer.AnswerStoreTest" file="/Applications/XAMPP/xamppfiles/htdocs/faq/tests/Feature/Answer/AnswerStoreTest.php" line="87" assertions="4" time="0.044156"/>
        <testcase name="test_store_validation_rejects_invalid_payloads with data set &quot;non-string content&quot;" class="Tests\Feature\Answer\AnswerStoreTest" classname="Tests.Feature.Answer.AnswerStoreTest" file="/Applications/XAMPP/xamppfiles/htdocs/faq/tests/Feature/Answer/AnswerStoreTest.php" line="87" assertions="4" time="0.039288"/>
        <testcase name="test_store_validation_rejects_invalid_payloads with data set &quot;content exceeding max length&quot;" class="Tests\Feature\Answer\AnswerStoreTest" classname="Tests.Feature.Answer.AnswerStoreTest" file="/Applications/XAMPP/xamppfiles/htdocs/faq/tests/Feature/Answer/AnswerStoreTest.php" line="87" assertions="4" time="2.211248"/>
      </testsuite>
      <testcase name="test_guest_cannot_create_answer" class="Tests\Feature\Answer\AnswerStoreTest" classname="Tests.Feature.Answer.AnswerStoreTest" file="/Applications/XAMPP/xamppfiles/htdocs/faq/tests/Feature/Answer/AnswerStoreTest.php" line="19" assertions="2" time="0.082294"/>
      <testcase name="test_authenticated_user_can_create_unpublished_answer" class="Tests\Feature\Answer\AnswerStoreTest" classname="Tests.Feature.Answer.AnswerStoreTest" file="/Applications/XAMPP/xamppfiles/htdocs/faq/tests/Feature/Answer/AnswerStoreTest.php" line="29" assertions="9" time="0.098642"/>
      <testcase name="test_store_does_not_award_score_on_create" class="Tests\Feature\Answer\AnswerStoreTest" classname="Tests.Feature.Answer.AnswerStoreTest" file="/Applications/XAMPP/xamppfiles/htdocs/faq/tests/Feature/Answer/AnswerStoreTest.php" line="66" assertions="3" time="0.044795"/>
      <testcase name="test_store_returns_404_for_missing_question" class="Tests\Feature\Answer\AnswerStoreTest" classname="Tests.Feature.Answer.AnswerStoreTest" file="/Applications/XAMPP/xamppfiles/htdocs/faq/tests/Feature/Answer/AnswerStoreTest.php" line="78" assertions="1" time="0.038754"/>
      <testcase name="test_store_accepts_content_at_max_length_boundary" class="Tests\Feature\Answer\AnswerStoreTest" classname="Tests.Feature.Answer.AnswerStoreTest" file="/Applications/XAMPP/xamppfiles/htdocs/faq/tests/Feature/Answer/AnswerStoreTest.php" line="125" assertions="3" time="2.306528"/>
      <testcase name="test_store_ignores_mass_assignment_of_privileged_fields" class="Tests\Feature\Answer\AnswerStoreTest" classname="Tests.Feature.Answer.AnswerStoreTest" file="/Applications/XAMPP/xamppfiles/htdocs/faq/tests/Feature/Answer/AnswerStoreTest.php" line="141" assertions="7" time="0.058962"/>
      <testcase name="test_store_persists_script_tags_because_controller_skips_validated" class="Tests\Feature\Answer\AnswerStoreTest" classname="Tests.Feature.Answer.AnswerStoreTest" file="/Applications/XAMPP/xamppfiles/htdocs/faq/tests/Feature/Answer/AnswerStoreTest.php" line="167" assertions="2" time="0.051569"/>
      <testcase name="test_multiple_users_can_answer_same_question" class="Tests\Feature\Answer\AnswerStoreTest" classname="Tests.Feature.Answer.AnswerStoreTest" file="/Applications/XAMPP/xamppfiles/htdocs/faq/tests/Feature/Answer/AnswerStoreTest.php" line="182" assertions="4" time="0.058223"/>
    </testsuite>
    <testsuite name="Tests\Feature\Answer\AnswerToggleCorrectnessTest" file="/Applications/XAMPP/xamppfiles/htdocs/faq/tests/Feature/Answer/AnswerToggleCorrectnessTest.php" tests="17" assertions="55" errors="0" failures="0" skipped="0" time="1.13443">
      <testsuite name="Tests\Feature\Answer\AnswerToggleCorrectnessTest::test_mark_as_correct_allowed_for_qualifying_levels" tests="3" assertions="6" errors="0" failures="0" skipped="0" time="0.172658">
        <testcase name="test_mark_as_correct_allowed_for_qualifying_levels with data set &quot;level 4&quot;" class="Tests\Feature\Answer\AnswerToggleCorrectnessTest" classname="Tests.Feature.Answer.AnswerToggleCorrectnessTest" file="/Applications/XAMPP/xamppfiles/htdocs/faq/tests/Feature/Answer/AnswerToggleCorrectnessTest.php" line="319" assertions="2" time="0.047385"/>
        <testcase name="test_mark_as_correct_allowed_for_qualifying_levels with data set &quot;level 5&quot;" class="Tests\Feature\Answer\AnswerToggleCorrectnessTest" classname="Tests.Feature.Answer.AnswerToggleCorrectnessTest" file="/Applications/XAMPP/xamppfiles/htdocs/faq/tests/Feature/Answer/AnswerToggleCorrectnessTest.php" line="319" assertions="2" time="0.060689"/>
        <testcase name="test_mark_as_correct_allowed_for_qualifying_levels with data set &quot;level 6&quot;" class="Tests\Feature\Answer\AnswerToggleCorrectnessTest" classname="Tests.Feature.Answer.AnswerToggleCorrectnessTest" file="/Applications/XAMPP/xamppfiles/htdocs/faq/tests/Feature/Answer/AnswerToggleCorrectnessTest.php" line="319" assertions="2" time="0.064583"/>
      </testsuite>
      <testcase name="test_level_four_user_can_mark_answer_as_correct_and_awards_scores" class="Tests\Feature\Answer\AnswerToggleCorrectnessTest" classname="Tests.Feature.Answer.AnswerToggleCorrectnessTest" file="/Applications/XAMPP/xamppfiles/htdocs/faq/tests/Feature/Answer/AnswerToggleCorrectnessTest.php" line="19" assertions="9" time="0.069489"/>
      <testcase name="test_level_five_user_can_mark_correct_answer_as_normal_when_not_original_marker" class="Tests\Feature\Answer\AnswerToggleCorrectnessTest" classname="Tests.Feature.Answer.AnswerToggleCorrectnessTest" file="/Applications/XAMPP/xamppfiles/htdocs/faq/tests/Feature/Answer/AnswerToggleCorrectnessTest.php" line="53" assertions="8" time="0.053629"/>
      <testcase name="test_guest_cannot_toggle_correctness" class="Tests\Feature\Answer\AnswerToggleCorrectnessTest" classname="Tests.Feature.Answer.AnswerToggleCorrectnessTest" file="/Applications/XAMPP/xamppfiles/htdocs/faq/tests/Feature/Answer/AnswerToggleCorrectnessTest.php" line="86" assertions="1" time="0.041693"/>
      <testcase name="test_user_cannot_toggle_correctness_on_own_answer" class="Tests\Feature\Answer\AnswerToggleCorrectnessTest" classname="Tests.Feature.Answer.AnswerToggleCorrectnessTest" file="/Applications/XAMPP/xamppfiles/htdocs/faq/tests/Feature/Answer/AnswerToggleCorrectnessTest.php" line="94" assertions="4" time="0.047213"/>
      <testcase name="test_level_below_four_cannot_mark_as_correct" class="Tests\Feature\Answer\AnswerToggleCorrectnessTest" classname="Tests.Feature.Answer.AnswerToggleCorrectnessTest" file="/Applications/XAMPP/xamppfiles/htdocs/faq/tests/Feature/Answer/AnswerToggleCorrectnessTest.php" line="112" assertions="2" time="0.044939"/>
      <testcase name="test_level_four_cannot_mark_as_normal" class="Tests\Feature\Answer\AnswerToggleCorrectnessTest" classname="Tests.Feature.Answer.AnswerToggleCorrectnessTest" file="/Applications/XAMPP/xamppfiles/htdocs/faq/tests/Feature/Answer/AnswerToggleCorrectnessTest.php" line="128" assertions="2" time="0.043969"/>
      <testcase name="test_cannot_act_on_same_or_higher_level_author" class="Tests\Feature\Answer\AnswerToggleCorrectnessTest" classname="Tests.Feature.Answer.AnswerToggleCorrectnessTest" file="/Applications/XAMPP/xamppfiles/htdocs/faq/tests/Feature/Answer/AnswerToggleCorrectnessTest.php" line="144" assertions="2" time="0.064237"/>
      <testcase name="test_original_correct_marker_cannot_unmark_same_answer" class="Tests\Feature\Answer\AnswerToggleCorrectnessTest" classname="Tests.Feature.Answer.AnswerToggleCorrectnessTest" file="/Applications/XAMPP/xamppfiles/htdocs/faq/tests/Feature/Answer/AnswerToggleCorrectnessTest.php" line="163" assertions="5" time="0.063038"/>
      <testcase name="test_correct_mark_quota_equals_user_level" class="Tests\Feature\Answer\AnswerToggleCorrectnessTest" classname="Tests.Feature.Answer.AnswerToggleCorrectnessTest" file="/Applications/XAMPP/xamppfiles/htdocs/faq/tests/Feature/Answer/AnswerToggleCorrectnessTest.php" line="186" assertions="2" time="0.083934"/>
      <testcase name="test_normal_mark_quota_equals_user_level" class="Tests\Feature\Answer\AnswerToggleCorrectnessTest" classname="Tests.Feature.Answer.AnswerToggleCorrectnessTest" file="/Applications/XAMPP/xamppfiles/htdocs/faq/tests/Feature/Answer/AnswerToggleCorrectnessTest.php" line="211" assertions="2" time="0.094739"/>
      <testcase name="test_marking_correct_solves_question" class="Tests\Feature\Answer\AnswerToggleCorrectnessTest" classname="Tests.Feature.Answer.AnswerToggleCorrectnessTest" file="/Applications/XAMPP/xamppfiles/htdocs/faq/tests/Feature/Answer/AnswerToggleCorrectnessTest.php" line="238" assertions="3" time="0.069907"/>
      <testcase name="test_unmarking_last_correct_answer_unsolves_question" class="Tests\Feature\Answer\AnswerToggleCorrectnessTest" classname="Tests.Feature.Answer.AnswerToggleCorrectnessTest" file="/Applications/XAMPP/xamppfiles/htdocs/faq/tests/Feature/Answer/AnswerToggleCorrectnessTest.php" line="256" assertions="3" time="0.070003"/>
      <testcase name="test_toggle_returns_404_for_missing_answer" class="Tests\Feature\Answer\AnswerToggleCorrectnessTest" classname="Tests.Feature.Answer.AnswerToggleCorrectnessTest" file="/Applications/XAMPP/xamppfiles/htdocs/faq/tests/Feature/Answer/AnswerToggleCorrectnessTest.php" line="280" assertions="1" time="0.045657"/>
      <testcase name="test_same_user_cannot_create_duplicate_mark_row_via_re_toggle_after_external_unmark" class="Tests\Feature\Answer\AnswerToggleCorrectnessTest" classname="Tests.Feature.Answer.AnswerToggleCorrectnessTest" file="/Applications/XAMPP/xamppfiles/htdocs/faq/tests/Feature/Answer/AnswerToggleCorrectnessTest.php" line="287" assertions="5" time="0.169325"/>
    </testsuite>
    <testsuite name="Tests\Feature\Answer\AnswerUpdateTest" file="/Applications/XAMPP/xamppfiles/htdocs/faq/tests/Feature/Answer/AnswerUpdateTest.php" tests="13" assertions="36" errors="0" failures="0" skipped="0" time="2.870684">
      <testsuite name="Tests\Feature\Answer\AnswerUpdateTest::test_update_validation_rejects_invalid_payloads" tests="5" assertions="15" errors="0" failures="0" skipped="0" time="2.406661">
        <testcase name="test_update_validation_rejects_invalid_payloads with data set &quot;missing content&quot;" class="Tests\Feature\Answer\AnswerUpdateTest" classname="Tests.Feature.Answer.AnswerUpdateTest" file="/Applications/XAMPP/xamppfiles/htdocs/faq/tests/Feature/Answer/AnswerUpdateTest.php" line="100" assertions="3" time="0.058484"/>
        <testcase name="test_update_validation_rejects_invalid_payloads with data set &quot;null content&quot;" class="Tests\Feature\Answer\AnswerUpdateTest" classname="Tests.Feature.Answer.AnswerUpdateTest" file="/Applications/XAMPP/xamppfiles/htdocs/faq/tests/Feature/Answer/AnswerUpdateTest.php" line="100" assertions="3" time="0.043418"/>
        <testcase name="test_update_validation_rejects_invalid_payloads with data set &quot;empty content&quot;" class="Tests\Feature\Answer\AnswerUpdateTest" classname="Tests.Feature.Answer.AnswerUpdateTest" file="/Applications/XAMPP/xamppfiles/htdocs/faq/tests/Feature/Answer/AnswerUpdateTest.php" line="100" assertions="3" time="0.042426"/>
        <testcase name="test_update_validation_rejects_invalid_payloads with data set &quot;non-string content&quot;" class="Tests\Feature\Answer\AnswerUpdateTest" classname="Tests.Feature.Answer.AnswerUpdateTest" file="/Applications/XAMPP/xamppfiles/htdocs/faq/tests/Feature/Answer/AnswerUpdateTest.php" line="100" assertions="3" time="0.044486"/>
        <testcase name="test_update_validation_rejects_invalid_payloads with data set &quot;content exceeding max length&quot;" class="Tests\Feature\Answer\AnswerUpdateTest" classname="Tests.Feature.Answer.AnswerUpdateTest" file="/Applications/XAMPP/xamppfiles/htdocs/faq/tests/Feature/Answer/AnswerUpdateTest.php" line="100" assertions="3" time="2.217848"/>
      </testsuite>
      <testcase name="test_owner_can_update_unpublished_answer" class="Tests\Feature\Answer\AnswerUpdateTest" classname="Tests.Feature.Answer.AnswerUpdateTest" file="/Applications/XAMPP/xamppfiles/htdocs/faq/tests/Feature/Answer/AnswerUpdateTest.php" line="17" assertions="4" time="0.126934"/>
      <testcase name="test_guest_cannot_update_answer" class="Tests\Feature\Answer\AnswerUpdateTest" classname="Tests.Feature.Answer.AnswerUpdateTest" file="/Applications/XAMPP/xamppfiles/htdocs/faq/tests/Feature/Answer/AnswerUpdateTest.php" line="42" assertions="1" time="0.043909"/>
      <testcase name="test_non_owner_cannot_update_unpublished_answer" class="Tests\Feature\Answer\AnswerUpdateTest" classname="Tests.Feature.Answer.AnswerUpdateTest" file="/Applications/XAMPP/xamppfiles/htdocs/faq/tests/Feature/Answer/AnswerUpdateTest.php" line="50" assertions="2" time="0.042141"/>
      <testcase name="test_owner_cannot_update_published_answer" class="Tests\Feature\Answer\AnswerUpdateTest" classname="Tests.Feature.Answer.AnswerUpdateTest" file="/Applications/XAMPP/xamppfiles/htdocs/faq/tests/Feature/Answer/AnswerUpdateTest.php" line="71" assertions="2" time="0.042776"/>
      <testcase name="test_update_returns_404_for_missing_answer" class="Tests\Feature\Answer\AnswerUpdateTest" classname="Tests.Feature.Answer.AnswerUpdateTest" file="/Applications/XAMPP/xamppfiles/htdocs/faq/tests/Feature/Answer/AnswerUpdateTest.php" line="91" assertions="1" time="0.035220"/>
      <testcase name="test_update_sanitizes_html_via_validated" class="Tests\Feature\Answer\AnswerUpdateTest" classname="Tests.Feature.Answer.AnswerUpdateTest" file="/Applications/XAMPP/xamppfiles/htdocs/faq/tests/Feature/Answer/AnswerUpdateTest.php" line="137" assertions="3" time="0.043580"/>
      <testcase name="test_update_ignores_mass_assignment_of_privileged_fields" class="Tests\Feature\Answer\AnswerUpdateTest" classname="Tests.Feature.Answer.AnswerUpdateTest" file="/Applications/XAMPP/xamppfiles/htdocs/faq/tests/Feature/Answer/AnswerUpdateTest.php" line="152" assertions="6" time="0.062360"/>
      <testcase name="test_idor_attacker_cannot_update_another_users_draft_by_id" class="Tests\Feature\Answer\AnswerUpdateTest" classname="Tests.Feature.Answer.AnswerUpdateTest" file="/Applications/XAMPP/xamppfiles/htdocs/faq/tests/Feature/Answer/AnswerUpdateTest.php" line="176" assertions="2" time="0.067103"/>
    </testsuite>
    <testsuite name="Tests\Feature\Answer\AnswerVoteTest" file="/Applications/XAMPP/xamppfiles/htdocs/faq/tests/Feature/Answer/AnswerVoteTest.php" tests="12" assertions="40" errors="0" failures="0" skipped="0" time="0.666304">
      <testsuite name="Tests\Feature\Answer\AnswerVoteTest::test_vote_validation" tests="5" assertions="15" errors="0" failures="0" skipped="0" time="0.232788">
        <testcase name="test_vote_validation with data set &quot;missing type&quot;" class="Tests\Feature\Answer\AnswerVoteTest" classname="Tests.Feature.Answer.AnswerVoteTest" file="/Applications/XAMPP/xamppfiles/htdocs/faq/tests/Feature/Answer/AnswerVoteTest.php" line="116" assertions="3" time="0.045583"/>
        <testcase name="test_vote_validation with data set &quot;invalid type&quot;" class="Tests\Feature\Answer\AnswerVoteTest" classname="Tests.Feature.Answer.AnswerVoteTest" file="/Applications/XAMPP/xamppfiles/htdocs/faq/tests/Feature/Answer/AnswerVoteTest.php" line="116" assertions="3" time="0.045000"/>
        <testcase name="test_vote_validation with data set &quot;null type&quot;" class="Tests\Feature\Answer\AnswerVoteTest" classname="Tests.Feature.Answer.AnswerVoteTest" file="/Applications/XAMPP/xamppfiles/htdocs/faq/tests/Feature/Answer/AnswerVoteTest.php" line="116" assertions="3" time="0.048709"/>
        <testcase name="test_vote_validation with data set &quot;empty type&quot;" class="Tests\Feature\Answer\AnswerVoteTest" classname="Tests.Feature.Answer.AnswerVoteTest" file="/Applications/XAMPP/xamppfiles/htdocs/faq/tests/Feature/Answer/AnswerVoteTest.php" line="116" assertions="3" time="0.046340"/>
        <testcase name="test_vote_validation with data set &quot;numeric type&quot;" class="Tests\Feature\Answer\AnswerVoteTest" classname="Tests.Feature.Answer.AnswerVoteTest" file="/Applications/XAMPP/xamppfiles/htdocs/faq/tests/Feature/Answer/AnswerVoteTest.php" line="116" assertions="3" time="0.047156"/>
      </testsuite>
      <testcase name="test_authenticated_user_can_upvote_and_owner_gains_ten_score" class="Tests\Feature\Answer\AnswerVoteTest" classname="Tests.Feature.Answer.AnswerVoteTest" file="/Applications/XAMPP/xamppfiles/htdocs/faq/tests/Feature/Answer/AnswerVoteTest.php" line="18" assertions="5" time="0.125082"/>
      <testcase name="test_authenticated_user_can_downvote_and_owner_loses_two_score" class="Tests\Feature\Answer\AnswerVoteTest" classname="Tests.Feature.Answer.AnswerVoteTest" file="/Applications/XAMPP/xamppfiles/htdocs/faq/tests/Feature/Answer/AnswerVoteTest.php" line="50" assertions="3" time="0.049099"/>
      <testcase name="test_user_cannot_vote_twice_or_change_vote_type" class="Tests\Feature\Answer\AnswerVoteTest" classname="Tests.Feature.Answer.AnswerVoteTest" file="/Applications/XAMPP/xamppfiles/htdocs/faq/tests/Feature/Answer/AnswerVoteTest.php" line="69" assertions="8" time="0.056858"/>
      <testcase name="test_guest_cannot_vote" class="Tests\Feature\Answer\AnswerVoteTest" classname="Tests.Feature.Answer.AnswerVoteTest" file="/Applications/XAMPP/xamppfiles/htdocs/faq/tests/Feature/Answer/AnswerVoteTest.php" line="92" assertions="1" time="0.046119"/>
      <testcase name="test_user_can_vote_on_own_answer" class="Tests\Feature\Answer\AnswerVoteTest" classname="Tests.Feature.Answer.AnswerVoteTest" file="/Applications/XAMPP/xamppfiles/htdocs/faq/tests/Feature/Answer/AnswerVoteTest.php" line="100" assertions="3" time="0.046183"/>
      <testcase name="test_vote_returns_404_for_missing_answer" class="Tests\Feature\Answer\AnswerVoteTest" classname="Tests.Feature.Answer.AnswerVoteTest" file="/Applications/XAMPP/xamppfiles/htdocs/faq/tests/Feature/Answer/AnswerVoteTest.php" line="137" assertions="1" time="0.038643"/>
      <testcase name="test_different_users_can_vote_on_same_answer" class="Tests\Feature\Answer\AnswerVoteTest" classname="Tests.Feature.Answer.AnswerVoteTest" file="/Applications/XAMPP/xamppfiles/htdocs/faq/tests/Feature/Answer/AnswerVoteTest.php" line="145" assertions="4" time="0.071531"/>
    </testsuite>
    <testsuite name="Tests\Feature\Auth\AuthCallbackTest" file="/Applications/XAMPP/xamppfiles/htdocs/faq/tests/Feature/Auth/AuthCallbackTest.php" tests="19" assertions="64" errors="0" failures="0" skipped="0" time="0.873625">
      <testsuite name="Tests\Feature\Auth\AuthCallbackTest::test_callback_handles_http_client_failures" tests="2" assertions="2" errors="0" failures="0" skipped="0" time="0.059268">
        <testcase name="test_callback_handles_http_client_failures with data set &quot;token endpoint failure&quot;" class="Tests\Feature\Auth\AuthCallbackTest" classname="Tests.Feature.Auth.AuthCallbackTest" file="/Applications/XAMPP/xamppfiles/htdocs/faq/tests/Feature/Auth/AuthCallbackTest.php" line="365" assertions="1" time="0.032784"/>
        <testcase name="test_callback_handles_http_client_failures with data set &quot;user endpoint failure&quot;" class="Tests\Feature\Auth\AuthCallbackTest" classname="Tests.Feature.Auth.AuthCallbackTest" file="/Applications/XAMPP/xamppfiles/htdocs/faq/tests/Feature/Auth/AuthCallbackTest.php" line="365" assertions="1" time="0.026484"/>
      </testsuite>
      <testcase name="test_callback_creates_new_user_issues_token_and_redirects_with_fragment" class="Tests\Feature\Auth\AuthCallbackTest" classname="Tests.Feature.Auth.AuthCallbackTest" file="/Applications/XAMPP/xamppfiles/htdocs/faq/tests/Feature/Auth/AuthCallbackTest.php" line="31" assertions="15" time="0.092771"/>
      <testcase name="test_callback_updates_existing_user_by_email" class="Tests\Feature\Auth\AuthCallbackTest" classname="Tests.Feature.Auth.AuthCallbackTest" file="/Applications/XAMPP/xamppfiles/htdocs/faq/tests/Feature/Auth/AuthCallbackTest.php" line="65" assertions="5" time="0.039842"/>
      <testcase name="test_callback_generates_username_when_missing" class="Tests\Feature\Auth\AuthCallbackTest" classname="Tests.Feature.Auth.AuthCallbackTest" file="/Applications/XAMPP/xamppfiles/htdocs/faq/tests/Feature/Auth/AuthCallbackTest.php" line="93" assertions="3" time="0.047442"/>
      <testcase name="test_callback_preserves_existing_username" class="Tests\Feature\Auth\AuthCallbackTest" classname="Tests.Feature.Auth.AuthCallbackTest" file="/Applications/XAMPP/xamppfiles/htdocs/faq/tests/Feature/Auth/AuthCallbackTest.php" line="114" assertions="2" time="0.046178"/>
      <testcase name="test_callback_increments_score_when_email_verified_at_changes" class="Tests\Feature\Auth\AuthCallbackTest" classname="Tests.Feature.Auth.AuthCallbackTest" file="/Applications/XAMPP/xamppfiles/htdocs/faq/tests/Feature/Auth/AuthCallbackTest.php" line="134" assertions="3" time="0.037438"/>
      <testcase name="test_callback_does_not_increment_score_when_email_verified_at_unchanged" class="Tests\Feature\Auth\AuthCallbackTest" classname="Tests.Feature.Auth.AuthCallbackTest" file="/Applications/XAMPP/xamppfiles/htdocs/faq/tests/Feature/Auth/AuthCallbackTest.php" line="154" assertions="4" time="0.060664"/>
      <testcase name="test_login_notification_is_sent_when_enabled" class="Tests\Feature\Auth\AuthCallbackTest" classname="Tests.Feature.Auth.AuthCallbackTest" file="/Applications/XAMPP/xamppfiles/htdocs/faq/tests/Feature/Auth/AuthCallbackTest.php" line="186" assertions="2" time="0.049661"/>
      <testcase name="test_login_notification_is_not_sent_when_disabled" class="Tests\Feature\Auth\AuthCallbackTest" classname="Tests.Feature.Auth.AuthCallbackTest" file="/Applications/XAMPP/xamppfiles/htdocs/faq/tests/Feature/Auth/AuthCallbackTest.php" line="207" assertions="2" time="0.061672"/>
      <testcase name="test_fetch_user_level_job_is_dispatched" class="Tests\Feature\Auth\AuthCallbackTest" classname="Tests.Feature.Auth.AuthCallbackTest" file="/Applications/XAMPP/xamppfiles/htdocs/faq/tests/Feature/Auth/AuthCallbackTest.php" line="226" assertions="2" time="0.063432"/>
      <testcase name="test_callback_uses_intended_url_from_session_when_safe" class="Tests\Feature\Auth\AuthCallbackTest" classname="Tests.Feature.Auth.AuthCallbackTest" file="/Applications/XAMPP/xamppfiles/htdocs/faq/tests/Feature/Auth/AuthCallbackTest.php" line="236" assertions="4" time="0.048304"/>
      <testcase name="test_callback_falls_back_to_app_url_for_dangerous_intended_url" class="Tests\Feature\Auth\AuthCallbackTest" classname="Tests.Feature.Auth.AuthCallbackTest" file="/Applications/XAMPP/xamppfiles/htdocs/faq/tests/Feature/Auth/AuthCallbackTest.php" line="257" assertions="2" time="0.035422"/>
      <testcase name="test_callback_rejects_mismatched_oauth_state" class="Tests\Feature\Auth\AuthCallbackTest" classname="Tests.Feature.Auth.AuthCallbackTest" file="/Applications/XAMPP/xamppfiles/htdocs/faq/tests/Feature/Auth/AuthCallbackTest.php" line="273" assertions="1" time="0.033702"/>
      <testcase name="test_callback_rejects_missing_oauth_state" class="Tests\Feature\Auth\AuthCallbackTest" classname="Tests.Feature.Auth.AuthCallbackTest" file="/Applications/XAMPP/xamppfiles/htdocs/faq/tests/Feature/Auth/AuthCallbackTest.php" line="288" assertions="1" time="0.027951"/>
      <testcase name="test_oauth_state_is_single_use_and_pulled_from_cache" class="Tests\Feature\Auth\AuthCallbackTest" classname="Tests.Feature.Auth.AuthCallbackTest" file="/Applications/XAMPP/xamppfiles/htdocs/faq/tests/Feature/Auth/AuthCallbackTest.php" line="301" assertions="2" time="0.036704"/>
      <testcase name="test_sanctum_token_is_created_with_one_hour_expiry" class="Tests\Feature\Auth\AuthCallbackTest" classname="Tests.Feature.Auth.AuthCallbackTest" file="/Applications/XAMPP/xamppfiles/htdocs/faq/tests/Feature/Auth/AuthCallbackTest.php" line="310" assertions="5" time="0.053782"/>
      <testcase name="test_token_appears_only_in_url_fragment_not_query_string" class="Tests\Feature\Auth\AuthCallbackTest" classname="Tests.Feature.Auth.AuthCallbackTest" file="/Applications/XAMPP/xamppfiles/htdocs/faq/tests/Feature/Auth/AuthCallbackTest.php" line="330" assertions="5" time="0.038060"/>
      <testcase name="test_mass_assignment_does_not_set_role_or_score_from_oauth_payload" class="Tests\Feature\Auth\AuthCallbackTest" classname="Tests.Feature.Auth.AuthCallbackTest" file="/Applications/XAMPP/xamppfiles/htdocs/faq/tests/Feature/Auth/AuthCallbackTest.php" line="345" assertions="4" time="0.041332"/>
    </testsuite>
    <testsuite name="Tests\Feature\Auth\AuthLogoutTest" file="/Applications/XAMPP/xamppfiles/htdocs/faq/tests/Feature/Auth/AuthLogoutTest.php" tests="5" assertions="15" errors="0" failures="0" skipped="0" time="0.254991">
      <testcase name="test_authenticated_user_can_logout_and_tokens_are_revoked" class="Tests\Feature\Auth\AuthLogoutTest" classname="Tests.Feature.Auth.AuthLogoutTest" file="/Applications/XAMPP/xamppfiles/htdocs/faq/tests/Feature/Auth/AuthLogoutTest.php" line="14" assertions="5" time="0.099801"/>
      <testcase name="test_logout_invalidates_session" class="Tests\Feature\Auth\AuthLogoutTest" classname="Tests.Feature.Auth.AuthLogoutTest" file="/Applications/XAMPP/xamppfiles/htdocs/faq/tests/Feature/Auth/AuthLogoutTest.php" line="33" assertions="2" time="0.042112"/>
      <testcase name="test_guest_cannot_logout" class="Tests\Feature\Auth\AuthLogoutTest" classname="Tests.Feature.Auth.AuthLogoutTest" file="/Applications/XAMPP/xamppfiles/htdocs/faq/tests/Feature/Auth/AuthLogoutTest.php" line="47" assertions="1" time="0.032991"/>
      <testcase name="test_revoked_token_cannot_access_protected_routes_after_logout" class="Tests\Feature\Auth\AuthLogoutTest" classname="Tests.Feature.Auth.AuthLogoutTest" file="/Applications/XAMPP/xamppfiles/htdocs/faq/tests/Feature/Auth/AuthLogoutTest.php" line="52" assertions="4" time="0.040876"/>
      <testcase name="test_logout_only_affects_current_users_tokens_not_other_users" class="Tests\Feature\Auth\AuthLogoutTest" classname="Tests.Feature.Auth.AuthLogoutTest" file="/Applications/XAMPP/xamppfiles/htdocs/faq/tests/Feature/Auth/AuthLogoutTest.php" line="74" assertions="3" time="0.039211"/>
    </testsuite>
    <testsuite name="Tests\Feature\Auth\AuthMeTest" file="/Applications/XAMPP/xamppfiles/htdocs/faq/tests/Feature/Auth/AuthMeTest.php" tests="5" assertions="13" errors="0" failures="0" skipped="0" time="0.164066">
      <testcase name="test_authenticated_user_receives_expected_me_payload" class="Tests\Feature\Auth\AuthMeTest" classname="Tests.Feature.Auth.AuthMeTest" file="/Applications/XAMPP/xamppfiles/htdocs/faq/tests/Feature/Auth/AuthMeTest.php" line="14" assertions="2" time="0.033976"/>
      <testcase name="test_me_does_not_expose_sensitive_oauth_tokens" class="Tests\Feature\Auth\AuthMeTest" classname="Tests.Feature.Auth.AuthMeTest" file="/Applications/XAMPP/xamppfiles/htdocs/faq/tests/Feature/Auth/AuthMeTest.php" line="43" assertions="7" time="0.031754"/>
      <testcase name="test_guest_cannot_access_me" class="Tests\Feature\Auth\AuthMeTest" classname="Tests.Feature.Auth.AuthMeTest" file="/Applications/XAMPP/xamppfiles/htdocs/faq/tests/Feature/Auth/AuthMeTest.php" line="63" assertions="1" time="0.028144"/>
      <testcase name="test_me_reflects_null_image_url_when_user_has_no_avatar" class="Tests\Feature\Auth\AuthMeTest" classname="Tests.Feature.Auth.AuthMeTest" file="/Applications/XAMPP/xamppfiles/htdocs/faq/tests/Feature/Auth/AuthMeTest.php" line="68" assertions="2" time="0.036142"/>
      <testcase name="test_expired_token_cannot_access_me" class="Tests\Feature\Auth\AuthMeTest" classname="Tests.Feature.Auth.AuthMeTest" file="/Applications/XAMPP/xamppfiles/htdocs/faq/tests/Feature/Auth/AuthMeTest.php" line="79" assertions="1" time="0.034050"/>
    </testsuite>
    <testsuite name="Tests\Feature\Auth\AuthRedirectTest" file="/Applications/XAMPP/xamppfiles/htdocs/faq/tests/Feature/Auth/AuthRedirectTest.php" tests="18" assertions="57" errors="0" failures="0" skipped="0" time="0.607146">
      <testsuite name="Tests\Feature\Auth\AuthRedirectTest::test_invalid_intended_url_is_rejected_and_not_stored" tests="10" assertions="30" errors="0" failures="0" skipped="0" time="0.346887">
        <testcase name="test_invalid_intended_url_is_rejected_and_not_stored with data set &quot;external domain open redirect&quot;" class="Tests\Feature\Auth\AuthRedirectTest" classname="Tests.Feature.Auth.AuthRedirectTest" file="/Applications/XAMPP/xamppfiles/htdocs/faq/tests/Feature/Auth/AuthRedirectTest.php" line="66" assertions="3" time="0.032771"/>
        <testcase name="test_invalid_intended_url_is_rejected_and_not_stored with data set &quot;auth callback loop path&quot;" class="Tests\Feature\Auth\AuthRedirectTest" classname="Tests.Feature.Auth.AuthRedirectTest" file="/Applications/XAMPP/xamppfiles/htdocs/faq/tests/Feature/Auth/AuthRedirectTest.php" line="66" assertions="3" time="0.063620"/>
        <testcase name="test_invalid_intended_url_is_rejected_and_not_stored with data set &quot;api auth redirect loop path&quot;" class="Tests\Feature\Auth\AuthRedirectTest" classname="Tests.Feature.Auth.AuthRedirectTest" file="/Applications/XAMPP/xamppfiles/htdocs/faq/tests/Feature/Auth/AuthRedirectTest.php" line="66" assertions="3" time="0.030734"/>
        <testcase name="test_invalid_intended_url_is_rejected_and_not_stored with data set &quot;oauth authorize path&quot;" class="Tests\Feature\Auth\AuthRedirectTest" classname="Tests.Feature.Auth.AuthRedirectTest" file="/Applications/XAMPP/xamppfiles/htdocs/faq/tests/Feature/Auth/AuthRedirectTest.php" line="66" assertions="3" time="0.032420"/>
        <testcase name="test_invalid_intended_url_is_rejected_and_not_stored with data set &quot;login path&quot;" class="Tests\Feature\Auth\AuthRedirectTest" classname="Tests.Feature.Auth.AuthRedirectTest" file="/Applications/XAMPP/xamppfiles/htdocs/faq/tests/Feature/Auth/AuthRedirectTest.php" line="66" assertions="3" time="0.030974"/>
        <testcase name="test_invalid_intended_url_is_rejected_and_not_stored with data set &quot;logout path&quot;" class="Tests\Feature\Auth\AuthRedirectTest" classname="Tests.Feature.Auth.AuthRedirectTest" file="/Applications/XAMPP/xamppfiles/htdocs/faq/tests/Feature/Auth/AuthRedirectTest.php" line="66" assertions="3" time="0.028963"/>
        <testcase name="test_invalid_intended_url_is_rejected_and_not_stored with data set &quot;malformed url&quot;" class="Tests\Feature\Auth\AuthRedirectTest" classname="Tests.Feature.Auth.AuthRedirectTest" file="/Applications/XAMPP/xamppfiles/htdocs/faq/tests/Feature/Auth/AuthRedirectTest.php" line="66" assertions="3" time="0.042358"/>
        <testcase name="test_invalid_intended_url_is_rejected_and_not_stored with data set &quot;empty string&quot;" class="Tests\Feature\Auth\AuthRedirectTest" classname="Tests.Feature.Auth.AuthRedirectTest" file="/Applications/XAMPP/xamppfiles/htdocs/faq/tests/Feature/Auth/AuthRedirectTest.php" line="66" assertions="3" time="0.028802"/>
        <testcase name="test_invalid_intended_url_is_rejected_and_not_stored with data set &quot;javascript scheme&quot;" class="Tests\Feature\Auth\AuthRedirectTest" classname="Tests.Feature.Auth.AuthRedirectTest" file="/Applications/XAMPP/xamppfiles/htdocs/faq/tests/Feature/Auth/AuthRedirectTest.php" line="66" assertions="3" time="0.028057"/>
        <testcase name="test_invalid_intended_url_is_rejected_and_not_stored with data set &quot;data uri&quot;" class="Tests\Feature\Auth\AuthRedirectTest" classname="Tests.Feature.Auth.AuthRedirectTest" file="/Applications/XAMPP/xamppfiles/htdocs/faq/tests/Feature/Auth/AuthRedirectTest.php" line="66" assertions="3" time="0.028188"/>
      </testsuite>
      <testcase name="test_guest_receives_oauth_authorize_redirect_url" class="Tests\Feature\Auth\AuthRedirectTest" classname="Tests.Feature.Auth.AuthRedirectTest" file="/Applications/XAMPP/xamppfiles/htdocs/faq/tests/Feature/Auth/AuthRedirectTest.php" line="24" assertions="8" time="0.038440"/>
      <testcase name="test_redirect_stores_oauth_state_in_cache" class="Tests\Feature\Auth\AuthRedirectTest" classname="Tests.Feature.Auth.AuthRedirectTest" file="/Applications/XAMPP/xamppfiles/htdocs/faq/tests/Feature/Auth/AuthRedirectTest.php" line="41" assertions="4" time="0.029471"/>
      <testcase name="test_valid_intended_url_is_stored_in_session" class="Tests\Feature\Auth\AuthRedirectTest" classname="Tests.Feature.Auth.AuthRedirectTest" file="/Applications/XAMPP/xamppfiles/htdocs/faq/tests/Feature/Auth/AuthRedirectTest.php" line="52" assertions="3" time="0.029198"/>
      <testcase name="test_redirect_depth_returns_429_after_three_valid_intended_urls" class="Tests\Feature\Auth\AuthRedirectTest" classname="Tests.Feature.Auth.AuthRedirectTest" file="/Applications/XAMPP/xamppfiles/htdocs/faq/tests/Feature/Auth/AuthRedirectTest.php" line="93" assertions="2" time="0.036389"/>
      <testcase name="test_redirect_depth_below_limit_still_succeeds" class="Tests\Feature\Auth\AuthRedirectTest" classname="Tests.Feature.Auth.AuthRedirectTest" file="/Applications/XAMPP/xamppfiles/htdocs/faq/tests/Feature/Auth/AuthRedirectTest.php" line="105" assertions="2" time="0.032187"/>
      <testcase name="test_authenticated_web_user_is_blocked_by_guest_middleware" class="Tests\Feature\Auth\AuthRedirectTest" classname="Tests.Feature.Auth.AuthRedirectTest" file="/Applications/XAMPP/xamppfiles/htdocs/faq/tests/Feature/Auth/AuthRedirectTest.php" line="115" assertions="2" time="0.034533"/>
      <testcase name="test_sql_injection_payload_with_valid_host_is_still_sanitized_as_same_domain_url" class="Tests\Feature\Auth\AuthRedirectTest" classname="Tests.Feature.Auth.AuthRedirectTest" file="/Applications/XAMPP/xamppfiles/htdocs/faq/tests/Feature/Auth/AuthRedirectTest.php" line="127" assertions="4" time="0.030963"/>
      <testcase name="test_xss_payload_in_intended_url_is_not_stored_when_host_mismatches" class="Tests\Feature\Auth\AuthRedirectTest" classname="Tests.Feature.Auth.AuthRedirectTest" file="/Applications/XAMPP/xamppfiles/htdocs/faq/tests/Feature/Auth/AuthRedirectTest.php" line="141" assertions="2" time="0.029078"/>
    </testsuite>
    <testsuite name="Tests\Feature\Author\AuthorIndexTest" file="/Applications/XAMPP/xamppfiles/htdocs/faq/tests/Feature/Author/AuthorIndexTest.php" tests="24" assertions="145" errors="0" failures="0" skipped="0" time="1.172912">
      <testsuite name="Tests\Feature\Author\AuthorIndexTest::test_index_sorts_by_supported_fields" tests="5" assertions="30" errors="0" failures="0" skipped="0" time="0.27151">
        <testcase name="test_index_sorts_by_supported_fields with data set &quot;score&quot;" class="Tests\Feature\Author\AuthorIndexTest" classname="Tests.Feature.Author.AuthorIndexTest" file="/Applications/XAMPP/xamppfiles/htdocs/faq/tests/Feature/Author/AuthorIndexTest.php" line="208" assertions="6" time="0.050844"/>
        <testcase name="test_index_sorts_by_supported_fields with data set &quot;name&quot;" class="Tests\Feature\Author\AuthorIndexTest" classname="Tests.Feature.Author.AuthorIndexTest" file="/Applications/XAMPP/xamppfiles/htdocs/faq/tests/Feature/Author/AuthorIndexTest.php" line="208" assertions="6" time="0.048018"/>
        <testcase name="test_index_sorts_by_supported_fields with data set &quot;created_at&quot;" class="Tests\Feature\Author\AuthorIndexTest" classname="Tests.Feature.Author.AuthorIndexTest" file="/Applications/XAMPP/xamppfiles/htdocs/faq/tests/Feature/Author/AuthorIndexTest.php" line="208" assertions="6" time="0.043011"/>
        <testcase name="test_index_sorts_by_supported_fields with data set &quot;questions_count&quot;" class="Tests\Feature\Author\AuthorIndexTest" classname="Tests.Feature.Author.AuthorIndexTest" file="/Applications/XAMPP/xamppfiles/htdocs/faq/tests/Feature/Author/AuthorIndexTest.php" line="208" assertions="6" time="0.057030"/>
        <testcase name="test_index_sorts_by_supported_fields with data set &quot;answers_count&quot;" class="Tests\Feature\Author\AuthorIndexTest" classname="Tests.Feature.Author.AuthorIndexTest" file="/Applications/XAMPP/xamppfiles/htdocs/faq/tests/Feature/Author/AuthorIndexTest.php" line="208" assertions="6" time="0.072606"/>
      </testsuite>
      <testsuite name="Tests\Feature\Author\AuthorIndexTest::test_index_searches_by_name_email_and_username" tests="4" assertions="12" errors="0" failures="0" skipped="0" time="0.173475">
        <testcase name="test_index_searches_by_name_email_and_username with data set &quot;partial name&quot;" class="Tests\Feature\Author\AuthorIndexTest" classname="Tests.Feature.Author.AuthorIndexTest" file="/Applications/XAMPP/xamppfiles/htdocs/faq/tests/Feature/Author/AuthorIndexTest.php" line="311" assertions="3" time="0.040114"/>
        <testcase name="test_index_searches_by_name_email_and_username with data set &quot;partial username&quot;" class="Tests\Feature\Author\AuthorIndexTest" classname="Tests.Feature.Author.AuthorIndexTest" file="/Applications/XAMPP/xamppfiles/htdocs/faq/tests/Feature/Author/AuthorIndexTest.php" line="311" assertions="3" time="0.053492"/>
        <testcase name="test_index_searches_by_name_email_and_username with data set &quot;partial email&quot;" class="Tests\Feature\Author\AuthorIndexTest" classname="Tests.Feature.Author.AuthorIndexTest" file="/Applications/XAMPP/xamppfiles/htdocs/faq/tests/Feature/Author/AuthorIndexTest.php" line="311" assertions="3" time="0.036098"/>
        <testcase name="test_index_searches_by_name_email_and_username with data set &quot;case sensitive match for name fragment&quot;" class="Tests\Feature\Author\AuthorIndexTest" classname="Tests.Feature.Author.AuthorIndexTest" file="/Applications/XAMPP/xamppfiles/htdocs/faq/tests/Feature/Author/AuthorIndexTest.php" line="311" assertions="3" time="0.043772"/>
      </testsuite>
      <testcase name="test_guest_can_list_authors_with_pagination_meta_and_activity_fields" class="Tests\Feature\Author\AuthorIndexTest" classname="Tests.Feature.Author.AuthorIndexTest" file="/Applications/XAMPP/xamppfiles/htdocs/faq/tests/Feature/Author/AuthorIndexTest.php" line="19" assertions="37" time="0.048917"/>
      <testcase name="test_index_defaults_to_twenty_authors_per_page_sorted_by_score_desc" class="Tests\Feature\Author\AuthorIndexTest" classname="Tests.Feature.Author.AuthorIndexTest" file="/Applications/XAMPP/xamppfiles/htdocs/faq/tests/Feature/Author/AuthorIndexTest.php" line="63" assertions="10" time="0.101161"/>
      <testcase name="test_index_respects_custom_per_page" class="Tests\Feature\Author\AuthorIndexTest" classname="Tests.Feature.Author.AuthorIndexTest" file="/Applications/XAMPP/xamppfiles/htdocs/faq/tests/Feature/Author/AuthorIndexTest.php" line="88" assertions="5" time="0.040434"/>
      <testcase name="test_index_returns_empty_data_when_no_authors_exist" class="Tests\Feature\Author\AuthorIndexTest" classname="Tests.Feature.Author.AuthorIndexTest" file="/Applications/XAMPP/xamppfiles/htdocs/faq/tests/Feature/Author/AuthorIndexTest.php" line="100" assertions="5" time="0.059896"/>
      <testcase name="test_index_includes_activity_counts_and_total_for_all_content_states" class="Tests\Feature\Author\AuthorIndexTest" classname="Tests.Feature.Author.AuthorIndexTest" file="/Applications/XAMPP/xamppfiles/htdocs/faq/tests/Feature/Author/AuthorIndexTest.php" line="110" assertions="6" time="0.050321"/>
      <testcase name="test_index_recent_questions_only_includes_published_and_limits_to_three" class="Tests\Feature\Author\AuthorIndexTest" classname="Tests.Feature.Author.AuthorIndexTest" file="/Applications/XAMPP/xamppfiles/htdocs/faq/tests/Feature/Author/AuthorIndexTest.php" line="137" assertions="8" time="0.066121"/>
      <testcase name="test_index_score_and_level_default_via_model_attributes" class="Tests\Feature\Author\AuthorIndexTest" classname="Tests.Feature.Author.AuthorIndexTest" file="/Applications/XAMPP/xamppfiles/htdocs/faq/tests/Feature/Author/AuthorIndexTest.php" line="177" assertions="4" time="0.034430"/>
      <testcase name="test_index_returns_image_url_when_author_has_avatar" class="Tests\Feature\Author\AuthorIndexTest" classname="Tests.Feature.Author.AuthorIndexTest" file="/Applications/XAMPP/xamppfiles/htdocs/faq/tests/Feature/Author/AuthorIndexTest.php" line="188" assertions="3" time="0.043775"/>
      <testcase name="test_index_returns_null_image_url_when_author_has_no_avatar" class="Tests\Feature\Author\AuthorIndexTest" classname="Tests.Feature.Author.AuthorIndexTest" file="/Applications/XAMPP/xamppfiles/htdocs/faq/tests/Feature/Author/AuthorIndexTest.php" line="198" assertions="2" time="0.034237"/>
      <testcase name="test_index_unknown_sort_by_falls_back_to_score" class="Tests\Feature\Author\AuthorIndexTest" classname="Tests.Feature.Author.AuthorIndexTest" file="/Applications/XAMPP/xamppfiles/htdocs/faq/tests/Feature/Author/AuthorIndexTest.php" line="276" assertions="2" time="0.033798"/>
      <testcase name="test_index_applies_secondary_sort_by_created_at_desc_when_not_sorting_by_created_at" class="Tests\Feature\Author\AuthorIndexTest" classname="Tests.Feature.Author.AuthorIndexTest" file="/Applications/XAMPP/xamppfiles/htdocs/faq/tests/Feature/Author/AuthorIndexTest.php" line="290" assertions="2" time="0.042584"/>
      <testcase name="test_index_empty_search_returns_all_authors" class="Tests\Feature\Author\AuthorIndexTest" classname="Tests.Feature.Author.AuthorIndexTest" file="/Applications/XAMPP/xamppfiles/htdocs/faq/tests/Feature/Author/AuthorIndexTest.php" line="344" assertions="2" time="0.052557"/>
      <testcase name="test_index_search_with_no_matches_returns_empty_collection" class="Tests\Feature\Author\AuthorIndexTest" classname="Tests.Feature.Author.AuthorIndexTest" file="/Applications/XAMPP/xamppfiles/htdocs/faq/tests/Feature/Author/AuthorIndexTest.php" line="354" assertions="3" time="0.030377"/>
      <testcase name="test_authenticated_users_can_access_index" class="Tests\Feature\Author\AuthorIndexTest" classname="Tests.Feature.Author.AuthorIndexTest" file="/Applications/XAMPP/xamppfiles/htdocs/faq/tests/Feature/Author/AuthorIndexTest.php" line="364" assertions="2" time="0.048794"/>
      <testcase name="test_index_does_not_expose_email_tokens_or_mobile" class="Tests\Feature\Author\AuthorIndexTest" classname="Tests.Feature.Author.AuthorIndexTest" file="/Applications/XAMPP/xamppfiles/htdocs/faq/tests/Feature/Author/AuthorIndexTest.php" line="375" assertions="12" time="0.040525"/>
    </testsuite>
    <testsuite name="Tests\Feature\Author\AuthorQuestionsTest" file="/Applications/XAMPP/xamppfiles/htdocs/faq/tests/Feature/Author/AuthorQuestionsTest.php" tests="18" assertions="79" errors="0" failures="0" skipped="0" time="1.13756">
      <testsuite name="Tests\Feature\Author\AuthorQuestionsTest::test_invalid_type_falls_back_to_questions" tests="4" assertions="12" errors="0" failures="0" skipped="0" time="0.221164">
        <testcase name="test_invalid_type_falls_back_to_questions with data set &quot;votes&quot;" class="Tests\Feature\Author\AuthorQuestionsTest" classname="Tests.Feature.Author.AuthorQuestionsTest" file="/Applications/XAMPP/xamppfiles/htdocs/faq/tests/Feature/Author/AuthorQuestionsTest.php" line="186" assertions="3" time="0.056885"/>
        <testcase name="test_invalid_type_falls_back_to_questions with data set &quot;empty string&quot;" class="Tests\Feature\Author\AuthorQuestionsTest" classname="Tests.Feature.Author.AuthorQuestionsTest" file="/Applications/XAMPP/xamppfiles/htdocs/faq/tests/Feature/Author/AuthorQuestionsTest.php" line="186" assertions="3" time="0.049678"/>
        <testcase name="test_invalid_type_falls_back_to_questions with data set &quot;sql-ish&quot;" class="Tests\Feature\Author\AuthorQuestionsTest" classname="Tests.Feature.Author.AuthorQuestionsTest" file="/Applications/XAMPP/xamppfiles/htdocs/faq/tests/Feature/Author/AuthorQuestionsTest.php" line="186" assertions="3" time="0.061077"/>
        <testcase name="test_invalid_type_falls_back_to_questions with data set &quot;uppercase&quot;" class="Tests\Feature\Author\AuthorQuestionsTest" classname="Tests.Feature.Author.AuthorQuestionsTest" file="/Applications/XAMPP/xamppfiles/htdocs/faq/tests/Feature/Author/AuthorQuestionsTest.php" line="186" assertions="3" time="0.053523"/>
      </testsuite>
      <testcase name="test_guest_can_list_published_questions_authored_by_user" class="Tests\Feature\Author\AuthorQuestionsTest" classname="Tests.Feature.Author.AuthorQuestionsTest" file="/Applications/XAMPP/xamppfiles/htdocs/faq/tests/Feature/Author/AuthorQuestionsTest.php" line="20" assertions="20" time="0.074235"/>
      <testcase name="test_questions_defaults_to_type_questions_and_ten_per_page" class="Tests\Feature\Author\AuthorQuestionsTest" classname="Tests.Feature.Author.AuthorQuestionsTest" file="/Applications/XAMPP/xamppfiles/htdocs/faq/tests/Feature/Author/AuthorQuestionsTest.php" line="53" assertions="8" time="0.190357"/>
      <testcase name="test_questions_respects_custom_per_page" class="Tests\Feature\Author\AuthorQuestionsTest" classname="Tests.Feature.Author.AuthorQuestionsTest" file="/Applications/XAMPP/xamppfiles/htdocs/faq/tests/Feature/Author/AuthorQuestionsTest.php" line="72" assertions="4" time="0.095063"/>
      <testcase name="test_questions_type_questions_orders_by_created_at_descending" class="Tests\Feature\Author\AuthorQuestionsTest" classname="Tests.Feature.Author.AuthorQuestionsTest" file="/Applications/XAMPP/xamppfiles/htdocs/faq/tests/Feature/Author/AuthorQuestionsTest.php" line="84" assertions="3" time="0.049225"/>
      <testcase name="test_type_answers_returns_published_questions_author_answered" class="Tests\Feature\Author\AuthorQuestionsTest" classname="Tests.Feature.Author.AuthorQuestionsTest" file="/Applications/XAMPP/xamppfiles/htdocs/faq/tests/Feature/Author/AuthorQuestionsTest.php" line="102" assertions="4" time="0.071933"/>
      <testcase name="test_type_answers_excludes_questions_with_only_unpublished_answers" class="Tests\Feature\Author\AuthorQuestionsTest" classname="Tests.Feature.Author.AuthorQuestionsTest" file="/Applications/XAMPP/xamppfiles/htdocs/faq/tests/Feature/Author/AuthorQuestionsTest.php" line="128" assertions="3" time="0.046951"/>
      <testcase name="test_type_comments_returns_questions_with_author_comments_on_question_or_answer" class="Tests\Feature\Author\AuthorQuestionsTest" classname="Tests.Feature.Author.AuthorQuestionsTest" file="/Applications/XAMPP/xamppfiles/htdocs/faq/tests/Feature/Author/AuthorQuestionsTest.php" line="140" assertions="4" time="0.067488"/>
      <testcase name="test_type_comments_excludes_unpublished_questions_even_if_commented" class="Tests\Feature\Author\AuthorQuestionsTest" classname="Tests.Feature.Author.AuthorQuestionsTest" file="/Applications/XAMPP/xamppfiles/htdocs/faq/tests/Feature/Author/AuthorQuestionsTest.php" line="174" assertions="2" time="0.043064"/>
      <testcase name="test_questions_returns_empty_data_when_author_has_no_matching_content" class="Tests\Feature\Author\AuthorQuestionsTest" classname="Tests.Feature.Author.AuthorQuestionsTest" file="/Applications/XAMPP/xamppfiles/htdocs/faq/tests/Feature/Author/AuthorQuestionsTest.php" line="210" assertions="3" time="0.034626"/>
      <testcase name="test_questions_returns_404_for_unknown_username" class="Tests\Feature\Author\AuthorQuestionsTest" classname="Tests.Feature.Author.AuthorQuestionsTest" file="/Applications/XAMPP/xamppfiles/htdocs/faq/tests/Feature/Author/AuthorQuestionsTest.php" line="220" assertions="1" time="0.030964"/>
      <testcase name="test_questions_excludes_unpublished_even_for_authenticated_owner" class="Tests\Feature\Author\AuthorQuestionsTest" classname="Tests.Feature.Author.AuthorQuestionsTest" file="/Applications/XAMPP/xamppfiles/htdocs/faq/tests/Feature/Author/AuthorQuestionsTest.php" line="225" assertions="3" time="0.047271"/>
      <testcase name="test_authenticated_users_can_access_author_questions" class="Tests\Feature\Author\AuthorQuestionsTest" classname="Tests.Feature.Author.AuthorQuestionsTest" file="/Applications/XAMPP/xamppfiles/htdocs/faq/tests/Feature/Author/AuthorQuestionsTest.php" line="240" assertions="2" time="0.065448"/>
      <testcase name="test_questions_eager_loads_user_category_and_tags" class="Tests\Feature\Author\AuthorQuestionsTest" classname="Tests.Feature.Author.AuthorQuestionsTest" file="/Applications/XAMPP/xamppfiles/htdocs/faq/tests/Feature/Author/AuthorQuestionsTest.php" line="252" assertions="5" time="0.058300"/>
      <testcase name="test_guest_sees_can_permissions_as_false_on_question_resources" class="Tests\Feature\Author\AuthorQuestionsTest" classname="Tests.Feature.Author.AuthorQuestionsTest" file="/Applications/XAMPP/xamppfiles/htdocs/faq/tests/Feature/Author/AuthorQuestionsTest.php" line="268" assertions="5" time="0.041472"/>
    </testsuite>
    <testsuite name="Tests\Feature\Author\AuthorSecurityTest" file="/Applications/XAMPP/xamppfiles/htdocs/faq/tests/Feature/Author/AuthorSecurityTest.php" tests="33" assertions="120" errors="0" failures="0" skipped="0" time="1.393459">
      <testsuite name="Tests\Feature\Author\AuthorSecurityTest::test_all_author_endpoints_are_publicly_readable" tests="3" assertions="3" errors="0" failures="0" skipped="0" time="0.148564">
        <testcase name="test_all_author_endpoints_are_publicly_readable with data set &quot;index&quot;" class="Tests\Feature\Author\AuthorSecurityTest" classname="Tests.Feature.Author.AuthorSecurityTest" file="/Applications/XAMPP/xamppfiles/htdocs/faq/tests/Feature/Author/AuthorSecurityTest.php" line="19" assertions="1" time="0.045749"/>
        <testcase name="test_all_author_endpoints_are_publicly_readable with data set &quot;show&quot;" class="Tests\Feature\Author\AuthorSecurityTest" classname="Tests.Feature.Author.AuthorSecurityTest" file="/Applications/XAMPP/xamppfiles/htdocs/faq/tests/Feature/Author/AuthorSecurityTest.php" line="19" assertions="1" time="0.037047"/>
        <testcase name="test_all_author_endpoints_are_publicly_readable with data set &quot;questions&quot;" class="Tests\Feature\Author\AuthorSecurityTest" classname="Tests.Feature.Author.AuthorSecurityTest" file="/Applications/XAMPP/xamppfiles/htdocs/faq/tests/Feature/Author/AuthorSecurityTest.php" line="19" assertions="1" time="0.065768"/>
      </testsuite>
      <testsuite name="Tests\Feature\Author\AuthorSecurityTest::test_mutating_http_verbs_are_rejected_on_author_routes" tests="10" assertions="10" errors="0" failures="0" skipped="0" time="0.32976">
        <testcase name="test_mutating_http_verbs_are_rejected_on_author_routes with data set &quot;index post&quot;" class="Tests\Feature\Author\AuthorSecurityTest" classname="Tests.Feature.Author.AuthorSecurityTest" file="/Applications/XAMPP/xamppfiles/htdocs/faq/tests/Feature/Author/AuthorSecurityTest.php" line="43" assertions="1" time="0.032087"/>
        <testcase name="test_mutating_http_verbs_are_rejected_on_author_routes with data set &quot;index put&quot;" class="Tests\Feature\Author\AuthorSecurityTest" classname="Tests.Feature.Author.AuthorSecurityTest" file="/Applications/XAMPP/xamppfiles/htdocs/faq/tests/Feature/Author/AuthorSecurityTest.php" line="43" assertions="1" time="0.041522"/>
        <testcase name="test_mutating_http_verbs_are_rejected_on_author_routes with data set &quot;index patch&quot;" class="Tests\Feature\Author\AuthorSecurityTest" classname="Tests.Feature.Author.AuthorSecurityTest" file="/Applications/XAMPP/xamppfiles/htdocs/faq/tests/Feature/Author/AuthorSecurityTest.php" line="43" assertions="1" time="0.034167"/>
        <testcase name="test_mutating_http_verbs_are_rejected_on_author_routes with data set &quot;index delete&quot;" class="Tests\Feature\Author\AuthorSecurityTest" classname="Tests.Feature.Author.AuthorSecurityTest" file="/Applications/XAMPP/xamppfiles/htdocs/faq/tests/Feature/Author/AuthorSecurityTest.php" line="43" assertions="1" time="0.031899"/>
        <testcase name="test_mutating_http_verbs_are_rejected_on_author_routes with data set &quot;show post&quot;" class="Tests\Feature\Author\AuthorSecurityTest" classname="Tests.Feature.Author.AuthorSecurityTest" file="/Applications/XAMPP/xamppfiles/htdocs/faq/tests/Feature/Author/AuthorSecurityTest.php" line="43" assertions="1" time="0.031242"/>
        <testcase name="test_mutating_http_verbs_are_rejected_on_author_routes with data set &quot;show put&quot;" class="Tests\Feature\Author\AuthorSecurityTest" classname="Tests.Feature.Author.AuthorSecurityTest" file="/Applications/XAMPP/xamppfiles/htdocs/faq/tests/Feature/Author/AuthorSecurityTest.php" line="43" assertions="1" time="0.030443"/>
        <testcase name="test_mutating_http_verbs_are_rejected_on_author_routes with data set &quot;show delete&quot;" class="Tests\Feature\Author\AuthorSecurityTest" classname="Tests.Feature.Author.AuthorSecurityTest" file="/Applications/XAMPP/xamppfiles/htdocs/faq/tests/Feature/Author/AuthorSecurityTest.php" line="43" assertions="1" time="0.032732"/>
        <testcase name="test_mutating_http_verbs_are_rejected_on_author_routes with data set &quot;questions post&quot;" class="Tests\Feature\Author\AuthorSecurityTest" classname="Tests.Feature.Author.AuthorSecurityTest" file="/Applications/XAMPP/xamppfiles/htdocs/faq/tests/Feature/Author/AuthorSecurityTest.php" line="43" assertions="1" time="0.033129"/>
        <testcase name="test_mutating_http_verbs_are_rejected_on_author_routes with data set &quot;questions put&quot;" class="Tests\Feature\Author\AuthorSecurityTest" classname="Tests.Feature.Author.AuthorSecurityTest" file="/Applications/XAMPP/xamppfiles/htdocs/faq/tests/Feature/Author/AuthorSecurityTest.php" line="43" assertions="1" time="0.030633"/>
        <testcase name="test_mutating_http_verbs_are_rejected_on_author_routes with data set &quot;questions delete&quot;" class="Tests\Feature\Author\AuthorSecurityTest" classname="Tests.Feature.Author.AuthorSecurityTest" file="/Applications/XAMPP/xamppfiles/htdocs/faq/tests/Feature/Author/AuthorSecurityTest.php" line="43" assertions="1" time="0.031906"/>
      </testsuite>
      <testsuite name="Tests\Feature\Author\AuthorSecurityTest::test_index_handles_search_edge_cases_without_500" tests="7" assertions="28" errors="0" failures="0" skipped="0" time="0.255091">
        <testcase name="test_index_handles_search_edge_cases_without_500 with data set &quot;sql injection attempt&quot;" class="Tests\Feature\Author\AuthorSecurityTest" classname="Tests.Feature.Author.AuthorSecurityTest" file="/Applications/XAMPP/xamppfiles/htdocs/faq/tests/Feature/Author/AuthorSecurityTest.php" line="293" assertions="4" time="0.038767"/>
        <testcase name="test_index_handles_search_edge_cases_without_500 with data set &quot;wildcard percent&quot;" class="Tests\Feature\Author\AuthorSecurityTest" classname="Tests.Feature.Author.AuthorSecurityTest" file="/Applications/XAMPP/xamppfiles/htdocs/faq/tests/Feature/Author/AuthorSecurityTest.php" line="293" assertions="4" time="0.039886"/>
        <testcase name="test_index_handles_search_edge_cases_without_500 with data set &quot;underscore wildcard&quot;" class="Tests\Feature\Author\AuthorSecurityTest" classname="Tests.Feature.Author.AuthorSecurityTest" file="/Applications/XAMPP/xamppfiles/htdocs/faq/tests/Feature/Author/AuthorSecurityTest.php" line="293" assertions="4" time="0.033148"/>
        <testcase name="test_index_handles_search_edge_cases_without_500 with data set &quot;unicode&quot;" class="Tests\Feature\Author\AuthorSecurityTest" classname="Tests.Feature.Author.AuthorSecurityTest" file="/Applications/XAMPP/xamppfiles/htdocs/faq/tests/Feature/Author/AuthorSecurityTest.php" line="293" assertions="4" time="0.033936"/>
        <testcase name="test_index_handles_search_edge_cases_without_500 with data set &quot;very long query&quot;" class="Tests\Feature\Author\AuthorSecurityTest" classname="Tests.Feature.Author.AuthorSecurityTest" file="/Applications/XAMPP/xamppfiles/htdocs/faq/tests/Feature/Author/AuthorSecurityTest.php" line="293" assertions="4" time="0.034997"/>
        <testcase name="test_index_handles_search_edge_cases_without_500 with data set &quot;xss attempt&quot;" class="Tests\Feature\Author\AuthorSecurityTest" classname="Tests.Feature.Author.AuthorSecurityTest" file="/Applications/XAMPP/xamppfiles/htdocs/faq/tests/Feature/Author/AuthorSecurityTest.php" line="293" assertions="4" time="0.035126"/>
        <testcase name="test_index_handles_search_edge_cases_without_500 with data set &quot;null byte-ish&quot;" class="Tests\Feature\Author\AuthorSecurityTest" classname="Tests.Feature.Author.AuthorSecurityTest" file="/Applications/XAMPP/xamppfiles/htdocs/faq/tests/Feature/Author/AuthorSecurityTest.php" line="293" assertions="4" time="0.039231"/>
      </testsuite>
      <testcase name="test_sql_injection_in_search_does_not_leak_or_mutate_data" class="Tests\Feature\Author\AuthorSecurityTest" classname="Tests.Feature.Author.AuthorSecurityTest" file="/Applications/XAMPP/xamppfiles/htdocs/faq/tests/Feature/Author/AuthorSecurityTest.php" line="74" assertions="4" time="0.034718"/>
      <testcase name="test_sql_injection_in_sort_parameters_does_not_mutate_database" class="Tests\Feature\Author\AuthorSecurityTest" classname="Tests.Feature.Author.AuthorSecurityTest" file="/Applications/XAMPP/xamppfiles/htdocs/faq/tests/Feature/Author/AuthorSecurityTest.php" line="96" assertions="3" time="0.036971"/>
      <testcase name="test_xss_payloads_in_stored_author_fields_are_json_encoded_not_executed" class="Tests\Feature\Author\AuthorSecurityTest" classname="Tests.Feature.Author.AuthorSecurityTest" file="/Applications/XAMPP/xamppfiles/htdocs/faq/tests/Feature/Author/AuthorSecurityTest.php" line="111" assertions="12" time="0.058784"/>
      <testcase name="test_idor_style_user_id_query_params_cannot_swap_author_identity" class="Tests\Feature\Author\AuthorSecurityTest" classname="Tests.Feature.Author.AuthorSecurityTest" file="/Applications/XAMPP/xamppfiles/htdocs/faq/tests/Feature/Author/AuthorSecurityTest.php" line="140" assertions="7" time="0.048068"/>
      <testcase name="test_mass_assignment_style_query_params_cannot_alter_author_payload" class="Tests\Feature\Author\AuthorSecurityTest" classname="Tests.Feature.Author.AuthorSecurityTest" file="/Applications/XAMPP/xamppfiles/htdocs/faq/tests/Feature/Author/AuthorSecurityTest.php" line="172" assertions="8" time="0.041133"/>
      <testcase name="test_search_by_email_does_not_expose_email_in_response" class="Tests\Feature\Author\AuthorSecurityTest" classname="Tests.Feature.Author.AuthorSecurityTest" file="/Applications/XAMPP/xamppfiles/htdocs/faq/tests/Feature/Author/AuthorSecurityTest.php" line="198" assertions="5" time="0.041646"/>
      <testcase name="test_index_does_not_expose_role_while_show_does" class="Tests\Feature\Author\AuthorSecurityTest" classname="Tests.Feature.Author.AuthorSecurityTest" file="/Applications/XAMPP/xamppfiles/htdocs/faq/tests/Feature/Author/AuthorSecurityTest.php" line="218" assertions="4" time="0.039820"/>
      <testcase name="test_authenticated_user_cannot_gain_extra_sensitive_fields_via_auth" class="Tests\Feature\Author\AuthorSecurityTest" classname="Tests.Feature.Author.AuthorSecurityTest" file="/Applications/XAMPP/xamppfiles/htdocs/faq/tests/Feature/Author/AuthorSecurityTest.php" line="233" assertions="6" time="0.041002"/>
      <testcase name="test_invalid_bearer_token_still_allows_public_author_access" class="Tests\Feature\Author\AuthorSecurityTest" classname="Tests.Feature.Author.AuthorSecurityTest" file="/Applications/XAMPP/xamppfiles/htdocs/faq/tests/Feature/Author/AuthorSecurityTest.php" line="254" assertions="2" time="0.035427"/>
      <testcase name="test_concurrent_reads_are_idempotent_and_do_not_mutate_database" class="Tests\Feature\Author\AuthorSecurityTest" classname="Tests.Feature.Author.AuthorSecurityTest" file="/Applications/XAMPP/xamppfiles/htdocs/faq/tests/Feature/Author/AuthorSecurityTest.php" line="264" assertions="17" time="0.144996"/>
      <testcase name="test_user_model_does_not_use_soft_deletes_so_deleted_authors_are_hard_missing" class="Tests\Feature\Author\AuthorSecurityTest" classname="Tests.Feature.Author.AuthorSecurityTest" file="/Applications/XAMPP/xamppfiles/htdocs/faq/tests/Feature/Author/AuthorSecurityTest.php" line="282" assertions="3" time="0.062222"/>
      <testcase name="test_security_content_type_remains_json_on_author_responses" class="Tests\Feature\Author\AuthorSecurityTest" classname="Tests.Feature.Author.AuthorSecurityTest" file="/Applications/XAMPP/xamppfiles/htdocs/faq/tests/Feature/Author/AuthorSecurityTest.php" line="315" assertions="2" time="0.039790"/>
      <testcase name="test_store_update_destroy_author_routes_are_not_registered" class="Tests\Feature\Author\AuthorSecurityTest" classname="Tests.Feature.Author.AuthorSecurityTest" file="/Applications/XAMPP/xamppfiles/htdocs/faq/tests/Feature/Author/AuthorSecurityTest.php" line="327" assertions="6" time="0.035467"/>
    </testsuite>
    <testsuite name="Tests\Feature\Author\AuthorShowTest" file="/Applications/XAMPP/xamppfiles/htdocs/faq/tests/Feature/Author/AuthorShowTest.php" tests="13" assertions="59" errors="0" failures="0" skipped="0" time="0.494885">
      <testsuite name="Tests\Feature\Author\AuthorShowTest::test_show_handles_username_edge_cases_with_404_or_ok" tests="4" assertions="4" errors="0" failures="0" skipped="0" time="0.145637">
        <testcase name="test_show_handles_username_edge_cases_with_404_or_ok with data set &quot;unicode username exists&quot;" class="Tests\Feature\Author\AuthorShowTest" classname="Tests.Feature.Author.AuthorShowTest" file="/Applications/XAMPP/xamppfiles/htdocs/faq/tests/Feature/Author/AuthorShowTest.php" line="181" assertions="1" time="0.037544"/>
        <testcase name="test_show_handles_username_edge_cases_with_404_or_ok with data set &quot;unicode username missing&quot;" class="Tests\Feature\Author\AuthorShowTest" classname="Tests.Feature.Author.AuthorShowTest" file="/Applications/XAMPP/xamppfiles/htdocs/faq/tests/Feature/Author/AuthorShowTest.php" line="181" assertions="1" time="0.025943"/>
        <testcase name="test_show_handles_username_edge_cases_with_404_or_ok with data set &quot;numeric looking username&quot;" class="Tests\Feature\Author\AuthorShowTest" classname="Tests.Feature.Author.AuthorShowTest" file="/Applications/XAMPP/xamppfiles/htdocs/faq/tests/Feature/Author/AuthorShowTest.php" line="181" assertions="1" time="0.040121"/>
        <testcase name="test_show_handles_username_edge_cases_with_404_or_ok with data set &quot;dotted username&quot;" class="Tests\Feature\Author\AuthorShowTest" classname="Tests.Feature.Author.AuthorShowTest" file="/Applications/XAMPP/xamppfiles/htdocs/faq/tests/Feature/Author/AuthorShowTest.php" line="181" assertions="1" time="0.042029"/>
      </testsuite>
      <testcase name="test_guest_can_view_author_by_username" class="Tests\Feature\Author\AuthorShowTest" classname="Tests.Feature.Author.AuthorShowTest" file="/Applications/XAMPP/xamppfiles/htdocs/faq/tests/Feature/Author/AuthorShowTest.php" line="18" assertions="25" time="0.038639"/>
      <testcase name="test_show_returns_404_for_unknown_username" class="Tests\Feature\Author\AuthorShowTest" classname="Tests.Feature.Author.AuthorShowTest" file="/Applications/XAMPP/xamppfiles/htdocs/faq/tests/Feature/Author/AuthorShowTest.php" line="59" assertions="1" time="0.028236"/>
      <testcase name="test_show_resolves_by_username_not_numeric_id" class="Tests\Feature\Author\AuthorShowTest" classname="Tests.Feature.Author.AuthorShowTest" file="/Applications/XAMPP/xamppfiles/htdocs/faq/tests/Feature/Author/AuthorShowTest.php" line="64" assertions="3" time="0.033998"/>
      <testcase name="test_show_counts_only_published_questions_answers_and_comments" class="Tests\Feature\Author\AuthorShowTest" classname="Tests.Feature.Author.AuthorShowTest" file="/Applications/XAMPP/xamppfiles/htdocs/faq/tests/Feature/Author/AuthorShowTest.php" line="74" assertions="4" time="0.053644"/>
      <testcase name="test_show_defaults_score_and_level_when_zeroish" class="Tests\Feature\Author\AuthorShowTest" classname="Tests.Feature.Author.AuthorShowTest" file="/Applications/XAMPP/xamppfiles/htdocs/faq/tests/Feature/Author/AuthorShowTest.php" line="103" assertions="4" time="0.033622"/>
      <testcase name="test_show_exposes_admin_role_when_author_is_admin" class="Tests\Feature\Author\AuthorShowTest" classname="Tests.Feature.Author.AuthorShowTest" file="/Applications/XAMPP/xamppfiles/htdocs/faq/tests/Feature/Author/AuthorShowTest.php" line="119" assertions="2" time="0.039683"/>
      <testcase name="test_authenticated_users_can_view_author_show" class="Tests\Feature\Author\AuthorShowTest" classname="Tests.Feature.Author.AuthorShowTest" file="/Applications/XAMPP/xamppfiles/htdocs/faq/tests/Feature/Author/AuthorShowTest.php" line="132" assertions="2" time="0.044144"/>
      <testcase name="test_show_does_not_expose_email_tokens_or_mobile" class="Tests\Feature\Author\AuthorShowTest" classname="Tests.Feature.Author.AuthorShowTest" file="/Applications/XAMPP/xamppfiles/htdocs/faq/tests/Feature/Author/AuthorShowTest.php" line="143" assertions="11" time="0.040998"/>
      <testcase name="test_show_does_not_include_recent_questions_or_total_activity" class="Tests\Feature\Author\AuthorShowTest" classname="Tests.Feature.Author.AuthorShowTest" file="/Applications/XAMPP/xamppfiles/htdocs/faq/tests/Feature/Author/AuthorShowTest.php" line="169" assertions="3" time="0.036283"/>
    </testsuite>
    <testsuite name="Tests\Feature\Category\CategoryDestroyTest" file="/Applications/XAMPP/xamppfiles/htdocs/faq/tests/Feature/Category/CategoryDestroyTest.php" tests="11" assertions="42" errors="0" failures="0" skipped="0" time="0.427797">
      <testcase name="test_guest_cannot_delete_category" class="Tests\Feature\Category\CategoryDestroyTest" classname="Tests.Feature.Category.CategoryDestroyTest" file="/Applications/XAMPP/xamppfiles/htdocs/faq/tests/Feature/Category/CategoryDestroyTest.php" line="16" assertions="2" time="0.035292"/>
      <testcase name="test_authenticated_non_admin_cannot_delete_category" class="Tests\Feature\Category\CategoryDestroyTest" classname="Tests.Feature.Category.CategoryDestroyTest" file="/Applications/XAMPP/xamppfiles/htdocs/faq/tests/Feature/Category/CategoryDestroyTest.php" line="26" assertions="2" time="0.033119"/>
      <testcase name="test_admin_can_delete_category_and_receives_no_content" class="Tests\Feature\Category\CategoryDestroyTest" classname="Tests.Feature.Category.CategoryDestroyTest" file="/Applications/XAMPP/xamppfiles/htdocs/faq/tests/Feature/Category/CategoryDestroyTest.php" line="37" assertions="4" time="0.040086"/>
      <testcase name="test_deleting_parent_cascades_to_child_categories" class="Tests\Feature\Category\CategoryDestroyTest" classname="Tests.Feature.Category.CategoryDestroyTest" file="/Applications/XAMPP/xamppfiles/htdocs/faq/tests/Feature/Category/CategoryDestroyTest.php" line="49" assertions="5" time="0.040910"/>
      <testcase name="test_deleting_category_cascades_to_related_questions" class="Tests\Feature\Category\CategoryDestroyTest" classname="Tests.Feature.Category.CategoryDestroyTest" file="/Applications/XAMPP/xamppfiles/htdocs/faq/tests/Feature/Category/CategoryDestroyTest.php" line="62" assertions="5" time="0.042137"/>
      <testcase name="test_deleting_child_does_not_delete_parent" class="Tests\Feature\Category\CategoryDestroyTest" classname="Tests.Feature.Category.CategoryDestroyTest" file="/Applications/XAMPP/xamppfiles/htdocs/faq/tests/Feature/Category/CategoryDestroyTest.php" line="77" assertions="5" time="0.031366"/>
      <testcase name="test_destroy_returns_404_for_unknown_slug" class="Tests\Feature\Category\CategoryDestroyTest" classname="Tests.Feature.Category.CategoryDestroyTest" file="/Applications/XAMPP/xamppfiles/htdocs/faq/tests/Feature/Category/CategoryDestroyTest.php" line="90" assertions="1" time="0.035318"/>
      <testcase name="test_deleted_category_cannot_be_shown_or_listed" class="Tests\Feature\Category\CategoryDestroyTest" classname="Tests.Feature.Category.CategoryDestroyTest" file="/Applications/XAMPP/xamppfiles/htdocs/faq/tests/Feature/Category/CategoryDestroyTest.php" line="97" assertions="6" time="0.044686"/>
      <testcase name="test_categories_are_hard_deleted_not_soft_deleted" class="Tests\Feature\Category\CategoryDestroyTest" classname="Tests.Feature.Category.CategoryDestroyTest" file="/Applications/XAMPP/xamppfiles/htdocs/faq/tests/Feature/Category/CategoryDestroyTest.php" line="111" assertions="4" time="0.042842"/>
      <testcase name="test_admin_can_delete_one_category_without_affecting_siblings" class="Tests\Feature\Category\CategoryDestroyTest" classname="Tests.Feature.Category.CategoryDestroyTest" file="/Applications/XAMPP/xamppfiles/htdocs/faq/tests/Feature/Category/CategoryDestroyTest.php" line="123" assertions="5" time="0.040575"/>
      <testcase name="test_deleting_category_does_not_orphan_questions_due_to_cascade" class="Tests\Feature\Category\CategoryDestroyTest" classname="Tests.Feature.Category.CategoryDestroyTest" file="/Applications/XAMPP/xamppfiles/htdocs/faq/tests/Feature/Category/CategoryDestroyTest.php" line="136" assertions="3" time="0.041466"/>
    </testsuite>
    <testsuite name="Tests\Feature\Category\CategoryIndexTest" file="/Applications/XAMPP/xamppfiles/htdocs/faq/tests/Feature/Category/CategoryIndexTest.php" tests="18" assertions="82" errors="0" failures="0" skipped="0" time="0.718258">
      <testsuite name="Tests\Feature\Category\CategoryIndexTest::test_index_handles_query_edge_cases" tests="5" assertions="10" errors="0" failures="0" skipped="0" time="0.18374">
        <testcase name="test_index_handles_query_edge_cases with data set &quot;sql injection attempt&quot;" class="Tests\Feature\Category\CategoryIndexTest" classname="Tests.Feature.Category.CategoryIndexTest" file="/Applications/XAMPP/xamppfiles/htdocs/faq/tests/Feature/Category/CategoryIndexTest.php" line="162" assertions="2" time="0.031669"/>
        <testcase name="test_index_handles_query_edge_cases with data set &quot;wildcard percent&quot;" class="Tests\Feature\Category\CategoryIndexTest" classname="Tests.Feature.Category.CategoryIndexTest" file="/Applications/XAMPP/xamppfiles/htdocs/faq/tests/Feature/Category/CategoryIndexTest.php" line="162" assertions="2" time="0.032152"/>
        <testcase name="test_index_handles_query_edge_cases with data set &quot;underscore wildcard&quot;" class="Tests\Feature\Category\CategoryIndexTest" classname="Tests.Feature.Category.CategoryIndexTest" file="/Applications/XAMPP/xamppfiles/htdocs/faq/tests/Feature/Category/CategoryIndexTest.php" line="162" assertions="2" time="0.034131"/>
        <testcase name="test_index_handles_query_edge_cases with data set &quot;unicode&quot;" class="Tests\Feature\Category\CategoryIndexTest" classname="Tests.Feature.Category.CategoryIndexTest" file="/Applications/XAMPP/xamppfiles/htdocs/faq/tests/Feature/Category/CategoryIndexTest.php" line="162" assertions="2" time="0.041926"/>
        <testcase name="test_index_handles_query_edge_cases with data set &quot;very long query&quot;" class="Tests\Feature\Category\CategoryIndexTest" classname="Tests.Feature.Category.CategoryIndexTest" file="/Applications/XAMPP/xamppfiles/htdocs/faq/tests/Feature/Category/CategoryIndexTest.php" line="162" assertions="2" time="0.043861"/>
      </testsuite>
      <testcase name="test_guest_can_list_categories_with_pagination_meta_and_questions_count" class="Tests\Feature\Category\CategoryIndexTest" classname="Tests.Feature.Category.CategoryIndexTest" file="/Applications/XAMPP/xamppfiles/htdocs/faq/tests/Feature/Category/CategoryIndexTest.php" line="16" assertions="29" time="0.043265"/>
      <testcase name="test_index_defaults_to_fifteen_categories_per_page" class="Tests\Feature\Category\CategoryIndexTest" classname="Tests.Feature.Category.CategoryIndexTest" file="/Applications/XAMPP/xamppfiles/htdocs/faq/tests/Feature/Category/CategoryIndexTest.php" line="48" assertions="8" time="0.048805"/>
      <testcase name="test_index_without_query_includes_questions_count_for_all_categories" class="Tests\Feature\Category\CategoryIndexTest" classname="Tests.Feature.Category.CategoryIndexTest" file="/Applications/XAMPP/xamppfiles/htdocs/faq/tests/Feature/Category/CategoryIndexTest.php" line="65" assertions="3" time="0.045414"/>
      <testcase name="test_index_filters_categories_by_partial_name_query_and_returns_unpaginated_collection" class="Tests\Feature\Category\CategoryIndexTest" classname="Tests.Feature.Category.CategoryIndexTest" file="/Applications/XAMPP/xamppfiles/htdocs/faq/tests/Feature/Category/CategoryIndexTest.php" line="79" assertions="5" time="0.029543"/>
      <testcase name="test_index_query_search_omits_questions_count" class="Tests\Feature\Category\CategoryIndexTest" classname="Tests.Feature.Category.CategoryIndexTest" file="/Applications/XAMPP/xamppfiles/htdocs/faq/tests/Feature/Category/CategoryIndexTest.php" line="96" assertions="2" time="0.047562"/>
      <testcase name="test_index_empty_query_returns_paginated_all_categories" class="Tests\Feature\Category\CategoryIndexTest" classname="Tests.Feature.Category.CategoryIndexTest" file="/Applications/XAMPP/xamppfiles/htdocs/faq/tests/Feature/Category/CategoryIndexTest.php" line="109" assertions="4" time="0.037968"/>
      <testcase name="test_index_returns_empty_data_when_no_categories_exist" class="Tests\Feature\Category\CategoryIndexTest" classname="Tests.Feature.Category.CategoryIndexTest" file="/Applications/XAMPP/xamppfiles/htdocs/faq/tests/Feature/Category/CategoryIndexTest.php" line="120" assertions="3" time="0.033957"/>
      <testcase name="test_index_query_with_no_matches_returns_empty_collection" class="Tests\Feature\Category\CategoryIndexTest" classname="Tests.Feature.Category.CategoryIndexTest" file="/Applications/XAMPP/xamppfiles/htdocs/faq/tests/Feature/Category/CategoryIndexTest.php" line="128" assertions="2" time="0.034519"/>
      <testcase name="test_authenticated_admin_sees_can_permissions_as_true" class="Tests\Feature\Category\CategoryIndexTest" classname="Tests.Feature.Category.CategoryIndexTest" file="/Applications/XAMPP/xamppfiles/htdocs/faq/tests/Feature/Category/CategoryIndexTest.php" line="137" assertions="4" time="0.033131"/>
      <testcase name="test_authenticated_non_admin_sees_can_permissions_as_false_except_view" class="Tests\Feature\Category\CategoryIndexTest" classname="Tests.Feature.Category.CategoryIndexTest" file="/Applications/XAMPP/xamppfiles/htdocs/faq/tests/Feature/Category/CategoryIndexTest.php" line="149" assertions="4" time="0.039143"/>
      <testcase name="test_index_questions_count_includes_unpublished_questions" class="Tests\Feature\Category\CategoryIndexTest" classname="Tests.Feature.Category.CategoryIndexTest" file="/Applications/XAMPP/xamppfiles/htdocs/faq/tests/Feature/Category/CategoryIndexTest.php" line="182" assertions="2" time="0.052538"/>
      <testcase name="test_index_description_is_null_because_column_does_not_exist" class="Tests\Feature\Category\CategoryIndexTest" classname="Tests.Feature.Category.CategoryIndexTest" file="/Applications/XAMPP/xamppfiles/htdocs/faq/tests/Feature/Category/CategoryIndexTest.php" line="194" assertions="2" time="0.048992"/>
      <testcase name="test_index_does_not_expose_parent_id_or_last_activity" class="Tests\Feature\Category\CategoryIndexTest" classname="Tests.Feature.Category.CategoryIndexTest" file="/Applications/XAMPP/xamppfiles/htdocs/faq/tests/Feature/Category/CategoryIndexTest.php" line="204" assertions="4" time="0.039681"/>
    </testsuite>
    <testsuite name="Tests\Feature\Category\CategoryPopularTest" file="/Applications/XAMPP/xamppfiles/htdocs/faq/tests/Feature/Category/CategoryPopularTest.php" tests="11" assertions="58" errors="0" failures="0" skipped="0" time="0.493771">
      <testsuite name="Tests\Feature\Category\CategoryPopularTest::test_popular_handles_limit_edge_cases" tests="3" assertions="6" errors="0" failures="0" skipped="0" time="0.1231">
        <testcase name="test_popular_handles_limit_edge_cases with data set &quot;limit one&quot;" class="Tests\Feature\Category\CategoryPopularTest" classname="Tests.Feature.Category.CategoryPopularTest" file="/Applications/XAMPP/xamppfiles/htdocs/faq/tests/Feature/Category/CategoryPopularTest.php" line="122" assertions="2" time="0.042615"/>
        <testcase name="test_popular_handles_limit_edge_cases with data set &quot;limit larger than total&quot;" class="Tests\Feature\Category\CategoryPopularTest" classname="Tests.Feature.Category.CategoryPopularTest" file="/Applications/XAMPP/xamppfiles/htdocs/faq/tests/Feature/Category/CategoryPopularTest.php" line="122" assertions="2" time="0.051258"/>
        <testcase name="test_popular_handles_limit_edge_cases with data set &quot;limit zero returns empty&quot;" class="Tests\Feature\Category\CategoryPopularTest" classname="Tests.Feature.Category.CategoryPopularTest" file="/Applications/XAMPP/xamppfiles/htdocs/faq/tests/Feature/Category/CategoryPopularTest.php" line="122" assertions="2" time="0.029227"/>
      </testsuite>
      <testcase name="test_guest_can_list_popular_categories_ordered_by_published_questions_count" class="Tests\Feature\Category\CategoryPopularTest" classname="Tests.Feature.Category.CategoryPopularTest" file="/Applications/XAMPP/xamppfiles/htdocs/faq/tests/Feature/Category/CategoryPopularTest.php" line="16" assertions="35" time="0.085049"/>
      <testcase name="test_popular_defaults_to_limit_of_fifteen" class="Tests\Feature\Category\CategoryPopularTest" classname="Tests.Feature.Category.CategoryPopularTest" file="/Applications/XAMPP/xamppfiles/htdocs/faq/tests/Feature/Category/CategoryPopularTest.php" line="51" assertions="2" time="0.044611"/>
      <testcase name="test_popular_respects_custom_limit" class="Tests\Feature\Category\CategoryPopularTest" classname="Tests.Feature.Category.CategoryPopularTest" file="/Applications/XAMPP/xamppfiles/htdocs/faq/tests/Feature/Category/CategoryPopularTest.php" line="60" assertions="2" time="0.048730"/>
      <testcase name="test_popular_counts_only_published_questions" class="Tests\Feature\Category\CategoryPopularTest" classname="Tests.Feature.Category.CategoryPopularTest" file="/Applications/XAMPP/xamppfiles/htdocs/faq/tests/Feature/Category/CategoryPopularTest.php" line="69" assertions="3" time="0.063829"/>
      <testcase name="test_popular_includes_categories_with_zero_published_questions" class="Tests\Feature\Category\CategoryPopularTest" classname="Tests.Feature.Category.CategoryPopularTest" file="/Applications/XAMPP/xamppfiles/htdocs/faq/tests/Feature/Category/CategoryPopularTest.php" line="81" assertions="3" time="0.033387"/>
      <testcase name="test_popular_endpoint_is_public_without_authentication" class="Tests\Feature\Category\CategoryPopularTest" classname="Tests.Feature.Category.CategoryPopularTest" file="/Applications/XAMPP/xamppfiles/htdocs/faq/tests/Feature/Category/CategoryPopularTest.php" line="91" assertions="2" time="0.028572"/>
      <testcase name="test_popular_route_is_not_captured_by_show_slug_binding" class="Tests\Feature\Category\CategoryPopularTest" classname="Tests.Feature.Category.CategoryPopularTest" file="/Applications/XAMPP/xamppfiles/htdocs/faq/tests/Feature/Category/CategoryPopularTest.php" line="100" assertions="2" time="0.031778"/>
      <testcase name="test_authenticated_admin_sees_can_permissions_on_popular" class="Tests\Feature\Category\CategoryPopularTest" classname="Tests.Feature.Category.CategoryPopularTest" file="/Applications/XAMPP/xamppfiles/htdocs/faq/tests/Feature/Category/CategoryPopularTest.php" line="110" assertions="3" time="0.034716"/>
    </testsuite>
    <testsuite name="Tests\Feature\Category\CategoryQuestionsTest" file="/Applications/XAMPP/xamppfiles/htdocs/faq/tests/Feature/Category/CategoryQuestionsTest.php" tests="10" assertions="60" errors="0" failures="0" skipped="0" time="0.628177">
      <testcase name="test_guest_can_list_questions_for_category_by_slug" class="Tests\Feature\Category\CategoryQuestionsTest" classname="Tests.Feature.Category.CategoryQuestionsTest" file="/Applications/XAMPP/xamppfiles/htdocs/faq/tests/Feature/Category/CategoryQuestionsTest.php" line="15" assertions="27" time="0.072566"/>
      <testcase name="test_category_questions_paginates_fifteen_per_page" class="Tests\Feature\Category\CategoryQuestionsTest" classname="Tests.Feature.Category.CategoryQuestionsTest" file="/Applications/XAMPP/xamppfiles/htdocs/faq/tests/Feature/Category/CategoryQuestionsTest.php" line="61" assertions="8" time="0.204217"/>
      <testcase name="test_category_questions_orders_by_created_at_descending" class="Tests\Feature\Category\CategoryQuestionsTest" classname="Tests.Feature.Category.CategoryQuestionsTest" file="/Applications/XAMPP/xamppfiles/htdocs/faq/tests/Feature/Category/CategoryQuestionsTest.php" line="79" assertions="3" time="0.046852"/>
      <testcase name="test_category_questions_includes_unpublished_questions" class="Tests\Feature\Category\CategoryQuestionsTest" classname="Tests.Feature.Category.CategoryQuestionsTest" file="/Applications/XAMPP/xamppfiles/htdocs/faq/tests/Feature/Category/CategoryQuestionsTest.php" line="99" assertions="4" time="0.043464"/>
      <testcase name="test_category_questions_returns_empty_data_when_category_has_no_questions" class="Tests\Feature\Category\CategoryQuestionsTest" classname="Tests.Feature.Category.CategoryQuestionsTest" file="/Applications/XAMPP/xamppfiles/htdocs/faq/tests/Feature/Category/CategoryQuestionsTest.php" line="115" assertions="3" time="0.039070"/>
      <testcase name="test_category_questions_returns_404_for_unknown_category_slug" class="Tests\Feature\Category\CategoryQuestionsTest" classname="Tests.Feature.Category.CategoryQuestionsTest" file="/Applications/XAMPP/xamppfiles/htdocs/faq/tests/Feature/Category/CategoryQuestionsTest.php" line="125" assertions="1" time="0.029082"/>
      <testcase name="test_category_questions_eager_loads_user_and_category" class="Tests\Feature\Category\CategoryQuestionsTest" classname="Tests.Feature.Category.CategoryQuestionsTest" file="/Applications/XAMPP/xamppfiles/htdocs/faq/tests/Feature/Category/CategoryQuestionsTest.php" line="130" assertions="4" time="0.045442"/>
      <testcase name="test_category_questions_endpoint_is_public_without_authentication" class="Tests\Feature\Category\CategoryQuestionsTest" classname="Tests.Feature.Category.CategoryQuestionsTest" file="/Applications/XAMPP/xamppfiles/htdocs/faq/tests/Feature/Category/CategoryQuestionsTest.php" line="144" assertions="2" time="0.039707"/>
      <testcase name="test_category_questions_excludes_questions_from_other_categories" class="Tests\Feature\Category\CategoryQuestionsTest" classname="Tests.Feature.Category.CategoryQuestionsTest" file="/Applications/XAMPP/xamppfiles/htdocs/faq/tests/Feature/Category/CategoryQuestionsTest.php" line="154" assertions="3" time="0.063612"/>
      <testcase name="test_category_questions_includes_answers_and_votes_counts" class="Tests\Feature\Category\CategoryQuestionsTest" classname="Tests.Feature.Category.CategoryQuestionsTest" file="/Applications/XAMPP/xamppfiles/htdocs/faq/tests/Feature/Category/CategoryQuestionsTest.php" line="167" assertions="5" time="0.044166"/>
    </testsuite>
    <testsuite name="Tests\Feature\Category\CategorySecurityTest" file="/Applications/XAMPP/xamppfiles/htdocs/faq/tests/Feature/Category/CategorySecurityTest.php" tests="16" assertions="56" errors="0" failures="0" skipped="0" time="0.618585">
      <testsuite name="Tests\Feature\Category\CategorySecurityTest::test_unauthenticated_requests_to_mutating_endpoints_return_401" tests="4" assertions="4" errors="0" failures="0" skipped="0" time="0.121253">
        <testcase name="test_unauthenticated_requests_to_mutating_endpoints_return_401 with data set &quot;store&quot;" class="Tests\Feature\Category\CategorySecurityTest" classname="Tests.Feature.Category.CategorySecurityTest" file="/Applications/XAMPP/xamppfiles/htdocs/faq/tests/Feature/Category/CategorySecurityTest.php" line="156" assertions="1" time="0.028743"/>
        <testcase name="test_unauthenticated_requests_to_mutating_endpoints_return_401 with data set &quot;update put&quot;" class="Tests\Feature\Category\CategorySecurityTest" classname="Tests.Feature.Category.CategorySecurityTest" file="/Applications/XAMPP/xamppfiles/htdocs/faq/tests/Feature/Category/CategorySecurityTest.php" line="156" assertions="1" time="0.029330"/>
        <testcase name="test_unauthenticated_requests_to_mutating_endpoints_return_401 with data set &quot;update patch&quot;" class="Tests\Feature\Category\CategorySecurityTest" classname="Tests.Feature.Category.CategorySecurityTest" file="/Applications/XAMPP/xamppfiles/htdocs/faq/tests/Feature/Category/CategorySecurityTest.php" line="156" assertions="1" time="0.030269"/>
        <testcase name="test_unauthenticated_requests_to_mutating_endpoints_return_401 with data set &quot;destroy&quot;" class="Tests\Feature\Category\CategorySecurityTest" classname="Tests.Feature.Category.CategorySecurityTest" file="/Applications/XAMPP/xamppfiles/htdocs/faq/tests/Feature/Category/CategorySecurityTest.php" line="156" assertions="1" time="0.032911"/>
      </testsuite>
      <testcase name="test_mass_assignment_cannot_override_id_or_timestamps_on_store" class="Tests\Feature\Category\CategorySecurityTest" classname="Tests.Feature.Category.CategorySecurityTest" file="/Applications/XAMPP/xamppfiles/htdocs/faq/tests/Feature/Category/CategorySecurityTest.php" line="18" assertions="5" time="0.051160"/>
      <testcase name="test_mass_assignment_cannot_override_id_on_update" class="Tests\Feature\Category\CategorySecurityTest" classname="Tests.Feature.Category.CategorySecurityTest" file="/Applications/XAMPP/xamppfiles/htdocs/faq/tests/Feature/Category/CategorySecurityTest.php" line="42" assertions="3" time="0.050657"/>
      <testcase name="test_non_admin_cannot_bypass_authorization_via_direct_http_verbs" class="Tests\Feature\Category\CategorySecurityTest" classname="Tests.Feature.Category.CategorySecurityTest" file="/Applications/XAMPP/xamppfiles/htdocs/faq/tests/Feature/Category/CategorySecurityTest.php" line="61" assertions="6" time="0.052483"/>
      <testcase name="test_idor_guessing_category_id_does_not_resolve_when_routes_are_slug_scoped" class="Tests\Feature\Category\CategorySecurityTest" classname="Tests.Feature.Category.CategorySecurityTest" file="/Applications/XAMPP/xamppfiles/htdocs/faq/tests/Feature/Category/CategorySecurityTest.php" line="79" assertions="3" time="0.036270"/>
      <testcase name="test_sql_injection_in_slug_path_does_not_mutate_or_leak_categories" class="Tests\Feature\Category\CategorySecurityTest" classname="Tests.Feature.Category.CategorySecurityTest" file="/Applications/XAMPP/xamppfiles/htdocs/faq/tests/Feature/Category/CategorySecurityTest.php" line="94" assertions="4" time="0.035424"/>
      <testcase name="test_sql_injection_in_index_query_is_parameterized_and_does_not_return_all_rows" class="Tests\Feature\Category\CategorySecurityTest" classname="Tests.Feature.Category.CategorySecurityTest" file="/Applications/XAMPP/xamppfiles/htdocs/faq/tests/Feature/Category/CategorySecurityTest.php" line="108" assertions="2" time="0.039659"/>
      <testcase name="test_xss_payload_in_name_is_stored_as_plain_text_and_json_encoded" class="Tests\Feature\Category\CategorySecurityTest" classname="Tests.Feature.Category.CategorySecurityTest" file="/Applications/XAMPP/xamppfiles/htdocs/faq/tests/Feature/Category/CategorySecurityTest.php" line="118" assertions="4" time="0.035469"/>
      <testcase name="test_category_resource_does_not_expose_sensitive_user_fields" class="Tests\Feature\Category\CategorySecurityTest" classname="Tests.Feature.Category.CategorySecurityTest" file="/Applications/XAMPP/xamppfiles/htdocs/faq/tests/Feature/Category/CategorySecurityTest.php" line="136" assertions="4" time="0.030632"/>
      <testcase name="test_can_permissions_reflect_policy_for_guest_user_and_admin" class="Tests\Feature\Category\CategorySecurityTest" classname="Tests.Feature.Category.CategorySecurityTest" file="/Applications/XAMPP/xamppfiles/htdocs/faq/tests/Feature/Category/CategorySecurityTest.php" line="174" assertions="12" time="0.046254"/>
      <testcase name="test_role_user_string_admin_is_required_not_level" class="Tests\Feature\Category\CategorySecurityTest" classname="Tests.Feature.Category.CategorySecurityTest" file="/Applications/XAMPP/xamppfiles/htdocs/faq/tests/Feature/Category/CategorySecurityTest.php" line="199" assertions="2" time="0.043455"/>
      <testcase name="test_parent_id_cannot_reference_soft_deleted_parent_because_categories_are_hard_deleted" class="Tests\Feature\Category\CategorySecurityTest" classname="Tests.Feature.Category.CategorySecurityTest" file="/Applications/XAMPP/xamppfiles/htdocs/faq/tests/Feature/Category/CategorySecurityTest.php" line="209" assertions="5" time="0.039120"/>
      <testcase name="test_circular_parent_assignment_to_descendant_is_currently_allowed" class="Tests\Feature\Category\CategorySecurityTest" classname="Tests.Feature.Category.CategorySecurityTest" file="/Applications/XAMPP/xamppfiles/htdocs/faq/tests/Feature/Category/CategorySecurityTest.php" line="223" assertions="2" time="0.036749"/>
    </testsuite>
    <testsuite name="Tests\Feature\Category\CategoryShowTest" file="/Applications/XAMPP/xamppfiles/htdocs/faq/tests/Feature/Category/CategoryShowTest.php" tests="9" assertions="40" errors="0" failures="0" skipped="0" time="0.322711">
      <testcase name="test_guest_can_show_category_by_slug_with_children" class="Tests\Feature\Category\CategoryShowTest" classname="Tests.Feature.Category.CategoryShowTest" file="/Applications/XAMPP/xamppfiles/htdocs/faq/tests/Feature/Category/CategoryShowTest.php" line="14" assertions="19" time="0.042566"/>
      <testcase name="test_show_returns_empty_children_array_when_category_has_none" class="Tests\Feature\Category\CategoryShowTest" classname="Tests.Feature.Category.CategoryShowTest" file="/Applications/XAMPP/xamppfiles/htdocs/faq/tests/Feature/Category/CategoryShowTest.php" line="44" assertions="2" time="0.035918"/>
      <testcase name="test_show_omits_questions_count_when_not_eager_counted" class="Tests\Feature\Category\CategoryShowTest" classname="Tests.Feature.Category.CategoryShowTest" file="/Applications/XAMPP/xamppfiles/htdocs/faq/tests/Feature/Category/CategoryShowTest.php" line="53" assertions="2" time="0.037841"/>
      <testcase name="test_show_returns_404_for_unknown_slug" class="Tests\Feature\Category\CategoryShowTest" classname="Tests.Feature.Category.CategoryShowTest" file="/Applications/XAMPP/xamppfiles/htdocs/faq/tests/Feature/Category/CategoryShowTest.php" line="62" assertions="1" time="0.028781"/>
      <testcase name="test_show_returns_404_when_looking_up_by_numeric_id_instead_of_slug" class="Tests\Feature\Category\CategoryShowTest" classname="Tests.Feature.Category.CategoryShowTest" file="/Applications/XAMPP/xamppfiles/htdocs/faq/tests/Feature/Category/CategoryShowTest.php" line="67" assertions="1" time="0.029660"/>
      <testcase name="test_authenticated_admin_sees_can_permissions_on_show" class="Tests\Feature\Category\CategoryShowTest" classname="Tests.Feature.Category.CategoryShowTest" file="/Applications/XAMPP/xamppfiles/htdocs/faq/tests/Feature/Category/CategoryShowTest.php" line="74" assertions="4" time="0.032182"/>
      <testcase name="test_authenticated_non_admin_sees_view_true_and_write_false_on_show" class="Tests\Feature\Category\CategoryShowTest" classname="Tests.Feature.Category.CategoryShowTest" file="/Applications/XAMPP/xamppfiles/htdocs/faq/tests/Feature/Category/CategoryShowTest.php" line="86" assertions="4" time="0.031537"/>
      <testcase name="test_show_includes_nested_children_but_not_grandchildren_by_default" class="Tests\Feature\Category\CategoryShowTest" classname="Tests.Feature.Category.CategoryShowTest" file="/Applications/XAMPP/xamppfiles/htdocs/faq/tests/Feature/Category/CategoryShowTest.php" line="98" assertions="4" time="0.036662"/>
      <testcase name="test_show_exposes_created_at" class="Tests\Feature\Category\CategoryShowTest" classname="Tests.Feature.Category.CategoryShowTest" file="/Applications/XAMPP/xamppfiles/htdocs/faq/tests/Feature/Category/CategoryShowTest.php" line="112" assertions="3" time="0.047565"/>
    </testsuite>
    <testsuite name="Tests\Feature\Category\CategoryStoreTest" file="/Applications/XAMPP/xamppfiles/htdocs/faq/tests/Feature/Category/CategoryStoreTest.php" tests="19" assertions="73" errors="0" failures="0" skipped="0" time="0.757202">
      <testsuite name="Tests\Feature\Category\CategoryStoreTest::test_store_validation_rejects_invalid_payloads" tests="8" assertions="32" errors="0" failures="0" skipped="0" time="0.327937">
        <testcase name="test_store_validation_rejects_invalid_payloads with data set &quot;missing name&quot;" class="Tests\Feature\Category\CategoryStoreTest" classname="Tests.Feature.Category.CategoryStoreTest" file="/Applications/XAMPP/xamppfiles/htdocs/faq/tests/Feature/Category/CategoryStoreTest.php" line="139" assertions="4" time="0.055027"/>
        <testcase name="test_store_validation_rejects_invalid_payloads with data set &quot;null name&quot;" class="Tests\Feature\Category\CategoryStoreTest" classname="Tests.Feature.Category.CategoryStoreTest" file="/Applications/XAMPP/xamppfiles/htdocs/faq/tests/Feature/Category/CategoryStoreTest.php" line="139" assertions="4" time="0.036892"/>
        <testcase name="test_store_validation_rejects_invalid_payloads with data set &quot;empty name&quot;" class="Tests\Feature\Category\CategoryStoreTest" classname="Tests.Feature.Category.CategoryStoreTest" file="/Applications/XAMPP/xamppfiles/htdocs/faq/tests/Feature/Category/CategoryStoreTest.php" line="139" assertions="4" time="0.037531"/>
        <testcase name="test_store_validation_rejects_invalid_payloads with data set &quot;name not a string&quot;" class="Tests\Feature\Category\CategoryStoreTest" classname="Tests.Feature.Category.CategoryStoreTest" file="/Applications/XAMPP/xamppfiles/htdocs/faq/tests/Feature/Category/CategoryStoreTest.php" line="139" assertions="4" time="0.036530"/>
        <testcase name="test_store_validation_rejects_invalid_payloads with data set &quot;name exceeding max&quot;" class="Tests\Feature\Category\CategoryStoreTest" classname="Tests.Feature.Category.CategoryStoreTest" file="/Applications/XAMPP/xamppfiles/htdocs/faq/tests/Feature/Category/CategoryStoreTest.php" line="139" assertions="4" time="0.034349"/>
        <testcase name="test_store_validation_rejects_invalid_payloads with data set &quot;duplicate name&quot;" class="Tests\Feature\Category\CategoryStoreTest" classname="Tests.Feature.Category.CategoryStoreTest" file="/Applications/XAMPP/xamppfiles/htdocs/faq/tests/Feature/Category/CategoryStoreTest.php" line="139" assertions="4" time="0.042411"/>
        <testcase name="test_store_validation_rejects_invalid_payloads with data set &quot;parent_id not existing&quot;" class="Tests\Feature\Category\CategoryStoreTest" classname="Tests.Feature.Category.CategoryStoreTest" file="/Applications/XAMPP/xamppfiles/htdocs/faq/tests/Feature/Category/CategoryStoreTest.php" line="139" assertions="4" time="0.049031"/>
        <testcase name="test_store_validation_rejects_invalid_payloads with data set &quot;parent_id not an integer-like id&quot;" class="Tests\Feature\Category\CategoryStoreTest" classname="Tests.Feature.Category.CategoryStoreTest" file="/Applications/XAMPP/xamppfiles/htdocs/faq/tests/Feature/Category/CategoryStoreTest.php" line="139" assertions="4" time="0.036165"/>
      </testsuite>
      <testcase name="test_guest_cannot_create_category" class="Tests\Feature\Category\CategoryStoreTest" classname="Tests.Feature.Category.CategoryStoreTest" file="/Applications/XAMPP/xamppfiles/htdocs/faq/tests/Feature/Category/CategoryStoreTest.php" line="17" assertions="2" time="0.027649"/>
      <testcase name="test_authenticated_non_admin_cannot_create_category" class="Tests\Feature\Category\CategoryStoreTest" classname="Tests.Feature.Category.CategoryStoreTest" file="/Applications/XAMPP/xamppfiles/htdocs/faq/tests/Feature/Category/CategoryStoreTest.php" line="25" assertions="2" time="0.033092"/>
      <testcase name="test_admin_can_create_root_category" class="Tests\Feature\Category\CategoryStoreTest" classname="Tests.Feature.Category.CategoryStoreTest" file="/Applications/XAMPP/xamppfiles/htdocs/faq/tests/Feature/Category/CategoryStoreTest.php" line="35" assertions="13" time="0.041811"/>
      <testcase name="test_admin_can_create_child_category_with_valid_parent_id" class="Tests\Feature\Category\CategoryStoreTest" classname="Tests.Feature.Category.CategoryStoreTest" file="/Applications/XAMPP/xamppfiles/htdocs/faq/tests/Feature/Category/CategoryStoreTest.php" line="64" assertions="4" time="0.038472"/>
      <testcase name="test_admin_creating_category_always_generates_slug_from_name" class="Tests\Feature\Category\CategoryStoreTest" classname="Tests.Feature.Category.CategoryStoreTest" file="/Applications/XAMPP/xamppfiles/htdocs/faq/tests/Feature/Category/CategoryStoreTest.php" line="83" assertions="4" time="0.041233"/>
      <testcase name="test_store_accepts_name_at_max_length_boundary" class="Tests\Feature\Category\CategoryStoreTest" classname="Tests.Feature.Category.CategoryStoreTest" file="/Applications/XAMPP/xamppfiles/htdocs/faq/tests/Feature/Category/CategoryStoreTest.php" line="101" assertions="2" time="0.037312"/>
      <testcase name="test_store_accepts_null_parent_id" class="Tests\Feature\Category\CategoryStoreTest" classname="Tests.Feature.Category.CategoryStoreTest" file="/Applications/XAMPP/xamppfiles/htdocs/faq/tests/Feature/Category/CategoryStoreTest.php" line="112" assertions="2" time="0.031148"/>
      <testcase name="test_store_response_includes_admin_can_permissions" class="Tests\Feature\Category\CategoryStoreTest" classname="Tests.Feature.Category.CategoryStoreTest" file="/Applications/XAMPP/xamppfiles/htdocs/faq/tests/Feature/Category/CategoryStoreTest.php" line="127" assertions="4" time="0.040359"/>
      <testcase name="test_store_uses_str_slug_rules_for_special_characters_in_name" class="Tests\Feature\Category\CategoryStoreTest" classname="Tests.Feature.Category.CategoryStoreTest" file="/Applications/XAMPP/xamppfiles/htdocs/faq/tests/Feature/Category/CategoryStoreTest.php" line="189" assertions="2" time="0.043857"/>
      <testcase name="test_auto_generated_slug_can_collide_with_existing_slug_due_to_missing_unique_rule" class="Tests\Feature\Category\CategoryStoreTest" classname="Tests.Feature.Category.CategoryStoreTest" file="/Applications/XAMPP/xamppfiles/htdocs/faq/tests/Feature/Category/CategoryStoreTest.php" line="199" assertions="3" time="0.060307"/>
      <testcase name="test_store_does_not_persist_non_fillable_description" class="Tests\Feature\Category\CategoryStoreTest" classname="Tests.Feature.Category.CategoryStoreTest" file="/Applications/XAMPP/xamppfiles/htdocs/faq/tests/Feature/Category/CategoryStoreTest.php" line="212" assertions="3" time="0.034025"/>
    </testsuite>
    <testsuite name="Tests\Feature\Category\CategoryUpdateTest" file="/Applications/XAMPP/xamppfiles/htdocs/faq/tests/Feature/Category/CategoryUpdateTest.php" tests="19" assertions="60" errors="0" failures="0" skipped="0" time="0.776551">
      <testsuite name="Tests\Feature\Category\CategoryUpdateTest::test_update_validation_rejects_invalid_payloads" tests="7" assertions="28" errors="0" failures="0" skipped="0" time="0.30602">
        <testcase name="test_update_validation_rejects_invalid_payloads with data set &quot;missing name&quot;" class="Tests\Feature\Category\CategoryUpdateTest" classname="Tests.Feature.Category.CategoryUpdateTest" file="/Applications/XAMPP/xamppfiles/htdocs/faq/tests/Feature/Category/CategoryUpdateTest.php" line="154" assertions="4" time="0.041853"/>
        <testcase name="test_update_validation_rejects_invalid_payloads with data set &quot;null name&quot;" class="Tests\Feature\Category\CategoryUpdateTest" classname="Tests.Feature.Category.CategoryUpdateTest" file="/Applications/XAMPP/xamppfiles/htdocs/faq/tests/Feature/Category/CategoryUpdateTest.php" line="154" assertions="4" time="0.037921"/>
        <testcase name="test_update_validation_rejects_invalid_payloads with data set &quot;empty name&quot;" class="Tests\Feature\Category\CategoryUpdateTest" classname="Tests.Feature.Category.CategoryUpdateTest" file="/Applications/XAMPP/xamppfiles/htdocs/faq/tests/Feature/Category/CategoryUpdateTest.php" line="154" assertions="4" time="0.041322"/>
        <testcase name="test_update_validation_rejects_invalid_payloads with data set &quot;name not a string&quot;" class="Tests\Feature\Category\CategoryUpdateTest" classname="Tests.Feature.Category.CategoryUpdateTest" file="/Applications/XAMPP/xamppfiles/htdocs/faq/tests/Feature/Category/CategoryUpdateTest.php" line="154" assertions="4" time="0.052838"/>
        <testcase name="test_update_validation_rejects_invalid_payloads with data set &quot;name exceeding max&quot;" class="Tests\Feature\Category\CategoryUpdateTest" classname="Tests.Feature.Category.CategoryUpdateTest" file="/Applications/XAMPP/xamppfiles/htdocs/faq/tests/Feature/Category/CategoryUpdateTest.php" line="154" assertions="4" time="0.052370"/>
        <testcase name="test_update_validation_rejects_invalid_payloads with data set &quot;duplicate name&quot;" class="Tests\Feature\Category\CategoryUpdateTest" classname="Tests.Feature.Category.CategoryUpdateTest" file="/Applications/XAMPP/xamppfiles/htdocs/faq/tests/Feature/Category/CategoryUpdateTest.php" line="154" assertions="4" time="0.044051"/>
        <testcase name="test_update_validation_rejects_invalid_payloads with data set &quot;parent_id not existing&quot;" class="Tests\Feature\Category\CategoryUpdateTest" classname="Tests.Feature.Category.CategoryUpdateTest" file="/Applications/XAMPP/xamppfiles/htdocs/faq/tests/Feature/Category/CategoryUpdateTest.php" line="154" assertions="4" time="0.035666"/>
      </testsuite>
      <testcase name="test_guest_cannot_update_category" class="Tests\Feature\Category\CategoryUpdateTest" classname="Tests.Feature.Category.CategoryUpdateTest" file="/Applications/XAMPP/xamppfiles/htdocs/faq/tests/Feature/Category/CategoryUpdateTest.php" line="16" assertions="2" time="0.030006"/>
      <testcase name="test_authenticated_non_admin_cannot_update_category" class="Tests\Feature\Category\CategoryUpdateTest" classname="Tests.Feature.Category.CategoryUpdateTest" file="/Applications/XAMPP/xamppfiles/htdocs/faq/tests/Feature/Category/CategoryUpdateTest.php" line="30" assertions="2" time="0.033559"/>
      <testcase name="test_admin_can_update_category_name_and_regenerates_slug" class="Tests\Feature\Category\CategoryUpdateTest" classname="Tests.Feature.Category.CategoryUpdateTest" file="/Applications/XAMPP/xamppfiles/htdocs/faq/tests/Feature/Category/CategoryUpdateTest.php" line="44" assertions="6" time="0.033638"/>
      <testcase name="test_admin_can_assign_parent_on_update" class="Tests\Feature\Category\CategoryUpdateTest" classname="Tests.Feature.Category.CategoryUpdateTest" file="/Applications/XAMPP/xamppfiles/htdocs/faq/tests/Feature/Category/CategoryUpdateTest.php" line="64" assertions="2" time="0.043559"/>
      <testcase name="test_admin_can_clear_parent_id_with_null" class="Tests\Feature\Category\CategoryUpdateTest" classname="Tests.Feature.Category.CategoryUpdateTest" file="/Applications/XAMPP/xamppfiles/htdocs/faq/tests/Feature/Category/CategoryUpdateTest.php" line="81" assertions="2" time="0.039734"/>
      <testcase name="test_update_allows_keeping_same_name" class="Tests\Feature\Category\CategoryUpdateTest" classname="Tests.Feature.Category.CategoryUpdateTest" file="/Applications/XAMPP/xamppfiles/htdocs/faq/tests/Feature/Category/CategoryUpdateTest.php" line="101" assertions="3" time="0.037826"/>
      <testcase name="test_client_supplied_slug_is_ignored_on_update" class="Tests\Feature\Category\CategoryUpdateTest" classname="Tests.Feature.Category.CategoryUpdateTest" file="/Applications/XAMPP/xamppfiles/htdocs/faq/tests/Feature/Category/CategoryUpdateTest.php" line="113" assertions="4" time="0.040572"/>
      <testcase name="test_update_returns_404_for_unknown_slug" class="Tests\Feature\Category\CategoryUpdateTest" classname="Tests.Feature.Category.CategoryUpdateTest" file="/Applications/XAMPP/xamppfiles/htdocs/faq/tests/Feature/Category/CategoryUpdateTest.php" line="128" assertions="1" time="0.042888"/>
      <testcase name="test_update_allows_self_as_parent_due_to_missing_business_rule" class="Tests\Feature\Category\CategoryUpdateTest" classname="Tests.Feature.Category.CategoryUpdateTest" file="/Applications/XAMPP/xamppfiles/htdocs/faq/tests/Feature/Category/CategoryUpdateTest.php" line="136" assertions="2" time="0.041219"/>
      <testcase name="test_update_accepts_name_at_max_length_boundary" class="Tests\Feature\Category\CategoryUpdateTest" classname="Tests.Feature.Category.CategoryUpdateTest" file="/Applications/XAMPP/xamppfiles/htdocs/faq/tests/Feature/Category/CategoryUpdateTest.php" line="205" assertions="2" time="0.034948"/>
      <testcase name="test_after_name_change_old_slug_route_returns_404" class="Tests\Feature\Category\CategoryUpdateTest" classname="Tests.Feature.Category.CategoryUpdateTest" file="/Applications/XAMPP/xamppfiles/htdocs/faq/tests/Feature/Category/CategoryUpdateTest.php" line="220" assertions="3" time="0.056269"/>
      <testcase name="test_patch_update_behaves_like_put_and_requires_name" class="Tests\Feature\Category\CategoryUpdateTest" classname="Tests.Feature.Category.CategoryUpdateTest" file="/Applications/XAMPP/xamppfiles/htdocs/faq/tests/Feature/Category/CategoryUpdateTest.php" line="232" assertions="3" time="0.036313"/>
    </testsuite>
    <testsuite name="Tests\Feature\Comment\CommentDestroyTest" file="/Applications/XAMPP/xamppfiles/htdocs/faq/tests/Feature/Comment/CommentDestroyTest.php" tests="7" assertions="16" errors="0" failures="0" skipped="0" time="0.308605">
      <testcase name="test_owner_can_delete_unpublished_comment" class="Tests\Feature\Comment\CommentDestroyTest" classname="Tests.Feature.Comment.CommentDestroyTest" file="/Applications/XAMPP/xamppfiles/htdocs/faq/tests/Feature/Comment/CommentDestroyTest.php" line="16" assertions="3" time="0.039985"/>
      <testcase name="test_guest_cannot_delete_comment" class="Tests\Feature\Comment\CommentDestroyTest" classname="Tests.Feature.Comment.CommentDestroyTest" file="/Applications/XAMPP/xamppfiles/htdocs/faq/tests/Feature/Comment/CommentDestroyTest.php" line="29" assertions="2" time="0.046266"/>
      <testcase name="test_non_owner_cannot_delete_unpublished_comment_even_as_admin" class="Tests\Feature\Comment\CommentDestroyTest" classname="Tests.Feature.Comment.CommentDestroyTest" file="/Applications/XAMPP/xamppfiles/htdocs/faq/tests/Feature/Comment/CommentDestroyTest.php" line="39" assertions="2" time="0.050854"/>
      <testcase name="test_owner_cannot_delete_published_comment" class="Tests\Feature\Comment\CommentDestroyTest" classname="Tests.Feature.Comment.CommentDestroyTest" file="/Applications/XAMPP/xamppfiles/htdocs/faq/tests/Feature/Comment/CommentDestroyTest.php" line="53" assertions="2" time="0.038616"/>
      <testcase name="test_delete_returns_404_for_missing_comment" class="Tests\Feature\Comment\CommentDestroyTest" classname="Tests.Feature.Comment.CommentDestroyTest" file="/Applications/XAMPP/xamppfiles/htdocs/faq/tests/Feature/Comment/CommentDestroyTest.php" line="66" assertions="1" time="0.036501"/>
      <testcase name="test_idor_attacker_cannot_delete_victim_draft" class="Tests\Feature\Comment\CommentDestroyTest" classname="Tests.Feature.Comment.CommentDestroyTest" file="/Applications/XAMPP/xamppfiles/htdocs/faq/tests/Feature/Comment/CommentDestroyTest.php" line="73" assertions="2" time="0.048447"/>
      <testcase name="test_deleting_comment_hard_deletes_row" class="Tests\Feature\Comment\CommentDestroyTest" classname="Tests.Feature.Comment.CommentDestroyTest" file="/Applications/XAMPP/xamppfiles/htdocs/faq/tests/Feature/Comment/CommentDestroyTest.php" line="85" assertions="4" time="0.047937"/>
    </testsuite>
    <testsuite name="Tests\Feature\Comment\CommentIndexTest" file="/Applications/XAMPP/xamppfiles/htdocs/faq/tests/Feature/Comment/CommentIndexTest.php" tests="14" assertions="68" errors="0" failures="0" skipped="0" time="0.892456">
      <testcase name="test_guest_can_list_published_question_comments_with_pagination_meta" class="Tests\Feature\Comment\CommentIndexTest" classname="Tests.Feature.Comment.CommentIndexTest" file="/Applications/XAMPP/xamppfiles/htdocs/faq/tests/Feature/Comment/CommentIndexTest.php" line="18" assertions="30" time="0.064941"/>
      <testcase name="test_guest_can_list_published_answer_comments" class="Tests\Feature\Comment\CommentIndexTest" classname="Tests.Feature.Comment.CommentIndexTest" file="/Applications/XAMPP/xamppfiles/htdocs/faq/tests/Feature/Comment/CommentIndexTest.php" line="48" assertions="3" time="0.055133"/>
      <testcase name="test_index_paginates_ten_comments_per_page" class="Tests\Feature\Comment\CommentIndexTest" classname="Tests.Feature.Comment.CommentIndexTest" file="/Applications/XAMPP/xamppfiles/htdocs/faq/tests/Feature/Comment/CommentIndexTest.php" line="60" assertions="8" time="0.146916"/>
      <testcase name="test_index_returns_empty_collection_when_no_comments_exist" class="Tests\Feature\Comment\CommentIndexTest" classname="Tests.Feature.Comment.CommentIndexTest" file="/Applications/XAMPP/xamppfiles/htdocs/faq/tests/Feature/Comment/CommentIndexTest.php" line="79" assertions="3" time="0.044897"/>
      <testcase name="test_authenticated_user_sees_own_unpublished_comments" class="Tests\Feature\Comment\CommentIndexTest" classname="Tests.Feature.Comment.CommentIndexTest" file="/Applications/XAMPP/xamppfiles/htdocs/faq/tests/Feature/Comment/CommentIndexTest.php" line="89" assertions="3" time="0.054236"/>
      <testcase name="test_higher_level_user_sees_lower_level_unpublished_comments" class="Tests\Feature\Comment\CommentIndexTest" classname="Tests.Feature.Comment.CommentIndexTest" file="/Applications/XAMPP/xamppfiles/htdocs/faq/tests/Feature/Comment/CommentIndexTest.php" line="112" assertions="2" time="0.050617"/>
      <testcase name="test_same_level_user_cannot_see_another_users_unpublished_comment" class="Tests\Feature\Comment\CommentIndexTest" classname="Tests.Feature.Comment.CommentIndexTest" file="/Applications/XAMPP/xamppfiles/htdocs/faq/tests/Feature/Comment/CommentIndexTest.php" line="128" assertions="2" time="0.063370"/>
      <testcase name="test_lower_level_user_cannot_see_higher_level_unpublished_comments" class="Tests\Feature\Comment\CommentIndexTest" classname="Tests.Feature.Comment.CommentIndexTest" file="/Applications/XAMPP/xamppfiles/htdocs/faq/tests/Feature/Comment/CommentIndexTest.php" line="144" assertions="2" time="0.044601"/>
      <testcase name="test_guest_can_permissions_are_false" class="Tests\Feature\Comment\CommentIndexTest" classname="Tests.Feature.Comment.CommentIndexTest" file="/Applications/XAMPP/xamppfiles/htdocs/faq/tests/Feature/Comment/CommentIndexTest.php" line="160" assertions="5" time="0.047715"/>
      <testcase name="test_index_includes_user_vote_for_authenticated_voter" class="Tests\Feature\Comment\CommentIndexTest" classname="Tests.Feature.Comment.CommentIndexTest" file="/Applications/XAMPP/xamppfiles/htdocs/faq/tests/Feature/Comment/CommentIndexTest.php" line="173" assertions="3" time="0.069526"/>
      <testcase name="test_index_returns_404_for_missing_question" class="Tests\Feature\Comment\CommentIndexTest" classname="Tests.Feature.Comment.CommentIndexTest" file="/Applications/XAMPP/xamppfiles/htdocs/faq/tests/Feature/Comment/CommentIndexTest.php" line="188" assertions="1" time="0.031332"/>
      <testcase name="test_index_returns_404_for_missing_answer" class="Tests\Feature\Comment\CommentIndexTest" classname="Tests.Feature.Comment.CommentIndexTest" file="/Applications/XAMPP/xamppfiles/htdocs/faq/tests/Feature/Comment/CommentIndexTest.php" line="193" assertions="1" time="0.035507"/>
      <testcase name="test_comments_on_different_parents_are_isolated" class="Tests\Feature\Comment\CommentIndexTest" classname="Tests.Feature.Comment.CommentIndexTest" file="/Applications/XAMPP/xamppfiles/htdocs/faq/tests/Feature/Comment/CommentIndexTest.php" line="198" assertions="3" time="0.090533"/>
      <testcase name="test_index_orders_comments_latest_first" class="Tests\Feature\Comment\CommentIndexTest" classname="Tests.Feature.Comment.CommentIndexTest" file="/Applications/XAMPP/xamppfiles/htdocs/faq/tests/Feature/Comment/CommentIndexTest.php" line="211" assertions="2" time="0.093131"/>
    </testsuite>
    <testsuite name="Tests\Feature\Comment\CommentPublishTest" file="/Applications/XAMPP/xamppfiles/htdocs/faq/tests/Feature/Comment/CommentPublishTest.php" tests="12" assertions="31" errors="0" failures="0" skipped="0" time="0.692978">
      <testsuite name="Tests\Feature\Comment\CommentPublishTest::test_publish_allowed_for_level_two_and_above" tests="3" assertions="6" errors="0" failures="0" skipped="0" time="0.155496">
        <testcase name="test_publish_allowed_for_level_two_and_above with data set &quot;level 2 publishing level 5 author&quot;" class="Tests\Feature\Comment\CommentPublishTest" classname="Tests.Feature.Comment.CommentPublishTest" file="/Applications/XAMPP/xamppfiles/htdocs/faq/tests/Feature/Comment/CommentPublishTest.php" line="164" assertions="2" time="0.056264"/>
        <testcase name="test_publish_allowed_for_level_two_and_above with data set &quot;level 3 publishing same level&quot;" class="Tests\Feature\Comment\CommentPublishTest" classname="Tests.Feature.Comment.CommentPublishTest" file="/Applications/XAMPP/xamppfiles/htdocs/faq/tests/Feature/Comment/CommentPublishTest.php" line="164" assertions="2" time="0.051077"/>
        <testcase name="test_publish_allowed_for_level_two_and_above with data set &quot;level 4 publishing higher author&quot;" class="Tests\Feature\Comment\CommentPublishTest" classname="Tests.Feature.Comment.CommentPublishTest" file="/Applications/XAMPP/xamppfiles/htdocs/faq/tests/Feature/Comment/CommentPublishTest.php" line="164" assertions="2" time="0.048154"/>
      </testsuite>
      <testcase name="test_level_two_or_higher_can_publish_comment_on_question_and_awards_scores" class="Tests\Feature\Comment\CommentPublishTest" classname="Tests.Feature.Comment.CommentPublishTest" file="/Applications/XAMPP/xamppfiles/htdocs/faq/tests/Feature/Comment/CommentPublishTest.php" line="22" assertions="10" time="0.075184"/>
      <testcase name="test_owner_with_level_two_or_higher_can_publish_own_comment" class="Tests\Feature\Comment\CommentPublishTest" classname="Tests.Feature.Comment.CommentPublishTest" file="/Applications/XAMPP/xamppfiles/htdocs/faq/tests/Feature/Comment/CommentPublishTest.php" line="69" assertions="3" time="0.062286"/>
      <testcase name="test_publish_does_not_notify_when_question_has_no_owner" class="Tests\Feature\Comment\CommentPublishTest" classname="Tests.Feature.Comment.CommentPublishTest" file="/Applications/XAMPP/xamppfiles/htdocs/faq/tests/Feature/Comment/CommentPublishTest.php" line="90" assertions="2" time="0.063132"/>
      <testcase name="test_publish_comment_on_answer_throws_type_error_for_notification" class="Tests\Feature\Comment\CommentPublishTest" classname="Tests.Feature.Comment.CommentPublishTest" file="/Applications/XAMPP/xamppfiles/htdocs/faq/tests/Feature/Comment/CommentPublishTest.php" line="109" assertions="1" time="0.054321"/>
      <testcase name="test_guest_cannot_publish_comment" class="Tests\Feature\Comment\CommentPublishTest" classname="Tests.Feature.Comment.CommentPublishTest" file="/Applications/XAMPP/xamppfiles/htdocs/faq/tests/Feature/Comment/CommentPublishTest.php" line="131" assertions="2" time="0.058490"/>
      <testcase name="test_level_one_cannot_publish_any_comment" class="Tests\Feature\Comment\CommentPublishTest" classname="Tests.Feature.Comment.CommentPublishTest" file="/Applications/XAMPP/xamppfiles/htdocs/faq/tests/Feature/Comment/CommentPublishTest.php" line="141" assertions="1" time="0.044344"/>
      <testcase name="test_cannot_publish_already_published_comment" class="Tests\Feature\Comment\CommentPublishTest" classname="Tests.Feature.Comment.CommentPublishTest" file="/Applications/XAMPP/xamppfiles/htdocs/faq/tests/Feature/Comment/CommentPublishTest.php" line="152" assertions="1" time="0.045829"/>
      <testcase name="test_publish_returns_404_for_missing_comment" class="Tests\Feature\Comment\CommentPublishTest" classname="Tests.Feature.Comment.CommentPublishTest" file="/Applications/XAMPP/xamppfiles/htdocs/faq/tests/Feature/Comment/CommentPublishTest.php" line="192" assertions="1" time="0.043249"/>
      <testcase name="test_publish_is_idempotent_denied_after_first_success" class="Tests\Feature\Comment\CommentPublishTest" classname="Tests.Feature.Comment.CommentPublishTest" file="/Applications/XAMPP/xamppfiles/htdocs/faq/tests/Feature/Comment/CommentPublishTest.php" line="199" assertions="4" time="0.090646"/>
    </testsuite>
    <testsuite name="Tests\Feature\Comment\CommentSecurityTest" file="/Applications/XAMPP/xamppfiles/htdocs/faq/tests/Feature/Comment/CommentSecurityTest.php" tests="10" assertions="40" errors="0" failures="0" skipped="0" time="0.624183">
      <testcase name="test_mass_assignment_cannot_override_user_id_or_published_on_store" class="Tests\Feature\Comment\CommentSecurityTest" classname="Tests.Feature.Comment.CommentSecurityTest" file="/Applications/XAMPP/xamppfiles/htdocs/faq/tests/Feature/Comment/CommentSecurityTest.php" line="17" assertions="4" time="0.064802"/>
      <testcase name="test_nested_user_resource_hides_email_and_mobile_from_other_users" class="Tests\Feature\Comment\CommentSecurityTest" classname="Tests.Feature.Comment.CommentSecurityTest" file="/Applications/XAMPP/xamppfiles/htdocs/faq/tests/Feature/Comment/CommentSecurityTest.php" line="36" assertions="5" time="0.057241"/>
      <testcase name="test_author_seeing_own_comment_receives_email_in_user_resource" class="Tests\Feature\Comment\CommentSecurityTest" classname="Tests.Feature.Comment.CommentSecurityTest" file="/Applications/XAMPP/xamppfiles/htdocs/faq/tests/Feature/Comment/CommentSecurityTest.php" line="58" assertions="2" time="0.057696"/>
      <testcase name="test_sql_injection_in_parent_id_does_not_break_index" class="Tests\Feature\Comment\CommentSecurityTest" classname="Tests.Feature.Comment.CommentSecurityTest" file="/Applications/XAMPP/xamppfiles/htdocs/faq/tests/Feature/Comment/CommentSecurityTest.php" line="71" assertions="2" time="0.051713"/>
      <testcase name="test_xss_payload_is_stripped_on_store_and_escaped_on_update" class="Tests\Feature\Comment\CommentSecurityTest" classname="Tests.Feature.Comment.CommentSecurityTest" file="/Applications/XAMPP/xamppfiles/htdocs/faq/tests/Feature/Comment/CommentSecurityTest.php" line="82" assertions="7" time="0.061621"/>
      <testcase name="test_can_permissions_in_resource_reflect_policy_for_authenticated_user" class="Tests\Feature\Comment\CommentSecurityTest" classname="Tests.Feature.Comment.CommentSecurityTest" file="/Applications/XAMPP/xamppfiles/htdocs/faq/tests/Feature/Comment/CommentSecurityTest.php" line="106" assertions="9" time="0.087695"/>
      <testcase name="test_idor_cannot_update_or_delete_victims_comment_by_guessing_id" class="Tests\Feature\Comment\CommentSecurityTest" classname="Tests.Feature.Comment.CommentSecurityTest" file="/Applications/XAMPP/xamppfiles/htdocs/faq/tests/Feature/Comment/CommentSecurityTest.php" line="131" assertions="3" time="0.052132"/>
      <testcase name="test_idor_level_one_cannot_publish_any_comment" class="Tests\Feature\Comment\CommentSecurityTest" classname="Tests.Feature.Comment.CommentSecurityTest" file="/Applications/XAMPP/xamppfiles/htdocs/faq/tests/Feature/Comment/CommentSecurityTest.php" line="155" assertions="2" time="0.046692"/>
      <testcase name="test_admin_flag_does_not_bypass_update_or_delete_policy" class="Tests\Feature\Comment\CommentSecurityTest" classname="Tests.Feature.Comment.CommentSecurityTest" file="/Applications/XAMPP/xamppfiles/htdocs/faq/tests/Feature/Comment/CommentSecurityTest.php" line="167" assertions="3" time="0.054123"/>
      <testcase name="test_sensitive_tokens_are_not_exposed_in_comment_json" class="Tests\Feature\Comment\CommentSecurityTest" classname="Tests.Feature.Comment.CommentSecurityTest" file="/Applications/XAMPP/xamppfiles/htdocs/faq/tests/Feature/Comment/CommentSecurityTest.php" line="189" assertions="3" time="0.090467"/>
    </testsuite>
    <testsuite name="Tests\Feature\Comment\CommentStoreTest" file="/Applications/XAMPP/xamppfiles/htdocs/faq/tests/Feature/Comment/CommentStoreTest.php" tests="20" assertions="72" errors="0" failures="0" skipped="0" time="1.185317">
      <testsuite name="Tests\Feature\Comment\CommentStoreTest::test_store_validation_rejects_invalid_payloads" tests="6" assertions="24" errors="0" failures="0" skipped="0" time="0.382464">
        <testcase name="test_store_validation_rejects_invalid_payloads with data set &quot;missing content&quot;" class="Tests\Feature\Comment\CommentStoreTest" classname="Tests.Feature.Comment.CommentStoreTest" file="/Applications/XAMPP/xamppfiles/htdocs/faq/tests/Feature/Comment/CommentStoreTest.php" line="141" assertions="4" time="0.055681"/>
        <testcase name="test_store_validation_rejects_invalid_payloads with data set &quot;null content&quot;" class="Tests\Feature\Comment\CommentStoreTest" classname="Tests.Feature.Comment.CommentStoreTest" file="/Applications/XAMPP/xamppfiles/htdocs/faq/tests/Feature/Comment/CommentStoreTest.php" line="141" assertions="4" time="0.064515"/>
        <testcase name="test_store_validation_rejects_invalid_payloads with data set &quot;empty content&quot;" class="Tests\Feature\Comment\CommentStoreTest" classname="Tests.Feature.Comment.CommentStoreTest" file="/Applications/XAMPP/xamppfiles/htdocs/faq/tests/Feature/Comment/CommentStoreTest.php" line="141" assertions="4" time="0.061700"/>
        <testcase name="test_store_validation_rejects_invalid_payloads with data set &quot;boolean content coerced then empty/short&quot;" class="Tests\Feature\Comment\CommentStoreTest" classname="Tests.Feature.Comment.CommentStoreTest" file="/Applications/XAMPP/xamppfiles/htdocs/faq/tests/Feature/Comment/CommentStoreTest.php" line="141" assertions="4" time="0.086802"/>
        <testcase name="test_store_validation_rejects_invalid_payloads with data set &quot;content exceeding max length&quot;" class="Tests\Feature\Comment\CommentStoreTest" classname="Tests.Feature.Comment.CommentStoreTest" file="/Applications/XAMPP/xamppfiles/htdocs/faq/tests/Feature/Comment/CommentStoreTest.php" line="141" assertions="4" time="0.069690"/>
        <testcase name="test_store_validation_rejects_invalid_payloads with data set &quot;html-only content stripped to empty&quot;" class="Tests\Feature\Comment\CommentStoreTest" classname="Tests.Feature.Comment.CommentStoreTest" file="/Applications/XAMPP/xamppfiles/htdocs/faq/tests/Feature/Comment/CommentStoreTest.php" line="141" assertions="4" time="0.044075"/>
      </testsuite>
      <testcase name="test_guest_cannot_create_comment" class="Tests\Feature\Comment\CommentStoreTest" classname="Tests.Feature.Comment.CommentStoreTest" file="/Applications/XAMPP/xamppfiles/htdocs/faq/tests/Feature/Comment/CommentStoreTest.php" line="20" assertions="2" time="0.039226"/>
      <testcase name="test_authenticated_user_can_create_unpublished_comment_on_question" class="Tests\Feature\Comment\CommentStoreTest" classname="Tests.Feature.Comment.CommentStoreTest" file="/Applications/XAMPP/xamppfiles/htdocs/faq/tests/Feature/Comment/CommentStoreTest.php" line="30" assertions="7" time="0.068385"/>
      <testcase name="test_authenticated_user_can_create_comment_on_answer" class="Tests\Feature\Comment\CommentStoreTest" classname="Tests.Feature.Comment.CommentStoreTest" file="/Applications/XAMPP/xamppfiles/htdocs/faq/tests/Feature/Comment/CommentStoreTest.php" line="67" assertions="3" time="0.070296"/>
      <testcase name="test_level_two_or_higher_auto_publishes_comment_on_store" class="Tests\Feature\Comment\CommentStoreTest" classname="Tests.Feature.Comment.CommentStoreTest" file="/Applications/XAMPP/xamppfiles/htdocs/faq/tests/Feature/Comment/CommentStoreTest.php" line="86" assertions="7" time="0.057043"/>
      <testcase name="test_store_does_not_award_score_on_create" class="Tests\Feature\Comment\CommentStoreTest" classname="Tests.Feature.Comment.CommentStoreTest" file="/Applications/XAMPP/xamppfiles/htdocs/faq/tests/Feature/Comment/CommentStoreTest.php" line="112" assertions="3" time="0.051716"/>
      <testcase name="test_store_returns_404_for_missing_question" class="Tests\Feature\Comment\CommentStoreTest" classname="Tests.Feature.Comment.CommentStoreTest" file="/Applications/XAMPP/xamppfiles/htdocs/faq/tests/Feature/Comment/CommentStoreTest.php" line="124" assertions="1" time="0.045143"/>
      <testcase name="test_store_returns_404_for_missing_answer" class="Tests\Feature\Comment\CommentStoreTest" classname="Tests.Feature.Comment.CommentStoreTest" file="/Applications/XAMPP/xamppfiles/htdocs/faq/tests/Feature/Comment/CommentStoreTest.php" line="132" assertions="1" time="0.031304"/>
      <testcase name="test_store_array_content_causes_strip_tags_type_error" class="Tests\Feature\Comment\CommentStoreTest" classname="Tests.Feature.Comment.CommentStoreTest" file="/Applications/XAMPP/xamppfiles/htdocs/faq/tests/Feature/Comment/CommentStoreTest.php" line="185" assertions="1" time="0.045391"/>
      <testcase name="test_store_accepts_content_at_max_length_boundary" class="Tests\Feature\Comment\CommentStoreTest" classname="Tests.Feature.Comment.CommentStoreTest" file="/Applications/XAMPP/xamppfiles/htdocs/faq/tests/Feature/Comment/CommentStoreTest.php" line="200" assertions="2" time="0.062948"/>
      <testcase name="test_store_accepts_short_content_without_min_length" class="Tests\Feature\Comment\CommentStoreTest" classname="Tests.Feature.Comment.CommentStoreTest" file="/Applications/XAMPP/xamppfiles/htdocs/faq/tests/Feature/Comment/CommentStoreTest.php" line="212" assertions="2" time="0.052364"/>
      <testcase name="test_store_ignores_mass_assignment_of_privileged_fields" class="Tests\Feature\Comment\CommentStoreTest" classname="Tests.Feature.Comment.CommentStoreTest" file="/Applications/XAMPP/xamppfiles/htdocs/faq/tests/Feature/Comment/CommentStoreTest.php" line="224" assertions="7" time="0.070508"/>
      <testcase name="test_store_strips_html_tags_via_prepare_for_validation" class="Tests\Feature\Comment\CommentStoreTest" classname="Tests.Feature.Comment.CommentStoreTest" file="/Applications/XAMPP/xamppfiles/htdocs/faq/tests/Feature/Comment/CommentStoreTest.php" line="250" assertions="5" time="0.070392"/>
      <testcase name="test_multiple_users_can_comment_on_same_question" class="Tests\Feature\Comment\CommentStoreTest" classname="Tests.Feature.Comment.CommentStoreTest" file="/Applications/XAMPP/xamppfiles/htdocs/faq/tests/Feature/Comment/CommentStoreTest.php" line="267" assertions="4" time="0.090106"/>
      <testcase name="test_store_response_includes_loaded_user" class="Tests\Feature\Comment\CommentStoreTest" classname="Tests.Feature.Comment.CommentStoreTest" file="/Applications/XAMPP/xamppfiles/htdocs/faq/tests/Feature/Comment/CommentStoreTest.php" line="287" assertions="3" time="0.048033"/>
    </testsuite>
    <testsuite name="Tests\Feature\Comment\CommentUpdateTest" file="/Applications/XAMPP/xamppfiles/htdocs/faq/tests/Feature/Comment/CommentUpdateTest.php" tests="18" assertions="51" errors="0" failures="0" skipped="0" time="1.00201">
      <testsuite name="Tests\Feature\Comment\CommentUpdateTest::test_update_validation_rejects_invalid_payloads" tests="7" assertions="21" errors="0" failures="0" skipped="0" time="0.400831">
        <testcase name="test_update_validation_rejects_invalid_payloads with data set &quot;missing content&quot;" class="Tests\Feature\Comment\CommentUpdateTest" classname="Tests.Feature.Comment.CommentUpdateTest" file="/Applications/XAMPP/xamppfiles/htdocs/faq/tests/Feature/Comment/CommentUpdateTest.php" line="100" assertions="3" time="0.065750"/>
        <testcase name="test_update_validation_rejects_invalid_payloads with data set &quot;null content&quot;" class="Tests\Feature\Comment\CommentUpdateTest" classname="Tests.Feature.Comment.CommentUpdateTest" file="/Applications/XAMPP/xamppfiles/htdocs/faq/tests/Feature/Comment/CommentUpdateTest.php" line="100" assertions="3" time="0.078449"/>
        <testcase name="test_update_validation_rejects_invalid_payloads with data set &quot;empty content&quot;" class="Tests\Feature\Comment\CommentUpdateTest" classname="Tests.Feature.Comment.CommentUpdateTest" file="/Applications/XAMPP/xamppfiles/htdocs/faq/tests/Feature/Comment/CommentUpdateTest.php" line="100" assertions="3" time="0.043913"/>
        <testcase name="test_update_validation_rejects_invalid_payloads with data set &quot;below min length&quot;" class="Tests\Feature\Comment\CommentUpdateTest" classname="Tests.Feature.Comment.CommentUpdateTest" file="/Applications/XAMPP/xamppfiles/htdocs/faq/tests/Feature/Comment/CommentUpdateTest.php" line="100" assertions="3" time="0.057014"/>
        <testcase name="test_update_validation_rejects_invalid_payloads with data set &quot;boolean content coerced below min&quot;" class="Tests\Feature\Comment\CommentUpdateTest" classname="Tests.Feature.Comment.CommentUpdateTest" file="/Applications/XAMPP/xamppfiles/htdocs/faq/tests/Feature/Comment/CommentUpdateTest.php" line="100" assertions="3" time="0.045351"/>
        <testcase name="test_update_validation_rejects_invalid_payloads with data set &quot;content exceeding max length&quot;" class="Tests\Feature\Comment\CommentUpdateTest" classname="Tests.Feature.Comment.CommentUpdateTest" file="/Applications/XAMPP/xamppfiles/htdocs/faq/tests/Feature/Comment/CommentUpdateTest.php" line="100" assertions="3" time="0.059254"/>
        <testcase name="test_update_validation_rejects_invalid_payloads with data set &quot;html-only content stripped below min&quot;" class="Tests\Feature\Comment\CommentUpdateTest" classname="Tests.Feature.Comment.CommentUpdateTest" file="/Applications/XAMPP/xamppfiles/htdocs/faq/tests/Feature/Comment/CommentUpdateTest.php" line="100" assertions="3" time="0.051101"/>
      </testsuite>
      <testcase name="test_owner_can_update_unpublished_comment" class="Tests\Feature\Comment\CommentUpdateTest" classname="Tests.Feature.Comment.CommentUpdateTest" file="/Applications/XAMPP/xamppfiles/htdocs/faq/tests/Feature/Comment/CommentUpdateTest.php" line="17" assertions="4" time="0.046044"/>
      <testcase name="test_guest_cannot_update_comment" class="Tests\Feature\Comment\CommentUpdateTest" classname="Tests.Feature.Comment.CommentUpdateTest" file="/Applications/XAMPP/xamppfiles/htdocs/faq/tests/Feature/Comment/CommentUpdateTest.php" line="42" assertions="1" time="0.046968"/>
      <testcase name="test_non_owner_cannot_update_unpublished_comment" class="Tests\Feature\Comment\CommentUpdateTest" classname="Tests.Feature.Comment.CommentUpdateTest" file="/Applications/XAMPP/xamppfiles/htdocs/faq/tests/Feature/Comment/CommentUpdateTest.php" line="50" assertions="2" time="0.063068"/>
      <testcase name="test_owner_cannot_update_published_comment" class="Tests\Feature\Comment\CommentUpdateTest" classname="Tests.Feature.Comment.CommentUpdateTest" file="/Applications/XAMPP/xamppfiles/htdocs/faq/tests/Feature/Comment/CommentUpdateTest.php" line="71" assertions="2" time="0.060115"/>
      <testcase name="test_update_returns_404_for_missing_comment" class="Tests\Feature\Comment\CommentUpdateTest" classname="Tests.Feature.Comment.CommentUpdateTest" file="/Applications/XAMPP/xamppfiles/htdocs/faq/tests/Feature/Comment/CommentUpdateTest.php" line="91" assertions="1" time="0.056261"/>
      <testcase name="test_update_array_content_causes_strip_tags_type_error" class="Tests\Feature\Comment\CommentUpdateTest" classname="Tests.Feature.Comment.CommentUpdateTest" file="/Applications/XAMPP/xamppfiles/htdocs/faq/tests/Feature/Comment/CommentUpdateTest.php" line="146" assertions="1" time="0.038179"/>
      <testcase name="test_update_accepts_content_at_min_and_max_boundaries" class="Tests\Feature\Comment\CommentUpdateTest" classname="Tests.Feature.Comment.CommentUpdateTest" file="/Applications/XAMPP/xamppfiles/htdocs/faq/tests/Feature/Comment/CommentUpdateTest.php" line="162" assertions="4" time="0.068354"/>
      <testcase name="test_update_sanitizes_and_escapes_html_via_validated" class="Tests\Feature\Comment\CommentUpdateTest" classname="Tests.Feature.Comment.CommentUpdateTest" file="/Applications/XAMPP/xamppfiles/htdocs/faq/tests/Feature/Comment/CommentUpdateTest.php" line="183" assertions="5" time="0.069919"/>
      <testcase name="test_update_escapes_special_characters" class="Tests\Feature\Comment\CommentUpdateTest" classname="Tests.Feature.Comment.CommentUpdateTest" file="/Applications/XAMPP/xamppfiles/htdocs/faq/tests/Feature/Comment/CommentUpdateTest.php" line="201" assertions="2" time="0.058961"/>
      <testcase name="test_update_ignores_mass_assignment_of_privileged_fields" class="Tests\Feature\Comment\CommentUpdateTest" classname="Tests.Feature.Comment.CommentUpdateTest" file="/Applications/XAMPP/xamppfiles/htdocs/faq/tests/Feature/Comment/CommentUpdateTest.php" line="217" assertions="6" time="0.048389"/>
      <testcase name="test_idor_attacker_cannot_update_another_users_draft_by_id" class="Tests\Feature\Comment\CommentUpdateTest" classname="Tests.Feature.Comment.CommentUpdateTest" file="/Applications/XAMPP/xamppfiles/htdocs/faq/tests/Feature/Comment/CommentUpdateTest.php" line="241" assertions="2" time="0.044919"/>
    </testsuite>
    <testsuite name="Tests\Feature\Comment\CommentVoteTest" file="/Applications/XAMPP/xamppfiles/htdocs/faq/tests/Feature/Comment/CommentVoteTest.php" tests="14" assertions="43" errors="0" failures="0" skipped="0" time="0.916857">
      <testsuite name="Tests\Feature\Comment\CommentVoteTest::test_vote_validation" tests="6" assertions="18" errors="0" failures="0" skipped="0" time="0.346359">
        <testcase name="test_vote_validation with data set &quot;missing type&quot;" class="Tests\Feature\Comment\CommentVoteTest" classname="Tests.Feature.Comment.CommentVoteTest" file="/Applications/XAMPP/xamppfiles/htdocs/faq/tests/Feature/Comment/CommentVoteTest.php" line="126" assertions="3" time="0.062923"/>
        <testcase name="test_vote_validation with data set &quot;invalid type&quot;" class="Tests\Feature\Comment\CommentVoteTest" classname="Tests.Feature.Comment.CommentVoteTest" file="/Applications/XAMPP/xamppfiles/htdocs/faq/tests/Feature/Comment/CommentVoteTest.php" line="126" assertions="3" time="0.045126"/>
        <testcase name="test_vote_validation with data set &quot;null type&quot;" class="Tests\Feature\Comment\CommentVoteTest" classname="Tests.Feature.Comment.CommentVoteTest" file="/Applications/XAMPP/xamppfiles/htdocs/faq/tests/Feature/Comment/CommentVoteTest.php" line="126" assertions="3" time="0.048382"/>
        <testcase name="test_vote_validation with data set &quot;empty type&quot;" class="Tests\Feature\Comment\CommentVoteTest" classname="Tests.Feature.Comment.CommentVoteTest" file="/Applications/XAMPP/xamppfiles/htdocs/faq/tests/Feature/Comment/CommentVoteTest.php" line="126" assertions="3" time="0.051675"/>
        <testcase name="test_vote_validation with data set &quot;numeric type&quot;" class="Tests\Feature\Comment\CommentVoteTest" classname="Tests.Feature.Comment.CommentVoteTest" file="/Applications/XAMPP/xamppfiles/htdocs/faq/tests/Feature/Comment/CommentVoteTest.php" line="126" assertions="3" time="0.078886"/>
        <testcase name="test_vote_validation with data set &quot;array type&quot;" class="Tests\Feature\Comment\CommentVoteTest" classname="Tests.Feature.Comment.CommentVoteTest" file="/Applications/XAMPP/xamppfiles/htdocs/faq/tests/Feature/Comment/CommentVoteTest.php" line="126" assertions="3" time="0.059367"/>
      </testsuite>
      <testcase name="test_authenticated_user_can_upvote_comment" class="Tests\Feature\Comment\CommentVoteTest" classname="Tests.Feature.Comment.CommentVoteTest" file="/Applications/XAMPP/xamppfiles/htdocs/faq/tests/Feature/Comment/CommentVoteTest.php" line="18" assertions="5" time="0.095920"/>
      <testcase name="test_authenticated_user_can_downvote_comment" class="Tests\Feature\Comment\CommentVoteTest" classname="Tests.Feature.Comment.CommentVoteTest" file="/Applications/XAMPP/xamppfiles/htdocs/faq/tests/Feature/Comment/CommentVoteTest.php" line="51" assertions="3" time="0.065995"/>
      <testcase name="test_user_cannot_vote_twice_or_change_vote_type" class="Tests\Feature\Comment\CommentVoteTest" classname="Tests.Feature.Comment.CommentVoteTest" file="/Applications/XAMPP/xamppfiles/htdocs/faq/tests/Feature/Comment/CommentVoteTest.php" line="70" assertions="7" time="0.098026"/>
      <testcase name="test_guest_cannot_vote" class="Tests\Feature\Comment\CommentVoteTest" classname="Tests.Feature.Comment.CommentVoteTest" file="/Applications/XAMPP/xamppfiles/htdocs/faq/tests/Feature/Comment/CommentVoteTest.php" line="92" assertions="1" time="0.044532"/>
      <testcase name="test_user_can_vote_on_own_comment" class="Tests\Feature\Comment\CommentVoteTest" classname="Tests.Feature.Comment.CommentVoteTest" file="/Applications/XAMPP/xamppfiles/htdocs/faq/tests/Feature/Comment/CommentVoteTest.php" line="100" assertions="2" time="0.058479"/>
      <testcase name="test_user_can_vote_on_unpublished_comment" class="Tests\Feature\Comment\CommentVoteTest" classname="Tests.Feature.Comment.CommentVoteTest" file="/Applications/XAMPP/xamppfiles/htdocs/faq/tests/Feature/Comment/CommentVoteTest.php" line="113" assertions="2" time="0.056253"/>
      <testcase name="test_vote_returns_404_for_missing_comment" class="Tests\Feature\Comment\CommentVoteTest" classname="Tests.Feature.Comment.CommentVoteTest" file="/Applications/XAMPP/xamppfiles/htdocs/faq/tests/Feature/Comment/CommentVoteTest.php" line="148" assertions="1" time="0.038830"/>
      <testcase name="test_different_users_can_vote_on_same_comment" class="Tests\Feature\Comment\CommentVoteTest" classname="Tests.Feature.Comment.CommentVoteTest" file="/Applications/XAMPP/xamppfiles/htdocs/faq/tests/Feature/Comment/CommentVoteTest.php" line="156" assertions="4" time="0.112464"/>
    </testsuite>
    <testsuite name="Tests\Feature\Dashboard\DashboardActiveUsersTest" file="/Applications/XAMPP/xamppfiles/htdocs/faq/tests/Feature/Dashboard/DashboardActiveUsersTest.php" tests="19" assertions="117" errors="0" failures="0" skipped="0" time="0.912187">
      <testsuite name="Tests\Feature\Dashboard\DashboardActiveUsersTest::test_active_users_accepts_valid_limits" tests="3" assertions="6" errors="0" failures="0" skipped="0" time="0.185289">
        <testcase name="test_active_users_accepts_valid_limits with data set &quot;min&quot;" class="Tests\Feature\Dashboard\DashboardActiveUsersTest" classname="Tests.Feature.Dashboard.DashboardActiveUsersTest" file="/Applications/XAMPP/xamppfiles/htdocs/faq/tests/Feature/Dashboard/DashboardActiveUsersTest.php" line="176" assertions="2" time="0.038975"/>
        <testcase name="test_active_users_accepts_valid_limits with data set &quot;max&quot;" class="Tests\Feature\Dashboard\DashboardActiveUsersTest" classname="Tests.Feature.Dashboard.DashboardActiveUsersTest" file="/Applications/XAMPP/xamppfiles/htdocs/faq/tests/Feature/Dashboard/DashboardActiveUsersTest.php" line="176" assertions="2" time="0.097103"/>
        <testcase name="test_active_users_accepts_valid_limits with data set &quot;default ceiling below max&quot;" class="Tests\Feature\Dashboard\DashboardActiveUsersTest" classname="Tests.Feature.Dashboard.DashboardActiveUsersTest" file="/Applications/XAMPP/xamppfiles/htdocs/faq/tests/Feature/Dashboard/DashboardActiveUsersTest.php" line="176" assertions="2" time="0.049211"/>
      </testsuite>
      <testsuite name="Tests\Feature\Dashboard\DashboardActiveUsersTest::test_active_users_rejects_invalid_limits" tests="5" assertions="30" errors="0" failures="0" skipped="0" time="0.199455">
        <testcase name="test_active_users_rejects_invalid_limits with data set &quot;zero&quot;" class="Tests\Feature\Dashboard\DashboardActiveUsersTest" classname="Tests.Feature.Dashboard.DashboardActiveUsersTest" file="/Applications/XAMPP/xamppfiles/htdocs/faq/tests/Feature/Dashboard/DashboardActiveUsersTest.php" line="197" assertions="6" time="0.046173"/>
        <testcase name="test_active_users_rejects_invalid_limits with data set &quot;negative&quot;" class="Tests\Feature\Dashboard\DashboardActiveUsersTest" classname="Tests.Feature.Dashboard.DashboardActiveUsersTest" file="/Applications/XAMPP/xamppfiles/htdocs/faq/tests/Feature/Dashboard/DashboardActiveUsersTest.php" line="197" assertions="6" time="0.045664"/>
        <testcase name="test_active_users_rejects_invalid_limits with data set &quot;above max&quot;" class="Tests\Feature\Dashboard\DashboardActiveUsersTest" classname="Tests.Feature.Dashboard.DashboardActiveUsersTest" file="/Applications/XAMPP/xamppfiles/htdocs/faq/tests/Feature/Dashboard/DashboardActiveUsersTest.php" line="197" assertions="6" time="0.027856"/>
        <testcase name="test_active_users_rejects_invalid_limits with data set &quot;string&quot;" class="Tests\Feature\Dashboard\DashboardActiveUsersTest" classname="Tests.Feature.Dashboard.DashboardActiveUsersTest" file="/Applications/XAMPP/xamppfiles/htdocs/faq/tests/Feature/Dashboard/DashboardActiveUsersTest.php" line="197" assertions="6" time="0.036561"/>
        <testcase name="test_active_users_rejects_invalid_limits with data set &quot;float&quot;" class="Tests\Feature\Dashboard\DashboardActiveUsersTest" classname="Tests.Feature.Dashboard.DashboardActiveUsersTest" file="/Applications/XAMPP/xamppfiles/htdocs/faq/tests/Feature/Dashboard/DashboardActiveUsersTest.php" line="197" assertions="6" time="0.043201"/>
      </testsuite>
      <testcase name="test_guest_can_list_active_users_ordered_by_score_desc" class="Tests\Feature\Dashboard\DashboardActiveUsersTest" classname="Tests.Feature.Dashboard.DashboardActiveUsersTest" file="/Applications/XAMPP/xamppfiles/htdocs/faq/tests/Feature/Dashboard/DashboardActiveUsersTest.php" line="19" assertions="36" time="0.075456"/>
      <testcase name="test_active_users_defaults_to_five" class="Tests\Feature\Dashboard\DashboardActiveUsersTest" classname="Tests.Feature.Dashboard.DashboardActiveUsersTest" file="/Applications/XAMPP/xamppfiles/htdocs/faq/tests/Feature/Dashboard/DashboardActiveUsersTest.php" line="55" assertions="2" time="0.052757"/>
      <testcase name="test_active_users_respects_custom_limit" class="Tests\Feature\Dashboard\DashboardActiveUsersTest" classname="Tests.Feature.Dashboard.DashboardActiveUsersTest" file="/Applications/XAMPP/xamppfiles/htdocs/faq/tests/Feature/Dashboard/DashboardActiveUsersTest.php" line="66" assertions="2" time="0.052453"/>
      <testcase name="test_active_users_include_activity_counts_and_total" class="Tests\Feature\Dashboard\DashboardActiveUsersTest" classname="Tests.Feature.Dashboard.DashboardActiveUsersTest" file="/Applications/XAMPP/xamppfiles/htdocs/faq/tests/Feature/Dashboard/DashboardActiveUsersTest.php" line="77" assertions="6" time="0.055564"/>
      <testcase name="test_active_users_counts_include_unpublished_content" class="Tests\Feature\Dashboard\DashboardActiveUsersTest" classname="Tests.Feature.Dashboard.DashboardActiveUsersTest" file="/Applications/XAMPP/xamppfiles/htdocs/faq/tests/Feature/Dashboard/DashboardActiveUsersTest.php" line="100" assertions="6" time="0.044529"/>
      <testcase name="test_active_users_with_zero_score_and_no_activity_still_listed" class="Tests\Feature\Dashboard\DashboardActiveUsersTest" classname="Tests.Feature.Dashboard.DashboardActiveUsersTest" file="/Applications/XAMPP/xamppfiles/htdocs/faq/tests/Feature/Dashboard/DashboardActiveUsersTest.php" line="123" assertions="5" time="0.041398"/>
      <testcase name="test_active_users_missing_score_attribute_defaults_to_zero_via_model" class="Tests\Feature\Dashboard\DashboardActiveUsersTest" classname="Tests.Feature.Dashboard.DashboardActiveUsersTest" file="/Applications/XAMPP/xamppfiles/htdocs/faq/tests/Feature/Dashboard/DashboardActiveUsersTest.php" line="135" assertions="3" time="0.040576"/>
      <testcase name="test_active_users_returns_image_path_not_url" class="Tests\Feature\Dashboard\DashboardActiveUsersTest" classname="Tests.Feature.Dashboard.DashboardActiveUsersTest" file="/Applications/XAMPP/xamppfiles/htdocs/faq/tests/Feature/Dashboard/DashboardActiveUsersTest.php" line="146" assertions="3" time="0.036452"/>
      <testcase name="test_active_users_empty_database_returns_empty_data" class="Tests\Feature\Dashboard\DashboardActiveUsersTest" classname="Tests.Feature.Dashboard.DashboardActiveUsersTest" file="/Applications/XAMPP/xamppfiles/htdocs/faq/tests/Feature/Dashboard/DashboardActiveUsersTest.php" line="156" assertions="3" time="0.030819"/>
      <testcase name="test_authenticated_users_can_access_active_users" class="Tests\Feature\Dashboard\DashboardActiveUsersTest" classname="Tests.Feature.Dashboard.DashboardActiveUsersTest" file="/Applications/XAMPP/xamppfiles/htdocs/faq/tests/Feature/Dashboard/DashboardActiveUsersTest.php" line="164" assertions="2" time="0.058486"/>
      <testcase name="test_active_users_does_not_expose_sensitive_fields" class="Tests\Feature\Dashboard\DashboardActiveUsersTest" classname="Tests.Feature.Dashboard.DashboardActiveUsersTest" file="/Applications/XAMPP/xamppfiles/htdocs/faq/tests/Feature/Dashboard/DashboardActiveUsersTest.php" line="215" assertions="13" time="0.038954"/>
    </testsuite>
    <testsuite name="Tests\Feature\Dashboard\DashboardActivityTest" file="/Applications/XAMPP/xamppfiles/htdocs/faq/tests/Feature/Dashboard/DashboardActivityTest.php" tests="22" assertions="130" errors="0" failures="0" skipped="0" time="1.414003">
      <testsuite name="Tests\Feature\Dashboard\DashboardActivityTest::test_activity_accepts_valid_pagination" tests="4" assertions="12" errors="0" failures="0" skipped="0" time="0.119541">
        <testcase name="test_activity_accepts_valid_pagination with data set &quot;min limit&quot;" class="Tests\Feature\Dashboard\DashboardActivityTest" classname="Tests.Feature.Dashboard.DashboardActivityTest" file="/Applications/XAMPP/xamppfiles/htdocs/faq/tests/Feature/Dashboard/DashboardActivityTest.php" line="277" assertions="3" time="0.031825"/>
        <testcase name="test_activity_accepts_valid_pagination with data set &quot;max limit&quot;" class="Tests\Feature\Dashboard\DashboardActivityTest" classname="Tests.Feature.Dashboard.DashboardActivityTest" file="/Applications/XAMPP/xamppfiles/htdocs/faq/tests/Feature/Dashboard/DashboardActivityTest.php" line="277" assertions="3" time="0.029010"/>
        <testcase name="test_activity_accepts_valid_pagination with data set &quot;max offset&quot;" class="Tests\Feature\Dashboard\DashboardActivityTest" classname="Tests.Feature.Dashboard.DashboardActivityTest" file="/Applications/XAMPP/xamppfiles/htdocs/faq/tests/Feature/Dashboard/DashboardActivityTest.php" line="277" assertions="3" time="0.029785"/>
        <testcase name="test_activity_accepts_valid_pagination with data set &quot;mid values&quot;" class="Tests\Feature\Dashboard\DashboardActivityTest" classname="Tests.Feature.Dashboard.DashboardActivityTest" file="/Applications/XAMPP/xamppfiles/htdocs/faq/tests/Feature/Dashboard/DashboardActivityTest.php" line="277" assertions="3" time="0.028921"/>
      </testsuite>
      <testsuite name="Tests\Feature\Dashboard\DashboardActivityTest::test_activity_rejects_invalid_pagination" tests="6" assertions="36" errors="0" failures="0" skipped="0" time="0.188918">
        <testcase name="test_activity_rejects_invalid_pagination with data set &quot;limit zero&quot;" class="Tests\Feature\Dashboard\DashboardActivityTest" classname="Tests.Feature.Dashboard.DashboardActivityTest" file="/Applications/XAMPP/xamppfiles/htdocs/faq/tests/Feature/Dashboard/DashboardActivityTest.php" line="296" assertions="6" time="0.032077"/>
        <testcase name="test_activity_rejects_invalid_pagination with data set &quot;limit above max&quot;" class="Tests\Feature\Dashboard\DashboardActivityTest" classname="Tests.Feature.Dashboard.DashboardActivityTest" file="/Applications/XAMPP/xamppfiles/htdocs/faq/tests/Feature/Dashboard/DashboardActivityTest.php" line="296" assertions="6" time="0.027251"/>
        <testcase name="test_activity_rejects_invalid_pagination with data set &quot;limit string&quot;" class="Tests\Feature\Dashboard\DashboardActivityTest" classname="Tests.Feature.Dashboard.DashboardActivityTest" file="/Applications/XAMPP/xamppfiles/htdocs/faq/tests/Feature/Dashboard/DashboardActivityTest.php" line="296" assertions="6" time="0.028915"/>
        <testcase name="test_activity_rejects_invalid_pagination with data set &quot;offset negative&quot;" class="Tests\Feature\Dashboard\DashboardActivityTest" classname="Tests.Feature.Dashboard.DashboardActivityTest" file="/Applications/XAMPP/xamppfiles/htdocs/faq/tests/Feature/Dashboard/DashboardActivityTest.php" line="296" assertions="6" time="0.032614"/>
        <testcase name="test_activity_rejects_invalid_pagination with data set &quot;offset above max&quot;" class="Tests\Feature\Dashboard\DashboardActivityTest" classname="Tests.Feature.Dashboard.DashboardActivityTest" file="/Applications/XAMPP/xamppfiles/htdocs/faq/tests/Feature/Dashboard/DashboardActivityTest.php" line="296" assertions="6" time="0.032350"/>
        <testcase name="test_activity_rejects_invalid_pagination with data set &quot;offset string&quot;" class="Tests\Feature\Dashboard\DashboardActivityTest" classname="Tests.Feature.Dashboard.DashboardActivityTest" file="/Applications/XAMPP/xamppfiles/htdocs/faq/tests/Feature/Dashboard/DashboardActivityTest.php" line="296" assertions="6" time="0.035712"/>
      </testsuite>
      <testcase name="test_guest_can_retrieve_activity_feed_with_expected_shape" class="Tests\Feature\Dashboard\DashboardActivityTest" classname="Tests.Feature.Dashboard.DashboardActivityTest" file="/Applications/XAMPP/xamppfiles/htdocs/faq/tests/Feature/Dashboard/DashboardActivityTest.php" line="20" assertions="29" time="0.087023"/>
      <testcase name="test_activity_defaults_to_limit_thirty_and_offset_zero" class="Tests\Feature\Dashboard\DashboardActivityTest" classname="Tests.Feature.Dashboard.DashboardActivityTest" file="/Applications/XAMPP/xamppfiles/htdocs/faq/tests/Feature/Dashboard/DashboardActivityTest.php" line="66" assertions="7" time="0.350616"/>
      <testcase name="test_activity_respects_limit_and_offset_pagination" class="Tests\Feature\Dashboard\DashboardActivityTest" classname="Tests.Feature.Dashboard.DashboardActivityTest" file="/Applications/XAMPP/xamppfiles/htdocs/faq/tests/Feature/Dashboard/DashboardActivityTest.php" line="91" assertions="11" time="0.141304"/>
      <testcase name="test_activity_is_ordered_newest_first" class="Tests\Feature\Dashboard\DashboardActivityTest" classname="Tests.Feature.Dashboard.DashboardActivityTest" file="/Applications/XAMPP/xamppfiles/htdocs/faq/tests/Feature/Dashboard/DashboardActivityTest.php" line="120" assertions="2" time="0.055994"/>
      <testcase name="test_activity_groups_entries_by_persian_month" class="Tests\Feature\Dashboard\DashboardActivityTest" classname="Tests.Feature.Dashboard.DashboardActivityTest" file="/Applications/XAMPP/xamppfiles/htdocs/faq/tests/Feature/Dashboard/DashboardActivityTest.php" line="143" assertions="6" time="0.050787"/>
      <testcase name="test_activity_transforms_all_supported_log_types" class="Tests\Feature\Dashboard\DashboardActivityTest" classname="Tests.Feature.Dashboard.DashboardActivityTest" file="/Applications/XAMPP/xamppfiles/htdocs/faq/tests/Feature/Dashboard/DashboardActivityTest.php" line="163" assertions="3" time="0.113028"/>
      <testcase name="test_activity_filters_out_unknown_log_descriptions" class="Tests\Feature\Dashboard\DashboardActivityTest" classname="Tests.Feature.Dashboard.DashboardActivityTest" file="/Applications/XAMPP/xamppfiles/htdocs/faq/tests/Feature/Dashboard/DashboardActivityTest.php" line="199" assertions="4" time="0.068097"/>
      <testcase name="test_activity_handles_deleted_subject_via_properties_fallback" class="Tests\Feature\Dashboard\DashboardActivityTest" classname="Tests.Feature.Dashboard.DashboardActivityTest" file="/Applications/XAMPP/xamppfiles/htdocs/faq/tests/Feature/Dashboard/DashboardActivityTest.php" line="219" assertions="5" time="0.043749"/>
      <testcase name="test_activity_anonymous_causer_falls_back_to_persian_label" class="Tests\Feature\Dashboard\DashboardActivityTest" classname="Tests.Feature.Dashboard.DashboardActivityTest" file="/Applications/XAMPP/xamppfiles/htdocs/faq/tests/Feature/Dashboard/DashboardActivityTest.php" line="238" assertions="3" time="0.056300"/>
      <testcase name="test_activity_empty_feed_returns_empty_collections" class="Tests\Feature\Dashboard\DashboardActivityTest" classname="Tests.Feature.Dashboard.DashboardActivityTest" file="/Applications/XAMPP/xamppfiles/htdocs/faq/tests/Feature/Dashboard/DashboardActivityTest.php" line="256" assertions="6" time="0.039945"/>
      <testcase name="test_authenticated_users_can_access_activity" class="Tests\Feature\Dashboard\DashboardActivityTest" classname="Tests.Feature.Dashboard.DashboardActivityTest" file="/Applications/XAMPP/xamppfiles/htdocs/faq/tests/Feature/Dashboard/DashboardActivityTest.php" line="267" assertions="2" time="0.050509"/>
      <testcase name="test_activity_does_not_expose_causer_tokens_or_emails" class="Tests\Feature\Dashboard\DashboardActivityTest" classname="Tests.Feature.Dashboard.DashboardActivityTest" file="/Applications/XAMPP/xamppfiles/htdocs/faq/tests/Feature/Dashboard/DashboardActivityTest.php" line="317" assertions="4" time="0.048192"/>
    </testsuite>
    <testsuite name="Tests\Feature\Dashboard\DashboardPopularQuestionsTest" file="/Applications/XAMPP/xamppfiles/htdocs/faq/tests/Feature/Dashboard/DashboardPopularQuestionsTest.php" tests="25" assertions="159" errors="0" failures="0" skipped="0" time="1.925374">
      <testsuite name="Tests\Feature\Dashboard\DashboardPopularQuestionsTest::test_popular_filters_by_period" tests="3" assertions="9" errors="0" failures="0" skipped="0" time="0.206914">
        <testcase name="test_popular_filters_by_period with data set &quot;week excludes older than week&quot;" class="Tests\Feature\Dashboard\DashboardPopularQuestionsTest" classname="Tests.Feature.Dashboard.DashboardPopularQuestionsTest" file="/Applications/XAMPP/xamppfiles/htdocs/faq/tests/Feature/Dashboard/DashboardPopularQuestionsTest.php" line="124" assertions="3" time="0.069105"/>
        <testcase name="test_popular_filters_by_period with data set &quot;month excludes older than month&quot;" class="Tests\Feature\Dashboard\DashboardPopularQuestionsTest" classname="Tests.Feature.Dashboard.DashboardPopularQuestionsTest" file="/Applications/XAMPP/xamppfiles/htdocs/faq/tests/Feature/Dashboard/DashboardPopularQuestionsTest.php" line="124" assertions="3" time="0.084025"/>
        <testcase name="test_popular_filters_by_period with data set &quot;year excludes older than year&quot;" class="Tests\Feature\Dashboard\DashboardPopularQuestionsTest" classname="Tests.Feature.Dashboard.DashboardPopularQuestionsTest" file="/Applications/XAMPP/xamppfiles/htdocs/faq/tests/Feature/Dashboard/DashboardPopularQuestionsTest.php" line="124" assertions="3" time="0.053784"/>
      </testsuite>
      <testsuite name="Tests\Feature\Dashboard\DashboardPopularQuestionsTest::test_popular_accepts_valid_limits" tests="2" assertions="4" errors="0" failures="0" skipped="0" time="0.428555">
        <testcase name="test_popular_accepts_valid_limits with data set &quot;min&quot;" class="Tests\Feature\Dashboard\DashboardPopularQuestionsTest" classname="Tests.Feature.Dashboard.DashboardPopularQuestionsTest" file="/Applications/XAMPP/xamppfiles/htdocs/faq/tests/Feature/Dashboard/DashboardPopularQuestionsTest.php" line="198" assertions="2" time="0.071876"/>
        <testcase name="test_popular_accepts_valid_limits with data set &quot;max&quot;" class="Tests\Feature\Dashboard\DashboardPopularQuestionsTest" classname="Tests.Feature.Dashboard.DashboardPopularQuestionsTest" file="/Applications/XAMPP/xamppfiles/htdocs/faq/tests/Feature/Dashboard/DashboardPopularQuestionsTest.php" line="198" assertions="2" time="0.356678"/>
      </testsuite>
      <testsuite name="Tests\Feature\Dashboard\DashboardPopularQuestionsTest::test_popular_rejects_invalid_limits" tests="4" assertions="24" errors="0" failures="0" skipped="0" time="0.140472">
        <testcase name="test_popular_rejects_invalid_limits with data set &quot;zero&quot;" class="Tests\Feature\Dashboard\DashboardPopularQuestionsTest" classname="Tests.Feature.Dashboard.DashboardPopularQuestionsTest" file="/Applications/XAMPP/xamppfiles/htdocs/faq/tests/Feature/Dashboard/DashboardPopularQuestionsTest.php" line="216" assertions="6" time="0.033017"/>
        <testcase name="test_popular_rejects_invalid_limits with data set &quot;negative&quot;" class="Tests\Feature\Dashboard\DashboardPopularQuestionsTest" classname="Tests.Feature.Dashboard.DashboardPopularQuestionsTest" file="/Applications/XAMPP/xamppfiles/htdocs/faq/tests/Feature/Dashboard/DashboardPopularQuestionsTest.php" line="216" assertions="6" time="0.037389"/>
        <testcase name="test_popular_rejects_invalid_limits with data set &quot;above max&quot;" class="Tests\Feature\Dashboard\DashboardPopularQuestionsTest" classname="Tests.Feature.Dashboard.DashboardPopularQuestionsTest" file="/Applications/XAMPP/xamppfiles/htdocs/faq/tests/Feature/Dashboard/DashboardPopularQuestionsTest.php" line="216" assertions="6" time="0.032171"/>
        <testcase name="test_popular_rejects_invalid_limits with data set &quot;string&quot;" class="Tests\Feature\Dashboard\DashboardPopularQuestionsTest" classname="Tests.Feature.Dashboard.DashboardPopularQuestionsTest" file="/Applications/XAMPP/xamppfiles/htdocs/faq/tests/Feature/Dashboard/DashboardPopularQuestionsTest.php" line="216" assertions="6" time="0.037896"/>
      </testsuite>
      <testsuite name="Tests\Feature\Dashboard\DashboardPopularQuestionsTest::test_popular_rejects_invalid_periods" tests="4" assertions="24" errors="0" failures="0" skipped="0" time="0.155244">
        <testcase name="test_popular_rejects_invalid_periods with data set &quot;day&quot;" class="Tests\Feature\Dashboard\DashboardPopularQuestionsTest" classname="Tests.Feature.Dashboard.DashboardPopularQuestionsTest" file="/Applications/XAMPP/xamppfiles/htdocs/faq/tests/Feature/Dashboard/DashboardPopularQuestionsTest.php" line="234" assertions="6" time="0.028337"/>
        <testcase name="test_popular_rejects_invalid_periods with data set &quot;sql injection&quot;" class="Tests\Feature\Dashboard\DashboardPopularQuestionsTest" classname="Tests.Feature.Dashboard.DashboardPopularQuestionsTest" file="/Applications/XAMPP/xamppfiles/htdocs/faq/tests/Feature/Dashboard/DashboardPopularQuestionsTest.php" line="234" assertions="6" time="0.048526"/>
        <testcase name="test_popular_rejects_invalid_periods with data set &quot;numeric&quot;" class="Tests\Feature\Dashboard\DashboardPopularQuestionsTest" classname="Tests.Feature.Dashboard.DashboardPopularQuestionsTest" file="/Applications/XAMPP/xamppfiles/htdocs/faq/tests/Feature/Dashboard/DashboardPopularQuestionsTest.php" line="234" assertions="6" time="0.040805"/>
        <testcase name="test_popular_rejects_invalid_periods with data set &quot;ALL uppercase&quot;" class="Tests\Feature\Dashboard\DashboardPopularQuestionsTest" classname="Tests.Feature.Dashboard.DashboardPopularQuestionsTest" file="/Applications/XAMPP/xamppfiles/htdocs/faq/tests/Feature/Dashboard/DashboardPopularQuestionsTest.php" line="234" assertions="6" time="0.037576"/>
      </testsuite>
      <testcase name="test_guest_can_list_popular_questions_ordered_by_views_then_votes" class="Tests\Feature\Dashboard\DashboardPopularQuestionsTest" classname="Tests.Feature.Dashboard.DashboardPopularQuestionsTest" file="/Applications/XAMPP/xamppfiles/htdocs/faq/tests/Feature/Dashboard/DashboardPopularQuestionsTest.php" line="17" assertions="56" time="0.172292"/>
      <testcase name="test_popular_defaults_to_fifteen_items" class="Tests\Feature\Dashboard\DashboardPopularQuestionsTest" classname="Tests.Feature.Dashboard.DashboardPopularQuestionsTest" file="/Applications/XAMPP/xamppfiles/htdocs/faq/tests/Feature/Dashboard/DashboardPopularQuestionsTest.php" line="59" assertions="2" time="0.201427"/>
      <testcase name="test_popular_respects_custom_limit" class="Tests\Feature\Dashboard\DashboardPopularQuestionsTest" classname="Tests.Feature.Dashboard.DashboardPopularQuestionsTest" file="/Applications/XAMPP/xamppfiles/htdocs/faq/tests/Feature/Dashboard/DashboardPopularQuestionsTest.php" line="68" assertions="2" time="0.099229"/>
      <testcase name="test_popular_excludes_unpublished_questions" class="Tests\Feature\Dashboard\DashboardPopularQuestionsTest" classname="Tests.Feature.Dashboard.DashboardPopularQuestionsTest" file="/Applications/XAMPP/xamppfiles/htdocs/faq/tests/Feature/Dashboard/DashboardPopularQuestionsTest.php" line="77" assertions="3" time="0.062535"/>
      <testcase name="test_popular_returns_empty_when_no_published_questions" class="Tests\Feature\Dashboard\DashboardPopularQuestionsTest" classname="Tests.Feature.Dashboard.DashboardPopularQuestionsTest" file="/Applications/XAMPP/xamppfiles/htdocs/faq/tests/Feature/Dashboard/DashboardPopularQuestionsTest.php" line="88" assertions="2" time="0.060537"/>
      <testcase name="test_popular_period_all_is_default_and_includes_old_questions" class="Tests\Feature\Dashboard\DashboardPopularQuestionsTest" classname="Tests.Feature.Dashboard.DashboardPopularQuestionsTest" file="/Applications/XAMPP/xamppfiles/htdocs/faq/tests/Feature/Dashboard/DashboardPopularQuestionsTest.php" line="97" assertions="4" time="0.057974"/>
      <testcase name="test_popular_period_week_includes_boundary_recent_items" class="Tests\Feature\Dashboard\DashboardPopularQuestionsTest" classname="Tests.Feature.Dashboard.DashboardPopularQuestionsTest" file="/Applications/XAMPP/xamppfiles/htdocs/faq/tests/Feature/Dashboard/DashboardPopularQuestionsTest.php" line="157" assertions="3" time="0.048380"/>
      <testcase name="test_popular_includes_relation_payload_and_counts" class="Tests\Feature\Dashboard\DashboardPopularQuestionsTest" classname="Tests.Feature.Dashboard.DashboardPopularQuestionsTest" file="/Applications/XAMPP/xamppfiles/htdocs/faq/tests/Feature/Dashboard/DashboardPopularQuestionsTest.php" line="172" assertions="7" time="0.086862"/>
      <testcase name="test_popular_route_is_not_captured_by_question_slug_show" class="Tests\Feature\Dashboard\DashboardPopularQuestionsTest" classname="Tests.Feature.Dashboard.DashboardPopularQuestionsTest" file="/Applications/XAMPP/xamppfiles/htdocs/faq/tests/Feature/Dashboard/DashboardPopularQuestionsTest.php" line="188" assertions="2" time="0.041117"/>
      <testcase name="test_popular_empty_period_is_treated_as_null_and_defaults_to_all" class="Tests\Feature\Dashboard\DashboardPopularQuestionsTest" classname="Tests.Feature.Dashboard.DashboardPopularQuestionsTest" file="/Applications/XAMPP/xamppfiles/htdocs/faq/tests/Feature/Dashboard/DashboardPopularQuestionsTest.php" line="251" assertions="2" time="0.052469"/>
      <testcase name="test_popular_accepts_all_valid_periods" class="Tests\Feature\Dashboard\DashboardPopularQuestionsTest" classname="Tests.Feature.Dashboard.DashboardPopularQuestionsTest" file="/Applications/XAMPP/xamppfiles/htdocs/faq/tests/Feature/Dashboard/DashboardPopularQuestionsTest.php" line="266" assertions="8" time="0.061085"/>
      <testcase name="test_popular_does_not_expose_sensitive_user_fields" class="Tests\Feature\Dashboard\DashboardPopularQuestionsTest" classname="Tests.Feature.Dashboard.DashboardPopularQuestionsTest" file="/Applications/XAMPP/xamppfiles/htdocs/faq/tests/Feature/Dashboard/DashboardPopularQuestionsTest.php" line="277" assertions="7" time="0.050282"/>
    </testsuite>
    <testsuite name="Tests\Feature\Dashboard\DashboardRecommendedQuestionsTest" file="/Applications/XAMPP/xamppfiles/htdocs/faq/tests/Feature/Dashboard/DashboardRecommendedQuestionsTest.php" tests="22" assertions="105" errors="0" failures="0" skipped="0" time="2.034761">
      <testsuite name="Tests\Feature\Dashboard\DashboardRecommendedQuestionsTest::test_recommended_accepts_valid_limits" tests="3" assertions="6" errors="0" failures="0" skipped="0" time="0.604908">
        <testcase name="test_recommended_accepts_valid_limits with data set &quot;min boundary&quot;" class="Tests\Feature\Dashboard\DashboardRecommendedQuestionsTest" classname="Tests.Feature.Dashboard.DashboardRecommendedQuestionsTest" file="/Applications/XAMPP/xamppfiles/htdocs/faq/tests/Feature/Dashboard/DashboardRecommendedQuestionsTest.php" line="153" assertions="2" time="0.078462"/>
        <testcase name="test_recommended_accepts_valid_limits with data set &quot;max boundary&quot;" class="Tests\Feature\Dashboard\DashboardRecommendedQuestionsTest" classname="Tests.Feature.Dashboard.DashboardRecommendedQuestionsTest" file="/Applications/XAMPP/xamppfiles/htdocs/faq/tests/Feature/Dashboard/DashboardRecommendedQuestionsTest.php" line="153" assertions="2" time="0.419448"/>
        <testcase name="test_recommended_accepts_valid_limits with data set &quot;mid value&quot;" class="Tests\Feature\Dashboard\DashboardRecommendedQuestionsTest" classname="Tests.Feature.Dashboard.DashboardRecommendedQuestionsTest" file="/Applications/XAMPP/xamppfiles/htdocs/faq/tests/Feature/Dashboard/DashboardRecommendedQuestionsTest.php" line="153" assertions="2" time="0.106997"/>
      </testsuite>
      <testsuite name="Tests\Feature\Dashboard\DashboardRecommendedQuestionsTest::test_recommended_rejects_invalid_limits" tests="5" assertions="30" errors="0" failures="0" skipped="0" time="0.204076">
        <testcase name="test_recommended_rejects_invalid_limits with data set &quot;zero&quot;" class="Tests\Feature\Dashboard\DashboardRecommendedQuestionsTest" classname="Tests.Feature.Dashboard.DashboardRecommendedQuestionsTest" file="/Applications/XAMPP/xamppfiles/htdocs/faq/tests/Feature/Dashboard/DashboardRecommendedQuestionsTest.php" line="172" assertions="6" time="0.048086"/>
        <testcase name="test_recommended_rejects_invalid_limits with data set &quot;negative&quot;" class="Tests\Feature\Dashboard\DashboardRecommendedQuestionsTest" classname="Tests.Feature.Dashboard.DashboardRecommendedQuestionsTest" file="/Applications/XAMPP/xamppfiles/htdocs/faq/tests/Feature/Dashboard/DashboardRecommendedQuestionsTest.php" line="172" assertions="6" time="0.037114"/>
        <testcase name="test_recommended_rejects_invalid_limits with data set &quot;above max&quot;" class="Tests\Feature\Dashboard\DashboardRecommendedQuestionsTest" classname="Tests.Feature.Dashboard.DashboardRecommendedQuestionsTest" file="/Applications/XAMPP/xamppfiles/htdocs/faq/tests/Feature/Dashboard/DashboardRecommendedQuestionsTest.php" line="172" assertions="6" time="0.038957"/>
        <testcase name="test_recommended_rejects_invalid_limits with data set &quot;non integer string&quot;" class="Tests\Feature\Dashboard\DashboardRecommendedQuestionsTest" classname="Tests.Feature.Dashboard.DashboardRecommendedQuestionsTest" file="/Applications/XAMPP/xamppfiles/htdocs/faq/tests/Feature/Dashboard/DashboardRecommendedQuestionsTest.php" line="172" assertions="6" time="0.035192"/>
        <testcase name="test_recommended_rejects_invalid_limits with data set &quot;float&quot;" class="Tests\Feature\Dashboard\DashboardRecommendedQuestionsTest" classname="Tests.Feature.Dashboard.DashboardRecommendedQuestionsTest" file="/Applications/XAMPP/xamppfiles/htdocs/faq/tests/Feature/Dashboard/DashboardRecommendedQuestionsTest.php" line="172" assertions="6" time="0.044727"/>
      </testsuite>
      <testcase name="test_guest_can_list_recommended_questions_with_expected_shape" class="Tests\Feature\Dashboard\DashboardRecommendedQuestionsTest" classname="Tests.Feature.Dashboard.DashboardRecommendedQuestionsTest" file="/Applications/XAMPP/xamppfiles/htdocs/faq/tests/Feature/Dashboard/DashboardRecommendedQuestionsTest.php" line="17" assertions="30" time="0.082017"/>
      <testcase name="test_recommended_defaults_to_fifteen_items" class="Tests\Feature\Dashboard\DashboardRecommendedQuestionsTest" classname="Tests.Feature.Dashboard.DashboardRecommendedQuestionsTest" file="/Applications/XAMPP/xamppfiles/htdocs/faq/tests/Feature/Dashboard/DashboardRecommendedQuestionsTest.php" line="56" assertions="2" time="0.182283"/>
      <testcase name="test_recommended_respects_custom_limit" class="Tests\Feature\Dashboard\DashboardRecommendedQuestionsTest" classname="Tests.Feature.Dashboard.DashboardRecommendedQuestionsTest" file="/Applications/XAMPP/xamppfiles/htdocs/faq/tests/Feature/Dashboard/DashboardRecommendedQuestionsTest.php" line="65" assertions="2" time="0.112322"/>
      <testcase name="test_recommended_excludes_unpublished_questions" class="Tests\Feature\Dashboard\DashboardRecommendedQuestionsTest" classname="Tests.Feature.Dashboard.DashboardRecommendedQuestionsTest" file="/Applications/XAMPP/xamppfiles/htdocs/faq/tests/Feature/Dashboard/DashboardRecommendedQuestionsTest.php" line="74" assertions="4" time="0.055342"/>
      <testcase name="test_recommended_returns_empty_data_when_no_published_questions_exist" class="Tests\Feature\Dashboard\DashboardRecommendedQuestionsTest" classname="Tests.Feature.Dashboard.DashboardRecommendedQuestionsTest" file="/Applications/XAMPP/xamppfiles/htdocs/faq/tests/Feature/Dashboard/DashboardRecommendedQuestionsTest.php" line="86" assertions="3" time="0.093127"/>
      <testcase name="test_recommended_includes_answers_and_votes_counts" class="Tests\Feature\Dashboard\DashboardRecommendedQuestionsTest" classname="Tests.Feature.Dashboard.DashboardRecommendedQuestionsTest" file="/Applications/XAMPP/xamppfiles/htdocs/faq/tests/Feature/Dashboard/DashboardRecommendedQuestionsTest.php" line="96" assertions="3" time="0.072790"/>
      <testcase name="test_recommended_handles_question_without_category_or_tags" class="Tests\Feature\Dashboard\DashboardRecommendedQuestionsTest" classname="Tests.Feature.Dashboard.DashboardRecommendedQuestionsTest" file="/Applications/XAMPP/xamppfiles/htdocs/faq/tests/Feature/Dashboard/DashboardRecommendedQuestionsTest.php" line="109" assertions="4" time="0.044722"/>
      <testcase name="test_recommended_limit_larger_than_available_returns_all_published" class="Tests\Feature\Dashboard\DashboardRecommendedQuestionsTest" classname="Tests.Feature.Dashboard.DashboardRecommendedQuestionsTest" file="/Applications/XAMPP/xamppfiles/htdocs/faq/tests/Feature/Dashboard/DashboardRecommendedQuestionsTest.php" line="122" assertions="2" time="0.081848"/>
      <testcase name="test_recommended_route_is_not_captured_by_question_slug_show" class="Tests\Feature\Dashboard\DashboardRecommendedQuestionsTest" classname="Tests.Feature.Dashboard.DashboardRecommendedQuestionsTest" file="/Applications/XAMPP/xamppfiles/htdocs/faq/tests/Feature/Dashboard/DashboardRecommendedQuestionsTest.php" line="131" assertions="3" time="0.038853"/>
      <testcase name="test_authenticated_users_can_access_recommended" class="Tests\Feature\Dashboard\DashboardRecommendedQuestionsTest" classname="Tests.Feature.Dashboard.DashboardRecommendedQuestionsTest" file="/Applications/XAMPP/xamppfiles/htdocs/faq/tests/Feature/Dashboard/DashboardRecommendedQuestionsTest.php" line="141" assertions="2" time="0.061314"/>
      <testcase name="test_recommended_empty_limit_is_treated_as_null_and_uses_default" class="Tests\Feature\Dashboard\DashboardRecommendedQuestionsTest" classname="Tests.Feature.Dashboard.DashboardRecommendedQuestionsTest" file="/Applications/XAMPP/xamppfiles/htdocs/faq/tests/Feature/Dashboard/DashboardRecommendedQuestionsTest.php" line="193" assertions="2" time="0.156611"/>
      <testcase name="test_recommended_null_limit_uses_default" class="Tests\Feature\Dashboard\DashboardRecommendedQuestionsTest" classname="Tests.Feature.Dashboard.DashboardRecommendedQuestionsTest" file="/Applications/XAMPP/xamppfiles/htdocs/faq/tests/Feature/Dashboard/DashboardRecommendedQuestionsTest.php" line="203" assertions="2" time="0.158910"/>
      <testcase name="test_recommended_does_not_expose_question_content_or_user_email" class="Tests\Feature\Dashboard\DashboardRecommendedQuestionsTest" classname="Tests.Feature.Dashboard.DashboardRecommendedQuestionsTest" file="/Applications/XAMPP/xamppfiles/htdocs/faq/tests/Feature/Dashboard/DashboardRecommendedQuestionsTest.php" line="213" assertions="7" time="0.046133"/>
      <testcase name="test_recommended_xss_title_is_returned_as_plain_json_text" class="Tests\Feature\Dashboard\DashboardRecommendedQuestionsTest" classname="Tests.Feature.Dashboard.DashboardRecommendedQuestionsTest" file="/Applications/XAMPP/xamppfiles/htdocs/faq/tests/Feature/Dashboard/DashboardRecommendedQuestionsTest.php" line="235" assertions="3" time="0.039504"/>
    </testsuite>
    <testsuite name="Tests\Feature\Dashboard\DashboardSecurityTest" file="/Applications/XAMPP/xamppfiles/htdocs/faq/tests/Feature/Dashboard/DashboardSecurityTest.php" tests="21" assertions="78" errors="0" failures="0" skipped="0" time="0.90161">
      <testsuite name="Tests\Feature\Dashboard\DashboardSecurityTest::test_all_dashboard_endpoints_are_publicly_readable" tests="5" assertions="10" errors="0" failures="0" skipped="0" time="0.211754">
        <testcase name="test_all_dashboard_endpoints_are_publicly_readable with data set &quot;stats&quot;" class="Tests\Feature\Dashboard\DashboardSecurityTest" classname="Tests.Feature.Dashboard.DashboardSecurityTest" file="/Applications/XAMPP/xamppfiles/htdocs/faq/tests/Feature/Dashboard/DashboardSecurityTest.php" line="20" assertions="2" time="0.039446"/>
        <testcase name="test_all_dashboard_endpoints_are_publicly_readable with data set &quot;active users&quot;" class="Tests\Feature\Dashboard\DashboardSecurityTest" classname="Tests.Feature.Dashboard.DashboardSecurityTest" file="/Applications/XAMPP/xamppfiles/htdocs/faq/tests/Feature/Dashboard/DashboardSecurityTest.php" line="20" assertions="2" time="0.047906"/>
        <testcase name="test_all_dashboard_endpoints_are_publicly_readable with data set &quot;activity&quot;" class="Tests\Feature\Dashboard\DashboardSecurityTest" classname="Tests.Feature.Dashboard.DashboardSecurityTest" file="/Applications/XAMPP/xamppfiles/htdocs/faq/tests/Feature/Dashboard/DashboardSecurityTest.php" line="20" assertions="2" time="0.039800"/>
        <testcase name="test_all_dashboard_endpoints_are_publicly_readable with data set &quot;recommended&quot;" class="Tests\Feature\Dashboard\DashboardSecurityTest" classname="Tests.Feature.Dashboard.DashboardSecurityTest" file="/Applications/XAMPP/xamppfiles/htdocs/faq/tests/Feature/Dashboard/DashboardSecurityTest.php" line="20" assertions="2" time="0.040137"/>
        <testcase name="test_all_dashboard_endpoints_are_publicly_readable with data set &quot;popular&quot;" class="Tests\Feature\Dashboard\DashboardSecurityTest" classname="Tests.Feature.Dashboard.DashboardSecurityTest" file="/Applications/XAMPP/xamppfiles/htdocs/faq/tests/Feature/Dashboard/DashboardSecurityTest.php" line="20" assertions="2" time="0.044464"/>
      </testsuite>
      <testsuite name="Tests\Feature\Dashboard\DashboardSecurityTest::test_mutating_http_verbs_are_rejected_on_dashboard_routes" tests="7" assertions="7" errors="0" failures="0" skipped="0" time="0.251107">
        <testcase name="test_mutating_http_verbs_are_rejected_on_dashboard_routes with data set &quot;stats post&quot;" class="Tests\Feature\Dashboard\DashboardSecurityTest" classname="Tests.Feature.Dashboard.DashboardSecurityTest" file="/Applications/XAMPP/xamppfiles/htdocs/faq/tests/Feature/Dashboard/DashboardSecurityTest.php" line="39" assertions="1" time="0.029424"/>
        <testcase name="test_mutating_http_verbs_are_rejected_on_dashboard_routes with data set &quot;stats put&quot;" class="Tests\Feature\Dashboard\DashboardSecurityTest" classname="Tests.Feature.Dashboard.DashboardSecurityTest" file="/Applications/XAMPP/xamppfiles/htdocs/faq/tests/Feature/Dashboard/DashboardSecurityTest.php" line="39" assertions="1" time="0.033669"/>
        <testcase name="test_mutating_http_verbs_are_rejected_on_dashboard_routes with data set &quot;stats delete&quot;" class="Tests\Feature\Dashboard\DashboardSecurityTest" classname="Tests.Feature.Dashboard.DashboardSecurityTest" file="/Applications/XAMPP/xamppfiles/htdocs/faq/tests/Feature/Dashboard/DashboardSecurityTest.php" line="39" assertions="1" time="0.041960"/>
        <testcase name="test_mutating_http_verbs_are_rejected_on_dashboard_routes with data set &quot;active users post&quot;" class="Tests\Feature\Dashboard\DashboardSecurityTest" classname="Tests.Feature.Dashboard.DashboardSecurityTest" file="/Applications/XAMPP/xamppfiles/htdocs/faq/tests/Feature/Dashboard/DashboardSecurityTest.php" line="39" assertions="1" time="0.050450"/>
        <testcase name="test_mutating_http_verbs_are_rejected_on_dashboard_routes with data set &quot;activity post&quot;" class="Tests\Feature\Dashboard\DashboardSecurityTest" classname="Tests.Feature.Dashboard.DashboardSecurityTest" file="/Applications/XAMPP/xamppfiles/htdocs/faq/tests/Feature/Dashboard/DashboardSecurityTest.php" line="39" assertions="1" time="0.033989"/>
        <testcase name="test_mutating_http_verbs_are_rejected_on_dashboard_routes with data set &quot;recommended post&quot;" class="Tests\Feature\Dashboard\DashboardSecurityTest" classname="Tests.Feature.Dashboard.DashboardSecurityTest" file="/Applications/XAMPP/xamppfiles/htdocs/faq/tests/Feature/Dashboard/DashboardSecurityTest.php" line="39" assertions="1" time="0.031913"/>
        <testcase name="test_mutating_http_verbs_are_rejected_on_dashboard_routes with data set &quot;popular post&quot;" class="Tests\Feature\Dashboard\DashboardSecurityTest" classname="Tests.Feature.Dashboard.DashboardSecurityTest" file="/Applications/XAMPP/xamppfiles/htdocs/faq/tests/Feature/Dashboard/DashboardSecurityTest.php" line="39" assertions="1" time="0.029702"/>
      </testsuite>
      <testcase name="test_delete_popular_path_is_captured_by_question_destroy_not_dashboard" class="Tests\Feature\Dashboard\DashboardSecurityTest" classname="Tests.Feature.Dashboard.DashboardSecurityTest" file="/Applications/XAMPP/xamppfiles/htdocs/faq/tests/Feature/Dashboard/DashboardSecurityTest.php" line="59" assertions="1" time="0.029077"/>
      <testcase name="test_sql_injection_in_query_parameters_does_not_leak_or_mutate_data" class="Tests\Feature\Dashboard\DashboardSecurityTest" classname="Tests.Feature.Dashboard.DashboardSecurityTest" file="/Applications/XAMPP/xamppfiles/htdocs/faq/tests/Feature/Dashboard/DashboardSecurityTest.php" line="65" assertions="7" time="0.045437"/>
      <testcase name="test_xss_payloads_in_stored_content_are_json_encoded_not_executed" class="Tests\Feature\Dashboard\DashboardSecurityTest" classname="Tests.Feature.Dashboard.DashboardSecurityTest" file="/Applications/XAMPP/xamppfiles/htdocs/faq/tests/Feature/Dashboard/DashboardSecurityTest.php" line="89" assertions="12" time="0.045234"/>
      <testcase name="test_idor_style_user_id_query_params_are_ignored_on_read_endpoints" class="Tests\Feature\Dashboard\DashboardSecurityTest" classname="Tests.Feature.Dashboard.DashboardSecurityTest" file="/Applications/XAMPP/xamppfiles/htdocs/faq/tests/Feature/Dashboard/DashboardSecurityTest.php" line="111" assertions="3" time="0.030819"/>
      <testcase name="test_mass_assignment_style_query_params_cannot_alter_stats_payload" class="Tests\Feature\Dashboard\DashboardSecurityTest" classname="Tests.Feature.Dashboard.DashboardSecurityTest" file="/Applications/XAMPP/xamppfiles/htdocs/faq/tests/Feature/Dashboard/DashboardSecurityTest.php" line="132" assertions="4" time="0.043990"/>
      <testcase name="test_authenticated_non_admin_cannot_gain_extra_fields_via_auth" class="Tests\Feature\Dashboard\DashboardSecurityTest" classname="Tests.Feature.Dashboard.DashboardSecurityTest" file="/Applications/XAMPP/xamppfiles/htdocs/faq/tests/Feature/Dashboard/DashboardSecurityTest.php" line="147" assertions="8" time="0.051266"/>
      <testcase name="test_exception_handler_paths_do_not_expose_stack_traces_in_json" class="Tests\Feature\Dashboard\DashboardSecurityTest" classname="Tests.Feature.Dashboard.DashboardSecurityTest" file="/Applications/XAMPP/xamppfiles/htdocs/faq/tests/Feature/Dashboard/DashboardSecurityTest.php" line="169" assertions="7" time="0.038141"/>
      <testcase name="test_concurrent_reads_are_idempotent_and_do_not_mutate_database" class="Tests\Feature\Dashboard\DashboardSecurityTest" classname="Tests.Feature.Dashboard.DashboardSecurityTest" file="/Applications/XAMPP/xamppfiles/htdocs/faq/tests/Feature/Dashboard/DashboardSecurityTest.php" line="184" assertions="17" time="0.128096"/>
      <testcase name="test_security_headers_middleware_is_present_on_dashboard_responses" class="Tests\Feature\Dashboard\DashboardSecurityTest" classname="Tests.Feature.Dashboard.DashboardSecurityTest" file="/Applications/XAMPP/xamppfiles/htdocs/faq/tests/Feature/Dashboard/DashboardSecurityTest.php" line="202" assertions="2" time="0.026689"/>
    </testsuite>
    <testsuite name="Tests\Feature\Dashboard\DashboardStatsTest" file="/Applications/XAMPP/xamppfiles/htdocs/faq/tests/Feature/Dashboard/DashboardStatsTest.php" tests="16" assertions="52" errors="0" failures="0" skipped="0" time="0.725111">
      <testsuite name="Tests\Feature\Dashboard\DashboardStatsTest::test_stats_only_allows_get" tests="5" assertions="5" errors="0" failures="0" skipped="0" time="0.149277">
        <testcase name="test_stats_only_allows_get with data set &quot;get ok&quot;" class="Tests\Feature\Dashboard\DashboardStatsTest" classname="Tests.Feature.Dashboard.DashboardStatsTest" file="/Applications/XAMPP/xamppfiles/htdocs/faq/tests/Feature/Dashboard/DashboardStatsTest.php" line="178" assertions="1" time="0.032488"/>
        <testcase name="test_stats_only_allows_get with data set &quot;post not allowed&quot;" class="Tests\Feature\Dashboard\DashboardStatsTest" classname="Tests.Feature.Dashboard.DashboardStatsTest" file="/Applications/XAMPP/xamppfiles/htdocs/faq/tests/Feature/Dashboard/DashboardStatsTest.php" line="178" assertions="1" time="0.026940"/>
        <testcase name="test_stats_only_allows_get with data set &quot;put not allowed&quot;" class="Tests\Feature\Dashboard\DashboardStatsTest" classname="Tests.Feature.Dashboard.DashboardStatsTest" file="/Applications/XAMPP/xamppfiles/htdocs/faq/tests/Feature/Dashboard/DashboardStatsTest.php" line="178" assertions="1" time="0.025941"/>
        <testcase name="test_stats_only_allows_get with data set &quot;delete not allowed&quot;" class="Tests\Feature\Dashboard\DashboardStatsTest" classname="Tests.Feature.Dashboard.DashboardStatsTest" file="/Applications/XAMPP/xamppfiles/htdocs/faq/tests/Feature/Dashboard/DashboardStatsTest.php" line="178" assertions="1" time="0.032164"/>
        <testcase name="test_stats_only_allows_get with data set &quot;patch not allowed&quot;" class="Tests\Feature\Dashboard\DashboardStatsTest" classname="Tests.Feature.Dashboard.DashboardStatsTest" file="/Applications/XAMPP/xamppfiles/htdocs/faq/tests/Feature/Dashboard/DashboardStatsTest.php" line="178" assertions="1" time="0.031745"/>
      </testsuite>
      <testcase name="test_guest_can_retrieve_dashboard_stats_with_expected_shape" class="Tests\Feature\Dashboard\DashboardStatsTest" classname="Tests.Feature.Dashboard.DashboardStatsTest" file="/Applications/XAMPP/xamppfiles/htdocs/faq/tests/Feature/Dashboard/DashboardStatsTest.php" line="19" assertions="10" time="0.040005"/>
      <testcase name="test_stats_are_zero_when_database_is_empty_aside_from_no_users" class="Tests\Feature\Dashboard\DashboardStatsTest" classname="Tests.Feature.Dashboard.DashboardStatsTest" file="/Applications/XAMPP/xamppfiles/htdocs/faq/tests/Feature/Dashboard/DashboardStatsTest.php" line="37" assertions="5" time="0.030545"/>
      <testcase name="test_stats_count_only_published_questions_with_published_at" class="Tests\Feature\Dashboard\DashboardStatsTest" classname="Tests.Feature.Dashboard.DashboardStatsTest" file="/Applications/XAMPP/xamppfiles/htdocs/faq/tests/Feature/Dashboard/DashboardStatsTest.php" line="48" assertions="2" time="0.071945"/>
      <testcase name="test_stats_count_published_answers_regardless_of_published_at" class="Tests\Feature\Dashboard\DashboardStatsTest" classname="Tests.Feature.Dashboard.DashboardStatsTest" file="/Applications/XAMPP/xamppfiles/htdocs/faq/tests/Feature/Dashboard/DashboardStatsTest.php" line="64" assertions="2" time="0.101499"/>
      <testcase name="test_stats_count_all_users" class="Tests\Feature\Dashboard\DashboardStatsTest" classname="Tests.Feature.Dashboard.DashboardStatsTest" file="/Applications/XAMPP/xamppfiles/htdocs/faq/tests/Feature/Dashboard/DashboardStatsTest.php" line="79" assertions="2" time="0.045466"/>
      <testcase name="test_stats_count_distinct_solved_questions_with_correct_answers" class="Tests\Feature\Dashboard\DashboardStatsTest" classname="Tests.Feature.Dashboard.DashboardStatsTest" file="/Applications/XAMPP/xamppfiles/htdocs/faq/tests/Feature/Dashboard/DashboardStatsTest.php" line="89" assertions="2" time="0.089885"/>
      <testcase name="test_stats_solved_questions_include_unpublished_questions_with_correct_answers" class="Tests\Feature\Dashboard\DashboardStatsTest" classname="Tests.Feature.Dashboard.DashboardStatsTest" file="/Applications/XAMPP/xamppfiles/htdocs/faq/tests/Feature/Dashboard/DashboardStatsTest.php" line="105" assertions="2" time="0.037185"/>
      <testcase name="test_stats_reflect_combined_realistic_dataset" class="Tests\Feature\Dashboard\DashboardStatsTest" classname="Tests.Feature.Dashboard.DashboardStatsTest" file="/Applications/XAMPP/xamppfiles/htdocs/faq/tests/Feature/Dashboard/DashboardStatsTest.php" line="116" assertions="10" time="0.063287"/>
      <testcase name="test_authenticated_user_and_admin_can_also_retrieve_stats" class="Tests\Feature\Dashboard\DashboardStatsTest" classname="Tests.Feature.Dashboard.DashboardStatsTest" file="/Applications/XAMPP/xamppfiles/htdocs/faq/tests/Feature/Dashboard/DashboardStatsTest.php" line="140" assertions="4" time="0.035267"/>
      <testcase name="test_stats_endpoint_returns_500_json_when_query_fails" class="Tests\Feature\Dashboard\DashboardStatsTest" classname="Tests.Feature.Dashboard.DashboardStatsTest" file="/Applications/XAMPP/xamppfiles/htdocs/faq/tests/Feature/Dashboard/DashboardStatsTest.php" line="153" assertions="5" time="0.035037"/>
      <testcase name="test_stats_response_does_not_include_unexpected_top_level_keys" class="Tests\Feature\Dashboard\DashboardStatsTest" classname="Tests.Feature.Dashboard.DashboardStatsTest" file="/Applications/XAMPP/xamppfiles/htdocs/faq/tests/Feature/Dashboard/DashboardStatsTest.php" line="166" assertions="3" time="0.025713"/>
    </testsuite>
    <testsuite name="Tests\Feature\ExampleTest" file="/Applications/XAMPP/xamppfiles/htdocs/faq/tests/Feature/ExampleTest.php" tests="1" assertions="1" errors="0" failures="0" skipped="0" time="0.052475">
      <testcase name="test_the_application_returns_a_successful_response" class="Tests\Feature\ExampleTest" classname="Tests.Feature.ExampleTest" file="/Applications/XAMPP/xamppfiles/htdocs/faq/tests/Feature/ExampleTest.php" line="13" assertions="1" time="0.052475"/>
    </testsuite>
    <testsuite name="Tests\Feature\Question\QuestionDestroyTest" file="/Applications/XAMPP/xamppfiles/htdocs/faq/tests/Feature/Question/QuestionDestroyTest.php" tests="6" assertions="12" errors="0" failures="0" skipped="0" time="0.223252">
      <testcase name="test_owner_can_delete_unpublished_question" class="Tests\Feature\Question\QuestionDestroyTest" classname="Tests.Feature.Question.QuestionDestroyTest" file="/Applications/XAMPP/xamppfiles/htdocs/faq/tests/Feature/Question/QuestionDestroyTest.php" line="16" assertions="3" time="0.047645"/>
      <testcase name="test_guest_cannot_delete_question" class="Tests\Feature\Question\QuestionDestroyTest" classname="Tests.Feature.Question.QuestionDestroyTest" file="/Applications/XAMPP/xamppfiles/htdocs/faq/tests/Feature/Question/QuestionDestroyTest.php" line="29" assertions="2" time="0.034784"/>
      <testcase name="test_non_owner_cannot_delete_unpublished_question_even_as_admin" class="Tests\Feature\Question\QuestionDestroyTest" classname="Tests.Feature.Question.QuestionDestroyTest" file="/Applications/XAMPP/xamppfiles/htdocs/faq/tests/Feature/Question/QuestionDestroyTest.php" line="39" assertions="2" time="0.036395"/>
      <testcase name="test_owner_cannot_delete_published_question" class="Tests\Feature\Question\QuestionDestroyTest" classname="Tests.Feature.Question.QuestionDestroyTest" file="/Applications/XAMPP/xamppfiles/htdocs/faq/tests/Feature/Question/QuestionDestroyTest.php" line="53" assertions="2" time="0.036317"/>
      <testcase name="test_delete_returns_404_for_missing_question" class="Tests\Feature\Question\QuestionDestroyTest" classname="Tests.Feature.Question.QuestionDestroyTest" file="/Applications/XAMPP/xamppfiles/htdocs/faq/tests/Feature/Question/QuestionDestroyTest.php" line="66" assertions="1" time="0.029254"/>
      <testcase name="test_idor_attacker_cannot_delete_victim_draft" class="Tests\Feature\Question\QuestionDestroyTest" classname="Tests.Feature.Question.QuestionDestroyTest" file="/Applications/XAMPP/xamppfiles/htdocs/faq/tests/Feature/Question/QuestionDestroyTest.php" line="73" assertions="2" time="0.038858"/>
    </testsuite>
    <testsuite name="Tests\Feature\Question\QuestionFeatureActionTest" file="/Applications/XAMPP/xamppfiles/htdocs/faq/tests/Feature/Question/QuestionFeatureActionTest.php" tests="11" assertions="22" errors="0" failures="0" skipped="0" time="0.498814">
      <testcase name="test_level_four_user_can_feature_another_users_published_question" class="Tests\Feature\Question\QuestionFeatureActionTest" classname="Tests.Feature.Question.QuestionFeatureActionTest" file="/Applications/XAMPP/xamppfiles/htdocs/faq/tests/Feature/Question/QuestionFeatureActionTest.php" line="16" assertions="6" time="0.063247"/>
      <testcase name="test_user_cannot_feature_own_question" class="Tests\Feature\Question\QuestionFeatureActionTest" classname="Tests.Feature.Question.QuestionFeatureActionTest" file="/Applications/XAMPP/xamppfiles/htdocs/faq/tests/Feature/Question/QuestionFeatureActionTest.php" line="42" assertions="1" time="0.047392"/>
      <testcase name="test_user_below_level_four_cannot_feature" class="Tests\Feature\Question\QuestionFeatureActionTest" classname="Tests.Feature.Question.QuestionFeatureActionTest" file="/Applications/XAMPP/xamppfiles/htdocs/faq/tests/Feature/Question/QuestionFeatureActionTest.php" line="52" assertions="1" time="0.037836"/>
      <testcase name="test_cannot_feature_unpublished_question" class="Tests\Feature\Question\QuestionFeatureActionTest" classname="Tests.Feature.Question.QuestionFeatureActionTest" file="/Applications/XAMPP/xamppfiles/htdocs/faq/tests/Feature/Question/QuestionFeatureActionTest.php" line="63" assertions="1" time="0.042589"/>
      <testcase name="test_cannot_feature_same_question_twice" class="Tests\Feature\Question\QuestionFeatureActionTest" classname="Tests.Feature.Question.QuestionFeatureActionTest" file="/Applications/XAMPP/xamppfiles/htdocs/faq/tests/Feature/Question/QuestionFeatureActionTest.php" line="74" assertions="1" time="0.042989"/>
      <testcase name="test_cannot_feature_more_than_two_questions" class="Tests\Feature\Question\QuestionFeatureActionTest" classname="Tests.Feature.Question.QuestionFeatureActionTest" file="/Applications/XAMPP/xamppfiles/htdocs/faq/tests/Feature/Question/QuestionFeatureActionTest.php" line="90" assertions="1" time="0.051252"/>
      <testcase name="test_level_four_user_can_unfeature_featured_question" class="Tests\Feature\Question\QuestionFeatureActionTest" classname="Tests.Feature.Question.QuestionFeatureActionTest" file="/Applications/XAMPP/xamppfiles/htdocs/faq/tests/Feature/Question/QuestionFeatureActionTest.php" line="114" assertions="6" time="0.043408"/>
      <testcase name="test_cannot_unfeature_when_question_not_featured" class="Tests\Feature\Question\QuestionFeatureActionTest" classname="Tests.Feature.Question.QuestionFeatureActionTest" file="/Applications/XAMPP/xamppfiles/htdocs/faq/tests/Feature/Question/QuestionFeatureActionTest.php" line="143" assertions="1" time="0.034600"/>
      <testcase name="test_cannot_unfeature_own_question" class="Tests\Feature\Question\QuestionFeatureActionTest" classname="Tests.Feature.Question.QuestionFeatureActionTest" file="/Applications/XAMPP/xamppfiles/htdocs/faq/tests/Feature/Question/QuestionFeatureActionTest.php" line="157" assertions="1" time="0.038225"/>
      <testcase name="test_cannot_unfeature_more_than_two_questions" class="Tests\Feature\Question\QuestionFeatureActionTest" classname="Tests.Feature.Question.QuestionFeatureActionTest" file="/Applications/XAMPP/xamppfiles/htdocs/faq/tests/Feature/Question/QuestionFeatureActionTest.php" line="170" assertions="1" time="0.054187"/>
      <testcase name="test_guest_cannot_feature_or_unfeature" class="Tests\Feature\Question\QuestionFeatureActionTest" classname="Tests.Feature.Question.QuestionFeatureActionTest" file="/Applications/XAMPP/xamppfiles/htdocs/faq/tests/Feature/Question/QuestionFeatureActionTest.php" line="194" assertions="2" time="0.043087"/>
    </testsuite>
    <testsuite name="Tests\Feature\Question\QuestionIndexTest" file="/Applications/XAMPP/xamppfiles/htdocs/faq/tests/Feature/Question/QuestionIndexTest.php" tests="12" assertions="73" errors="0" failures="0" skipped="0" time="0.936418">
      <testcase name="test_guest_can_list_published_questions_with_pagination_meta" class="Tests\Feature\Question\QuestionIndexTest" classname="Tests.Feature.Question.QuestionIndexTest" file="/Applications/XAMPP/xamppfiles/htdocs/faq/tests/Feature/Question/QuestionIndexTest.php" line="20" assertions="29" time="0.100001"/>
      <testcase name="test_index_paginates_ten_questions_per_page" class="Tests\Feature\Question\QuestionIndexTest" classname="Tests.Feature.Question.QuestionIndexTest" file="/Applications/XAMPP/xamppfiles/htdocs/faq/tests/Feature/Question/QuestionIndexTest.php" line="49" assertions="8" time="0.160964"/>
      <testcase name="test_authenticated_user_sees_own_unpublished_questions" class="Tests\Feature\Question\QuestionIndexTest" classname="Tests.Feature.Question.QuestionIndexTest" file="/Applications/XAMPP/xamppfiles/htdocs/faq/tests/Feature/Question/QuestionIndexTest.php" line="67" assertions="3" time="0.072158"/>
      <testcase name="test_higher_level_user_sees_lower_level_unpublished_questions" class="Tests\Feature\Question\QuestionIndexTest" classname="Tests.Feature.Question.QuestionIndexTest" file="/Applications/XAMPP/xamppfiles/htdocs/faq/tests/Feature/Question/QuestionIndexTest.php" line="84" assertions="2" time="0.052281"/>
      <testcase name="test_guest_can_filter_questions_by_category_id" class="Tests\Feature\Question\QuestionIndexTest" classname="Tests.Feature.Question.QuestionIndexTest" file="/Applications/XAMPP/xamppfiles/htdocs/faq/tests/Feature/Question/QuestionIndexTest.php" line="97" assertions="3" time="0.054491"/>
      <testcase name="test_guest_can_filter_questions_by_tags_or_logic" class="Tests\Feature\Question\QuestionIndexTest" classname="Tests.Feature.Question.QuestionIndexTest" file="/Applications/XAMPP/xamppfiles/htdocs/faq/tests/Feature/Question/QuestionIndexTest.php" line="111" assertions="4" time="0.076180"/>
      <testcase name="test_filter_unanswered_returns_questions_without_answers" class="Tests\Feature\Question\QuestionIndexTest" classname="Tests.Feature.Question.QuestionIndexTest" file="/Applications/XAMPP/xamppfiles/htdocs/faq/tests/Feature/Question/QuestionIndexTest.php" line="135" assertions="3" time="0.060420"/>
      <testcase name="test_filter_solved_and_unsolved" class="Tests\Feature\Question\QuestionIndexTest" classname="Tests.Feature.Question.QuestionIndexTest" file="/Applications/XAMPP/xamppfiles/htdocs/faq/tests/Feature/Question/QuestionIndexTest.php" line="147" assertions="6" time="0.072116"/>
      <testcase name="test_filter_unpublished_lists_visible_unpublished_for_authorized_viewer" class="Tests\Feature\Question\QuestionIndexTest" classname="Tests.Feature.Question.QuestionIndexTest" file="/Applications/XAMPP/xamppfiles/htdocs/faq/tests/Feature/Question/QuestionIndexTest.php" line="173" assertions="3" time="0.057374"/>
      <testcase name="test_sort_by_created_at_votes_answers_and_views" class="Tests\Feature\Question\QuestionIndexTest" classname="Tests.Feature.Question.QuestionIndexTest" file="/Applications/XAMPP/xamppfiles/htdocs/faq/tests/Feature/Question/QuestionIndexTest.php" line="188" assertions="5" time="0.124965"/>
      <testcase name="test_index_includes_authenticated_user_vote_and_pin_status" class="Tests\Feature\Question\QuestionIndexTest" classname="Tests.Feature.Question.QuestionIndexTest" file="/Applications/XAMPP/xamppfiles/htdocs/faq/tests/Feature/Question/QuestionIndexTest.php" line="231" assertions="3" time="0.060490"/>
      <testcase name="test_index_does_not_expose_oauth_tokens_on_nested_user" class="Tests\Feature\Question\QuestionIndexTest" classname="Tests.Feature.Question.QuestionIndexTest" file="/Applications/XAMPP/xamppfiles/htdocs/faq/tests/Feature/Question/QuestionIndexTest.php" line="246" assertions="4" time="0.044978"/>
    </testsuite>
    <testsuite name="Tests\Feature\Question\QuestionPinTest" file="/Applications/XAMPP/xamppfiles/htdocs/faq/tests/Feature/Question/QuestionPinTest.php" tests="6" assertions="19" errors="0" failures="0" skipped="0" time="0.285922">
      <testcase name="test_authenticated_user_can_pin_question" class="Tests\Feature\Question\QuestionPinTest" classname="Tests.Feature.Question.QuestionPinTest" file="/Applications/XAMPP/xamppfiles/htdocs/faq/tests/Feature/Question/QuestionPinTest.php" line="16" assertions="6" time="0.040170"/>
      <testcase name="test_pinning_same_question_twice_returns_conflict" class="Tests\Feature\Question\QuestionPinTest" classname="Tests.Feature.Question.QuestionPinTest" file="/Applications/XAMPP/xamppfiles/htdocs/faq/tests/Feature/Question/QuestionPinTest.php" line="35" assertions="3" time="0.039339"/>
      <testcase name="test_authenticated_user_can_unpin_question" class="Tests\Feature\Question\QuestionPinTest" classname="Tests.Feature.Question.QuestionPinTest" file="/Applications/XAMPP/xamppfiles/htdocs/faq/tests/Feature/Question/QuestionPinTest.php" line="50" assertions="3" time="0.042089"/>
      <testcase name="test_unpin_is_idempotent_when_not_pinned" class="Tests\Feature\Question\QuestionPinTest" classname="Tests.Feature.Question.QuestionPinTest" file="/Applications/XAMPP/xamppfiles/htdocs/faq/tests/Feature/Question/QuestionPinTest.php" line="72" assertions="2" time="0.044808"/>
      <testcase name="test_guest_cannot_pin_or_unpin" class="Tests\Feature\Question\QuestionPinTest" classname="Tests.Feature.Question.QuestionPinTest" file="/Applications/XAMPP/xamppfiles/htdocs/faq/tests/Feature/Question/QuestionPinTest.php" line="84" assertions="2" time="0.043823"/>
      <testcase name="test_pinned_questions_appear_first_on_unfiltered_index" class="Tests\Feature\Question\QuestionPinTest" classname="Tests.Feature.Question.QuestionPinTest" file="/Applications/XAMPP/xamppfiles/htdocs/faq/tests/Feature/Question/QuestionPinTest.php" line="92" assertions="3" time="0.075692"/>
    </testsuite>
    <testsuite name="Tests\Feature\Question\QuestionPublishTest" file="/Applications/XAMPP/xamppfiles/htdocs/faq/tests/Feature/Question/QuestionPublishTest.php" tests="7" assertions="20" errors="0" failures="0" skipped="0" time="0.327117">
      <testcase name="test_higher_level_user_can_publish_lower_level_users_question_and_earns_score" class="Tests\Feature\Question\QuestionPublishTest" classname="Tests.Feature.Question.QuestionPublishTest" file="/Applications/XAMPP/xamppfiles/htdocs/faq/tests/Feature/Question/QuestionPublishTest.php" line="16" assertions="9" time="0.068154"/>
      <testcase name="test_owner_with_level_two_or_higher_can_publish_own_question" class="Tests\Feature\Question\QuestionPublishTest" classname="Tests.Feature.Question.QuestionPublishTest" file="/Applications/XAMPP/xamppfiles/htdocs/faq/tests/Feature/Question/QuestionPublishTest.php" line="46" assertions="3" time="0.047391"/>
      <testcase name="test_guest_cannot_publish_question" class="Tests\Feature\Question\QuestionPublishTest" classname="Tests.Feature.Question.QuestionPublishTest" file="/Applications/XAMPP/xamppfiles/htdocs/faq/tests/Feature/Question/QuestionPublishTest.php" line="60" assertions="2" time="0.031413"/>
      <testcase name="test_level_one_user_cannot_publish_any_question" class="Tests\Feature\Question\QuestionPublishTest" classname="Tests.Feature.Question.QuestionPublishTest" file="/Applications/XAMPP/xamppfiles/htdocs/faq/tests/Feature/Question/QuestionPublishTest.php" line="70" assertions="2" time="0.052804"/>
      <testcase name="test_cannot_publish_already_published_question" class="Tests\Feature\Question\QuestionPublishTest" classname="Tests.Feature.Question.QuestionPublishTest" file="/Applications/XAMPP/xamppfiles/htdocs/faq/tests/Feature/Question/QuestionPublishTest.php" line="83" assertions="1" time="0.035166"/>
      <testcase name="test_cannot_publish_question_from_same_or_higher_level_non_owner" class="Tests\Feature\Question\QuestionPublishTest" classname="Tests.Feature.Question.QuestionPublishTest" file="/Applications/XAMPP/xamppfiles/htdocs/faq/tests/Feature/Question/QuestionPublishTest.php" line="94" assertions="2" time="0.049085"/>
      <testcase name="test_cannot_publish_question_with_null_owner" class="Tests\Feature\Question\QuestionPublishTest" classname="Tests.Feature.Question.QuestionPublishTest" file="/Applications/XAMPP/xamppfiles/htdocs/faq/tests/Feature/Question/QuestionPublishTest.php" line="109" assertions="1" time="0.043104"/>
    </testsuite>
    <testsuite name="Tests\Feature\Question\QuestionSearchTest" file="/Applications/XAMPP/xamppfiles/htdocs/faq/tests/Feature/Question/QuestionSearchTest.php" tests="11" assertions="36" errors="0" failures="0" skipped="0" time="0.591331">
      <testsuite name="Tests\Feature\Question\QuestionSearchTest::test_search_validation" tests="4" assertions="12" errors="0" failures="0" skipped="0" time="0.129852">
        <testcase name="test_search_validation with data set &quot;q too long&quot;" class="Tests\Feature\Question\QuestionSearchTest" classname="Tests.Feature.Question.QuestionSearchTest" file="/Applications/XAMPP/xamppfiles/htdocs/faq/tests/Feature/Question/QuestionSearchTest.php" line="112" assertions="3" time="0.028570"/>
        <testcase name="test_search_validation with data set &quot;limit below min&quot;" class="Tests\Feature\Question\QuestionSearchTest" classname="Tests.Feature.Question.QuestionSearchTest" file="/Applications/XAMPP/xamppfiles/htdocs/faq/tests/Feature/Question/QuestionSearchTest.php" line="112" assertions="3" time="0.035214"/>
        <testcase name="test_search_validation with data set &quot;limit above max&quot;" class="Tests\Feature\Question\QuestionSearchTest" classname="Tests.Feature.Question.QuestionSearchTest" file="/Applications/XAMPP/xamppfiles/htdocs/faq/tests/Feature/Question/QuestionSearchTest.php" line="112" assertions="3" time="0.033171"/>
        <testcase name="test_search_validation with data set &quot;limit not integer&quot;" class="Tests\Feature\Question\QuestionSearchTest" classname="Tests.Feature.Question.QuestionSearchTest" file="/Applications/XAMPP/xamppfiles/htdocs/faq/tests/Feature/Question/QuestionSearchTest.php" line="112" assertions="3" time="0.032897"/>
      </testsuite>
      <testcase name="test_guest_can_search_published_questions_by_title" class="Tests\Feature\Question\QuestionSearchTest" classname="Tests.Feature.Question.QuestionSearchTest" file="/Applications/XAMPP/xamppfiles/htdocs/faq/tests/Feature/Question/QuestionSearchTest.php" line="16" assertions="13" time="0.047861"/>
      <testcase name="test_search_returns_empty_data_when_no_matches" class="Tests\Feature\Question\QuestionSearchTest" classname="Tests.Feature.Question.QuestionSearchTest" file="/Applications/XAMPP/xamppfiles/htdocs/faq/tests/Feature/Question/QuestionSearchTest.php" line="39" assertions="2" time="0.040435"/>
      <testcase name="test_search_without_query_returns_published_questions_limited_to_default" class="Tests\Feature\Question\QuestionSearchTest" classname="Tests.Feature.Question.QuestionSearchTest" file="/Applications/XAMPP/xamppfiles/htdocs/faq/tests/Feature/Question/QuestionSearchTest.php" line="51" assertions="2" time="0.131500"/>
      <testcase name="test_search_respects_limit_parameter" class="Tests\Feature\Question\QuestionSearchTest" classname="Tests.Feature.Question.QuestionSearchTest" file="/Applications/XAMPP/xamppfiles/htdocs/faq/tests/Feature/Question/QuestionSearchTest.php" line="60" assertions="2" time="0.083209"/>
      <testcase name="test_search_orders_by_views_desc_then_created_at_desc" class="Tests\Feature\Question\QuestionSearchTest" classname="Tests.Feature.Question.QuestionSearchTest" file="/Applications/XAMPP/xamppfiles/htdocs/faq/tests/Feature/Question/QuestionSearchTest.php" line="75" assertions="1" time="0.059952"/>
      <testcase name="test_search_ignores_published_true_without_published_at" class="Tests\Feature\Question\QuestionSearchTest" classname="Tests.Feature.Question.QuestionSearchTest" file="/Applications/XAMPP/xamppfiles/htdocs/faq/tests/Feature/Question/QuestionSearchTest.php" line="98" assertions="2" time="0.039040"/>
      <testcase name="test_search_sql_injection_payload_does_not_error_or_leak_extra_rows" class="Tests\Feature\Question\QuestionSearchTest" classname="Tests.Feature.Question.QuestionSearchTest" file="/Applications/XAMPP/xamppfiles/htdocs/faq/tests/Feature/Question/QuestionSearchTest.php" line="129" assertions="2" time="0.059483"/>
    </testsuite>
    <testsuite name="Tests\Feature\Question\QuestionSecurityTest" file="/Applications/XAMPP/xamppfiles/htdocs/faq/tests/Feature/Question/QuestionSecurityTest.php" tests="7" assertions="23" errors="0" failures="0" skipped="0" time="0.369636">
      <testcase name="test_mass_assignment_cannot_override_user_id_or_views_on_store" class="Tests\Feature\Question\QuestionSecurityTest" classname="Tests.Feature.Question.QuestionSecurityTest" file="/Applications/XAMPP/xamppfiles/htdocs/faq/tests/Feature/Question/QuestionSecurityTest.php" line="17" assertions="6" time="0.064470"/>
      <testcase name="test_nested_user_resource_hides_email_and_mobile_from_other_users" class="Tests\Feature\Question\QuestionSecurityTest" classname="Tests.Feature.Question.QuestionSecurityTest" file="/Applications/XAMPP/xamppfiles/htdocs/faq/tests/Feature/Question/QuestionSecurityTest.php" line="39" assertions="5" time="0.063643"/>
      <testcase name="test_author_seeing_own_question_receives_email_in_user_resource" class="Tests\Feature\Question\QuestionSecurityTest" classname="Tests.Feature.Question.QuestionSecurityTest" file="/Applications/XAMPP/xamppfiles/htdocs/faq/tests/Feature/Question/QuestionSecurityTest.php" line="63" assertions="2" time="0.053024"/>
      <testcase name="test_sql_injection_in_category_filter_does_not_break_index" class="Tests\Feature\Question\QuestionSecurityTest" classname="Tests.Feature.Question.QuestionSecurityTest" file="/Applications/XAMPP/xamppfiles/htdocs/faq/tests/Feature/Question/QuestionSecurityTest.php" line="78" assertions="1" time="0.043749"/>
      <testcase name="test_xss_payload_in_title_is_stripped_before_persistence" class="Tests\Feature\Question\QuestionSecurityTest" classname="Tests.Feature.Question.QuestionSecurityTest" file="/Applications/XAMPP/xamppfiles/htdocs/faq/tests/Feature/Question/QuestionSecurityTest.php" line="86" assertions="3" time="0.050090"/>
      <testcase name="test_content_script_tags_are_persisted_as_sent_because_controller_skips_validated" class="Tests\Feature\Question\QuestionSecurityTest" classname="Tests.Feature.Question.QuestionSecurityTest" file="/Applications/XAMPP/xamppfiles/htdocs/faq/tests/Feature/Question/QuestionSecurityTest.php" line="99" assertions="2" time="0.047466"/>
      <testcase name="test_can_permissions_in_resource_reflect_policy_for_authenticated_user" class="Tests\Feature\Question\QuestionSecurityTest" classname="Tests.Feature.Question.QuestionSecurityTest" file="/Applications/XAMPP/xamppfiles/htdocs/faq/tests/Feature/Question/QuestionSecurityTest.php" line="113" assertions="4" time="0.047194"/>
    </testsuite>
    <testsuite name="Tests\Feature\Question\QuestionShowTest" file="/Applications/XAMPP/xamppfiles/htdocs/faq/tests/Feature/Question/QuestionShowTest.php" tests="7" assertions="29" errors="0" failures="0" skipped="0" time="0.35037">
      <testcase name="test_guest_can_show_published_question_by_slug_and_increments_views" class="Tests\Feature\Question\QuestionShowTest" classname="Tests.Feature.Question.QuestionShowTest" file="/Applications/XAMPP/xamppfiles/htdocs/faq/tests/Feature/Question/QuestionShowTest.php" line="20" assertions="16" time="0.062996"/>
      <testcase name="test_show_returns_404_for_unknown_slug" class="Tests\Feature\Question\QuestionShowTest" classname="Tests.Feature.Question.QuestionShowTest" file="/Applications/XAMPP/xamppfiles/htdocs/faq/tests/Feature/Question/QuestionShowTest.php" line="64" assertions="1" time="0.029800"/>
      <testcase name="test_show_by_numeric_id_returns_404_because_route_binds_slug" class="Tests\Feature\Question\QuestionShowTest" classname="Tests.Feature.Question.QuestionShowTest" file="/Applications/XAMPP/xamppfiles/htdocs/faq/tests/Feature/Question/QuestionShowTest.php" line="69" assertions="1" time="0.041308"/>
      <testcase name="test_show_includes_pin_and_feature_status_for_authenticated_user" class="Tests\Feature\Question\QuestionShowTest" classname="Tests.Feature.Question.QuestionShowTest" file="/Applications/XAMPP/xamppfiles/htdocs/faq/tests/Feature/Question/QuestionShowTest.php" line="76" assertions="3" time="0.059306"/>
      <testcase name="test_show_loads_vote_counts_for_question" class="Tests\Feature\Question\QuestionShowTest" classname="Tests.Feature.Question.QuestionShowTest" file="/Applications/XAMPP/xamppfiles/htdocs/faq/tests/Feature/Question/QuestionShowTest.php" line="95" assertions="3" time="0.057174"/>
      <testcase name="test_show_skips_policy_so_guest_can_open_unpublished_question_by_slug" class="Tests\Feature\Question\QuestionShowTest" classname="Tests.Feature.Question.QuestionShowTest" file="/Applications/XAMPP/xamppfiles/htdocs/faq/tests/Feature/Question/QuestionShowTest.php" line="108" assertions="3" time="0.051520"/>
      <testcase name="test_is_solved_is_true_when_correct_answer_exists" class="Tests\Feature\Question\QuestionShowTest" classname="Tests.Feature.Question.QuestionShowTest" file="/Applications/XAMPP/xamppfiles/htdocs/faq/tests/Feature/Question/QuestionShowTest.php" line="122" assertions="2" time="0.048266"/>
    </testsuite>
    <testsuite name="Tests\Feature\Question\QuestionStoreTest" file="/Applications/XAMPP/xamppfiles/htdocs/faq/tests/Feature/Question/QuestionStoreTest.php" tests="16" assertions="74" errors="0" failures="0" skipped="0" time="0.770674">
      <testsuite name="Tests\Feature\Question\QuestionStoreTest::test_store_validation_rejects_invalid_payloads" tests="8" assertions="36" errors="0" failures="0" skipped="0" time="0.328396">
        <testcase name="test_store_validation_rejects_invalid_payloads with data set &quot;missing required fields&quot;" class="Tests\Feature\Question\QuestionStoreTest" classname="Tests.Feature.Question.QuestionStoreTest" file="/Applications/XAMPP/xamppfiles/htdocs/faq/tests/Feature/Question/QuestionStoreTest.php" line="122" assertions="7" time="0.042482"/>
        <testcase name="test_store_validation_rejects_invalid_payloads with data set &quot;nonexistent category&quot;" class="Tests\Feature\Question\QuestionStoreTest" classname="Tests.Feature.Question.QuestionStoreTest" file="/Applications/XAMPP/xamppfiles/htdocs/faq/tests/Feature/Question/QuestionStoreTest.php" line="122" assertions="4" time="0.038511"/>
        <testcase name="test_store_validation_rejects_invalid_payloads with data set &quot;title too long&quot;" class="Tests\Feature\Question\QuestionStoreTest" classname="Tests.Feature.Question.QuestionStoreTest" file="/Applications/XAMPP/xamppfiles/htdocs/faq/tests/Feature/Question/QuestionStoreTest.php" line="122" assertions="4" time="0.043900"/>
        <testcase name="test_store_validation_rejects_invalid_payloads with data set &quot;empty tags array&quot;" class="Tests\Feature\Question\QuestionStoreTest" classname="Tests.Feature.Question.QuestionStoreTest" file="/Applications/XAMPP/xamppfiles/htdocs/faq/tests/Feature/Question/QuestionStoreTest.php" line="122" assertions="4" time="0.036091"/>
        <testcase name="test_store_validation_rejects_invalid_payloads with data set &quot;too many tags&quot;" class="Tests\Feature\Question\QuestionStoreTest" classname="Tests.Feature.Question.QuestionStoreTest" file="/Applications/XAMPP/xamppfiles/htdocs/faq/tests/Feature/Question/QuestionStoreTest.php" line="122" assertions="4" time="0.052095"/>
        <testcase name="test_store_validation_rejects_invalid_payloads with data set &quot;nonexistent tag id&quot;" class="Tests\Feature\Question\QuestionStoreTest" classname="Tests.Feature.Question.QuestionStoreTest" file="/Applications/XAMPP/xamppfiles/htdocs/faq/tests/Feature/Question/QuestionStoreTest.php" line="122" assertions="4" time="0.039600"/>
        <testcase name="test_store_validation_rejects_invalid_payloads with data set &quot;tag without id or name&quot;" class="Tests\Feature\Question\QuestionStoreTest" classname="Tests.Feature.Question.QuestionStoreTest" file="/Applications/XAMPP/xamppfiles/htdocs/faq/tests/Feature/Question/QuestionStoreTest.php" line="122" assertions="5" time="0.039967"/>
        <testcase name="test_store_validation_rejects_invalid_payloads with data set &quot;tag name too long&quot;" class="Tests\Feature\Question\QuestionStoreTest" classname="Tests.Feature.Question.QuestionStoreTest" file="/Applications/XAMPP/xamppfiles/htdocs/faq/tests/Feature/Question/QuestionStoreTest.php" line="122" assertions="4" time="0.035750"/>
      </testsuite>
      <testcase name="test_guest_cannot_create_question" class="Tests\Feature\Question\QuestionStoreTest" classname="Tests.Feature.Question.QuestionStoreTest" file="/Applications/XAMPP/xamppfiles/htdocs/faq/tests/Feature/Question/QuestionStoreTest.php" line="20" assertions="2" time="0.039401"/>
      <testcase name="test_authenticated_user_can_create_unpublished_question_when_level_below_two" class="Tests\Feature\Question\QuestionStoreTest" classname="Tests.Feature.Question.QuestionStoreTest" file="/Applications/XAMPP/xamppfiles/htdocs/faq/tests/Feature/Question/QuestionStoreTest.php" line="28" assertions="10" time="0.060839"/>
      <testcase name="test_level_two_or_higher_user_auto_publishes_on_create_without_score_award" class="Tests\Feature\Question\QuestionStoreTest" classname="Tests.Feature.Question.QuestionStoreTest" file="/Applications/XAMPP/xamppfiles/htdocs/faq/tests/Feature/Question/QuestionStoreTest.php" line="63" assertions="6" time="0.065622"/>
      <testcase name="test_store_creates_new_tags_and_reuses_existing_tag_names" class="Tests\Feature\Question\QuestionStoreTest" classname="Tests.Feature.Question.QuestionStoreTest" file="/Applications/XAMPP/xamppfiles/htdocs/faq/tests/Feature/Question/QuestionStoreTest.php" line="85" assertions="4" time="0.056985"/>
      <testcase name="test_store_generates_unique_slug_when_title_collides" class="Tests\Feature\Question\QuestionStoreTest" classname="Tests.Feature.Question.QuestionStoreTest" file="/Applications/XAMPP/xamppfiles/htdocs/faq/tests/Feature/Question/QuestionStoreTest.php" line="106" assertions="2" time="0.062681"/>
      <testcase name="test_store_sanitizes_html_from_title_and_tag_names" class="Tests\Feature\Question\QuestionStoreTest" classname="Tests.Feature.Question.QuestionStoreTest" file="/Applications/XAMPP/xamppfiles/htdocs/faq/tests/Feature/Question/QuestionStoreTest.php" line="172" assertions="5" time="0.054496"/>
      <testcase name="test_store_ignores_mass_assignment_of_published_and_featured_flags" class="Tests\Feature\Question\QuestionStoreTest" classname="Tests.Feature.Question.QuestionStoreTest" file="/Applications/XAMPP/xamppfiles/htdocs/faq/tests/Feature/Question/QuestionStoreTest.php" line="190" assertions="6" time="0.060295"/>
      <testcase name="test_store_does_not_create_partial_question_when_tag_sync_would_fail" class="Tests\Feature\Question\QuestionStoreTest" classname="Tests.Feature.Question.QuestionStoreTest" file="/Applications/XAMPP/xamppfiles/htdocs/faq/tests/Feature/Question/QuestionStoreTest.php" line="211" assertions="3" time="0.041958"/>
    </testsuite>
    <testsuite name="Tests\Feature\Question\QuestionUpdateTest" file="/Applications/XAMPP/xamppfiles/htdocs/faq/tests/Feature/Question/QuestionUpdateTest.php" tests="14" assertions="35" errors="0" failures="0" skipped="0" time="0.646985">
      <testsuite name="Tests\Feature\Question\QuestionUpdateTest::test_update_validation_rejects_invalid_payloads" tests="4" assertions="12" errors="0" failures="0" skipped="0" time="0.176452">
        <testcase name="test_update_validation_rejects_invalid_payloads with data set &quot;missing tags key&quot;" class="Tests\Feature\Question\QuestionUpdateTest" classname="Tests.Feature.Question.QuestionUpdateTest" file="/Applications/XAMPP/xamppfiles/htdocs/faq/tests/Feature/Question/QuestionUpdateTest.php" line="162" assertions="3" time="0.039480"/>
        <testcase name="test_update_validation_rejects_invalid_payloads with data set &quot;invalid category&quot;" class="Tests\Feature\Question\QuestionUpdateTest" classname="Tests.Feature.Question.QuestionUpdateTest" file="/Applications/XAMPP/xamppfiles/htdocs/faq/tests/Feature/Question/QuestionUpdateTest.php" line="162" assertions="3" time="0.051337"/>
        <testcase name="test_update_validation_rejects_invalid_payloads with data set &quot;title too long&quot;" class="Tests\Feature\Question\QuestionUpdateTest" classname="Tests.Feature.Question.QuestionUpdateTest" file="/Applications/XAMPP/xamppfiles/htdocs/faq/tests/Feature/Question/QuestionUpdateTest.php" line="162" assertions="3" time="0.043872"/>
        <testcase name="test_update_validation_rejects_invalid_payloads with data set &quot;too many tags&quot;" class="Tests\Feature\Question\QuestionUpdateTest" classname="Tests.Feature.Question.QuestionUpdateTest" file="/Applications/XAMPP/xamppfiles/htdocs/faq/tests/Feature/Question/QuestionUpdateTest.php" line="162" assertions="3" time="0.041763"/>
      </testsuite>
      <testcase name="test_owner_can_update_unpublished_question_and_regenerate_slug_on_title_change" class="Tests\Feature\Question\QuestionUpdateTest" classname="Tests.Feature.Question.QuestionUpdateTest" file="/Applications/XAMPP/xamppfiles/htdocs/faq/tests/Feature/Question/QuestionUpdateTest.php" line="19" assertions="8" time="0.052779"/>
      <testcase name="test_owner_can_clear_all_tags_with_empty_array" class="Tests\Feature\Question\QuestionUpdateTest" classname="Tests.Feature.Question.QuestionUpdateTest" file="/Applications/XAMPP/xamppfiles/htdocs/faq/tests/Feature/Question/QuestionUpdateTest.php" line="64" assertions="2" time="0.049097"/>
      <testcase name="test_slug_unchanged_when_title_is_unchanged" class="Tests\Feature\Question\QuestionUpdateTest" classname="Tests.Feature.Question.QuestionUpdateTest" file="/Applications/XAMPP/xamppfiles/htdocs/faq/tests/Feature/Question/QuestionUpdateTest.php" line="82" assertions="2" time="0.051219"/>
      <testcase name="test_guest_cannot_update_question" class="Tests\Feature\Question\QuestionUpdateTest" classname="Tests.Feature.Question.QuestionUpdateTest" file="/Applications/XAMPP/xamppfiles/htdocs/faq/tests/Feature/Question/QuestionUpdateTest.php" line="102" assertions="1" time="0.038106"/>
      <testcase name="test_non_owner_cannot_update_unpublished_question" class="Tests\Feature\Question\QuestionUpdateTest" classname="Tests.Feature.Question.QuestionUpdateTest" file="/Applications/XAMPP/xamppfiles/htdocs/faq/tests/Feature/Question/QuestionUpdateTest.php" line="110" assertions="2" time="0.043664"/>
      <testcase name="test_owner_cannot_update_published_question" class="Tests\Feature\Question\QuestionUpdateTest" classname="Tests.Feature.Question.QuestionUpdateTest" file="/Applications/XAMPP/xamppfiles/htdocs/faq/tests/Feature/Question/QuestionUpdateTest.php" line="128" assertions="1" time="0.048730"/>
      <testcase name="test_update_returns_404_for_missing_question" class="Tests\Feature\Question\QuestionUpdateTest" classname="Tests.Feature.Question.QuestionUpdateTest" file="/Applications/XAMPP/xamppfiles/htdocs/faq/tests/Feature/Question/QuestionUpdateTest.php" line="140" assertions="1" time="0.039020"/>
      <testcase name="test_cannot_update_question_with_null_owner" class="Tests\Feature\Question\QuestionUpdateTest" classname="Tests.Feature.Question.QuestionUpdateTest" file="/Applications/XAMPP/xamppfiles/htdocs/faq/tests/Feature/Question/QuestionUpdateTest.php" line="148" assertions="1" time="0.043622"/>
      <testcase name="test_update_sanitizes_title_html" class="Tests\Feature\Question\QuestionUpdateTest" classname="Tests.Feature.Question.QuestionUpdateTest" file="/Applications/XAMPP/xamppfiles/htdocs/faq/tests/Feature/Question/QuestionUpdateTest.php" line="203" assertions="3" time="0.057282"/>
      <testcase name="test_idor_attacker_cannot_update_another_users_draft_by_id" class="Tests\Feature\Question\QuestionUpdateTest" classname="Tests.Feature.Question.QuestionUpdateTest" file="/Applications/XAMPP/xamppfiles/htdocs/faq/tests/Feature/Question/QuestionUpdateTest.php" line="220" assertions="2" time="0.047013"/>
    </testsuite>
    <testsuite name="Tests\Feature\Question\QuestionVoteTest" file="/Applications/XAMPP/xamppfiles/htdocs/faq/tests/Feature/Question/QuestionVoteTest.php" tests="8" assertions="27" errors="0" failures="0" skipped="0" time="0.385617">
      <testsuite name="Tests\Feature\Question\QuestionVoteTest::test_vote_validation" tests="3" assertions="9" errors="0" failures="0" skipped="0" time="0.126372">
        <testcase name="test_vote_validation with data set &quot;missing type&quot;" class="Tests\Feature\Question\QuestionVoteTest" classname="Tests.Feature.Question.QuestionVoteTest" file="/Applications/XAMPP/xamppfiles/htdocs/faq/tests/Feature/Question/QuestionVoteTest.php" line="99" assertions="3" time="0.044672"/>
        <testcase name="test_vote_validation with data set &quot;invalid type&quot;" class="Tests\Feature\Question\QuestionVoteTest" classname="Tests.Feature.Question.QuestionVoteTest" file="/Applications/XAMPP/xamppfiles/htdocs/faq/tests/Feature/Question/QuestionVoteTest.php" line="99" assertions="3" time="0.040517"/>
        <testcase name="test_vote_validation with data set &quot;null type&quot;" class="Tests\Feature\Question\QuestionVoteTest" classname="Tests.Feature.Question.QuestionVoteTest" file="/Applications/XAMPP/xamppfiles/htdocs/faq/tests/Feature/Question/QuestionVoteTest.php" line="99" assertions="3" time="0.041182"/>
      </testsuite>
      <testcase name="test_authenticated_user_can_upvote_and_owner_gains_ten_score" class="Tests\Feature\Question\QuestionVoteTest" classname="Tests.Feature.Question.QuestionVoteTest" file="/Applications/XAMPP/xamppfiles/htdocs/faq/tests/Feature/Question/QuestionVoteTest.php" line="18" assertions="5" time="0.053779"/>
      <testcase name="test_authenticated_user_can_downvote_and_owner_loses_two_score" class="Tests\Feature\Question\QuestionVoteTest" classname="Tests.Feature.Question.QuestionVoteTest" file="/Applications/XAMPP/xamppfiles/htdocs/faq/tests/Feature/Question/QuestionVoteTest.php" line="49" assertions="3" time="0.048077"/>
      <testcase name="test_user_cannot_vote_twice_or_change_vote_type" class="Tests\Feature\Question\QuestionVoteTest" classname="Tests.Feature.Question.QuestionVoteTest" file="/Applications/XAMPP/xamppfiles/htdocs/faq/tests/Feature/Question/QuestionVoteTest.php" line="68" assertions="7" time="0.058392"/>
      <testcase name="test_guest_cannot_vote" class="Tests\Feature\Question\QuestionVoteTest" classname="Tests.Feature.Question.QuestionVoteTest" file="/Applications/XAMPP/xamppfiles/htdocs/faq/tests/Feature/Question/QuestionVoteTest.php" line="90" assertions="1" time="0.049699"/>
      <testcase name="test_vote_on_question_with_null_owner_does_not_error" class="Tests\Feature\Question\QuestionVoteTest" classname="Tests.Feature.Question.QuestionVoteTest" file="/Applications/XAMPP/xamppfiles/htdocs/faq/tests/Feature/Question/QuestionVoteTest.php" line="118" assertions="2" time="0.049298"/>
    </testsuite>
    <testsuite name="Tests\Feature\Tag\TagDestroyTest" file="/Applications/XAMPP/xamppfiles/htdocs/faq/tests/Feature/Tag/TagDestroyTest.php" tests="9" assertions="32" errors="0" failures="0" skipped="0" time="0.361816">
      <testcase name="test_guest_cannot_delete_tag" class="Tests\Feature\Tag\TagDestroyTest" classname="Tests.Feature.Tag.TagDestroyTest" file="/Applications/XAMPP/xamppfiles/htdocs/faq/tests/Feature/Tag/TagDestroyTest.php" line="15" assertions="2" time="0.035202"/>
      <testcase name="test_authenticated_non_admin_cannot_delete_tag" class="Tests\Feature\Tag\TagDestroyTest" classname="Tests.Feature.Tag.TagDestroyTest" file="/Applications/XAMPP/xamppfiles/htdocs/faq/tests/Feature/Tag/TagDestroyTest.php" line="25" assertions="2" time="0.034398"/>
      <testcase name="test_admin_can_delete_tag_and_receives_no_content" class="Tests\Feature\Tag\TagDestroyTest" classname="Tests.Feature.Tag.TagDestroyTest" file="/Applications/XAMPP/xamppfiles/htdocs/faq/tests/Feature/Tag/TagDestroyTest.php" line="36" assertions="4" time="0.037791"/>
      <testcase name="test_deleting_tag_cascades_question_tag_pivot_rows" class="Tests\Feature\Tag\TagDestroyTest" classname="Tests.Feature.Tag.TagDestroyTest" file="/Applications/XAMPP/xamppfiles/htdocs/faq/tests/Feature/Tag/TagDestroyTest.php" line="48" assertions="5" time="0.050991"/>
      <testcase name="test_deleting_tag_does_not_delete_related_questions" class="Tests\Feature\Tag\TagDestroyTest" classname="Tests.Feature.Tag.TagDestroyTest" file="/Applications/XAMPP/xamppfiles/htdocs/faq/tests/Feature/Tag/TagDestroyTest.php" line="62" assertions="3" time="0.042642"/>
      <testcase name="test_destroy_returns_404_for_unknown_slug" class="Tests\Feature\Tag\TagDestroyTest" classname="Tests.Feature.Tag.TagDestroyTest" file="/Applications/XAMPP/xamppfiles/htdocs/faq/tests/Feature/Tag/TagDestroyTest.php" line="73" assertions="1" time="0.031428"/>
      <testcase name="test_deleted_tag_cannot_be_shown_or_listed" class="Tests\Feature\Tag\TagDestroyTest" classname="Tests.Feature.Tag.TagDestroyTest" file="/Applications/XAMPP/xamppfiles/htdocs/faq/tests/Feature/Tag/TagDestroyTest.php" line="80" assertions="6" time="0.053750"/>
      <testcase name="test_tags_are_hard_deleted_not_soft_deleted" class="Tests\Feature\Tag\TagDestroyTest" classname="Tests.Feature.Tag.TagDestroyTest" file="/Applications/XAMPP/xamppfiles/htdocs/faq/tests/Feature/Tag/TagDestroyTest.php" line="94" assertions="4" time="0.039686"/>
      <testcase name="test_admin_can_delete_one_tag_without_affecting_others" class="Tests\Feature\Tag\TagDestroyTest" classname="Tests.Feature.Tag.TagDestroyTest" file="/Applications/XAMPP/xamppfiles/htdocs/faq/tests/Feature/Tag/TagDestroyTest.php" line="106" assertions="5" time="0.035928"/>
    </testsuite>
    <testsuite name="Tests\Feature\Tag\TagIndexTest" file="/Applications/XAMPP/xamppfiles/htdocs/faq/tests/Feature/Tag/TagIndexTest.php" tests="16" assertions="81" errors="0" failures="0" skipped="0" time="0.6105">
      <testsuite name="Tests\Feature\Tag\TagIndexTest::test_index_handles_query_edge_cases" tests="5" assertions="20" errors="0" failures="0" skipped="0" time="0.177438">
        <testcase name="test_index_handles_query_edge_cases with data set &quot;sql injection attempt&quot;" class="Tests\Feature\Tag\TagIndexTest" classname="Tests.Feature.Tag.TagIndexTest" file="/Applications/XAMPP/xamppfiles/htdocs/faq/tests/Feature/Tag/TagIndexTest.php" line="136" assertions="4" time="0.037708"/>
        <testcase name="test_index_handles_query_edge_cases with data set &quot;wildcard percent&quot;" class="Tests\Feature\Tag\TagIndexTest" classname="Tests.Feature.Tag.TagIndexTest" file="/Applications/XAMPP/xamppfiles/htdocs/faq/tests/Feature/Tag/TagIndexTest.php" line="136" assertions="4" time="0.033948"/>
        <testcase name="test_index_handles_query_edge_cases with data set &quot;underscore wildcard&quot;" class="Tests\Feature\Tag\TagIndexTest" classname="Tests.Feature.Tag.TagIndexTest" file="/Applications/XAMPP/xamppfiles/htdocs/faq/tests/Feature/Tag/TagIndexTest.php" line="136" assertions="4" time="0.033219"/>
        <testcase name="test_index_handles_query_edge_cases with data set &quot;unicode&quot;" class="Tests\Feature\Tag\TagIndexTest" classname="Tests.Feature.Tag.TagIndexTest" file="/Applications/XAMPP/xamppfiles/htdocs/faq/tests/Feature/Tag/TagIndexTest.php" line="136" assertions="4" time="0.033473"/>
        <testcase name="test_index_handles_query_edge_cases with data set &quot;very long query&quot;" class="Tests\Feature\Tag\TagIndexTest" classname="Tests.Feature.Tag.TagIndexTest" file="/Applications/XAMPP/xamppfiles/htdocs/faq/tests/Feature/Tag/TagIndexTest.php" line="136" assertions="4" time="0.039091"/>
      </testsuite>
      <testcase name="test_guest_can_list_tags_with_pagination_meta_and_questions_count" class="Tests\Feature\Tag\TagIndexTest" classname="Tests.Feature.Tag.TagIndexTest" file="/Applications/XAMPP/xamppfiles/htdocs/faq/tests/Feature/Tag/TagIndexTest.php" line="16" assertions="26" time="0.054915"/>
      <testcase name="test_index_defaults_to_twelve_tags_per_page" class="Tests\Feature\Tag\TagIndexTest" classname="Tests.Feature.Tag.TagIndexTest" file="/Applications/XAMPP/xamppfiles/htdocs/faq/tests/Feature/Tag/TagIndexTest.php" line="46" assertions="8" time="0.047301"/>
      <testcase name="test_index_respects_custom_per_page" class="Tests\Feature\Tag\TagIndexTest" classname="Tests.Feature.Tag.TagIndexTest" file="/Applications/XAMPP/xamppfiles/htdocs/faq/tests/Feature/Tag/TagIndexTest.php" line="63" assertions="4" time="0.037814"/>
      <testcase name="test_index_filters_tags_by_partial_name_query" class="Tests\Feature\Tag\TagIndexTest" classname="Tests.Feature.Tag.TagIndexTest" file="/Applications/XAMPP/xamppfiles/htdocs/faq/tests/Feature/Tag/TagIndexTest.php" line="74" assertions="3" time="0.034370"/>
      <testcase name="test_index_empty_query_returns_all_tags" class="Tests\Feature\Tag\TagIndexTest" classname="Tests.Feature.Tag.TagIndexTest" file="/Applications/XAMPP/xamppfiles/htdocs/faq/tests/Feature/Tag/TagIndexTest.php" line="86" assertions="2" time="0.032387"/>
      <testcase name="test_index_returns_empty_data_when_no_tags_exist" class="Tests\Feature\Tag\TagIndexTest" classname="Tests.Feature.Tag.TagIndexTest" file="/Applications/XAMPP/xamppfiles/htdocs/faq/tests/Feature/Tag/TagIndexTest.php" line="95" assertions="3" time="0.033434"/>
      <testcase name="test_index_query_with_no_matches_returns_empty_collection" class="Tests\Feature\Tag\TagIndexTest" classname="Tests.Feature.Tag.TagIndexTest" file="/Applications/XAMPP/xamppfiles/htdocs/faq/tests/Feature/Tag/TagIndexTest.php" line="103" assertions="3" time="0.031838"/>
      <testcase name="test_authenticated_admin_sees_can_permissions_as_true" class="Tests\Feature\Tag\TagIndexTest" classname="Tests.Feature.Tag.TagIndexTest" file="/Applications/XAMPP/xamppfiles/htdocs/faq/tests/Feature/Tag/TagIndexTest.php" line="113" assertions="3" time="0.044546"/>
      <testcase name="test_authenticated_non_admin_sees_can_permissions_as_false" class="Tests\Feature\Tag\TagIndexTest" classname="Tests.Feature.Tag.TagIndexTest" file="/Applications/XAMPP/xamppfiles/htdocs/faq/tests/Feature/Tag/TagIndexTest.php" line="124" assertions="3" time="0.033319"/>
      <testcase name="test_index_does_not_expose_unexpected_attributes" class="Tests\Feature\Tag\TagIndexTest" classname="Tests.Feature.Tag.TagIndexTest" file="/Applications/XAMPP/xamppfiles/htdocs/faq/tests/Feature/Tag/TagIndexTest.php" line="156" assertions="4" time="0.032321"/>
      <testcase name="test_index_questions_count_includes_unpublished_questions" class="Tests\Feature\Tag\TagIndexTest" classname="Tests.Feature.Tag.TagIndexTest" file="/Applications/XAMPP/xamppfiles/htdocs/faq/tests/Feature/Tag/TagIndexTest.php" line="167" assertions="2" time="0.050818"/>
    </testsuite>
    <testsuite name="Tests\Feature\Tag\TagQuestionsTest" file="/Applications/XAMPP/xamppfiles/htdocs/faq/tests/Feature/Tag/TagQuestionsTest.php" tests="10" assertions="61" errors="0" failures="0" skipped="0" time="0.606134">
      <testcase name="test_guest_can_list_published_questions_for_tag_by_slug" class="Tests\Feature\Tag\TagQuestionsTest" classname="Tests.Feature.Tag.TagQuestionsTest" file="/Applications/XAMPP/xamppfiles/htdocs/faq/tests/Feature/Tag/TagQuestionsTest.php" line="15" assertions="29" time="0.065066"/>
      <testcase name="test_tag_questions_paginates_ten_per_page" class="Tests\Feature\Tag\TagQuestionsTest" classname="Tests.Feature.Tag.TagQuestionsTest" file="/Applications/XAMPP/xamppfiles/htdocs/faq/tests/Feature/Tag/TagQuestionsTest.php" line="59" assertions="8" time="0.175744"/>
      <testcase name="test_tag_questions_orders_by_created_at_descending" class="Tests\Feature\Tag\TagQuestionsTest" classname="Tests.Feature.Tag.TagQuestionsTest" file="/Applications/XAMPP/xamppfiles/htdocs/faq/tests/Feature/Tag/TagQuestionsTest.php" line="77" assertions="3" time="0.057400"/>
      <testcase name="test_tag_questions_excludes_unpublished_even_for_authenticated_owner" class="Tests\Feature\Tag\TagQuestionsTest" classname="Tests.Feature.Tag.TagQuestionsTest" file="/Applications/XAMPP/xamppfiles/htdocs/faq/tests/Feature/Tag/TagQuestionsTest.php" line="96" assertions="3" time="0.046926"/>
      <testcase name="test_tag_questions_returns_empty_data_when_tag_has_no_questions" class="Tests\Feature\Tag\TagQuestionsTest" classname="Tests.Feature.Tag.TagQuestionsTest" file="/Applications/XAMPP/xamppfiles/htdocs/faq/tests/Feature/Tag/TagQuestionsTest.php" line="113" assertions="4" time="0.033660"/>
      <testcase name="test_tag_questions_returns_404_for_unknown_tag_slug" class="Tests\Feature\Tag\TagQuestionsTest" classname="Tests.Feature.Tag.TagQuestionsTest" file="/Applications/XAMPP/xamppfiles/htdocs/faq/tests/Feature/Tag/TagQuestionsTest.php" line="124" assertions="1" time="0.029596"/>
      <testcase name="test_tag_questions_eager_loads_user_category_and_tags" class="Tests\Feature\Tag\TagQuestionsTest" classname="Tests.Feature.Tag.TagQuestionsTest" file="/Applications/XAMPP/xamppfiles/htdocs/faq/tests/Feature/Tag/TagQuestionsTest.php" line="129" assertions="5" time="0.047539"/>
      <testcase name="test_admin_sees_can_permissions_on_embedded_tag_resource" class="Tests\Feature\Tag\TagQuestionsTest" classname="Tests.Feature.Tag.TagQuestionsTest" file="/Applications/XAMPP/xamppfiles/htdocs/faq/tests/Feature/Tag/TagQuestionsTest.php" line="145" assertions="3" time="0.052930"/>
      <testcase name="test_guest_sees_false_can_permissions_on_embedded_tag_resource" class="Tests\Feature\Tag\TagQuestionsTest" classname="Tests.Feature.Tag.TagQuestionsTest" file="/Applications/XAMPP/xamppfiles/htdocs/faq/tests/Feature/Tag/TagQuestionsTest.php" line="157" assertions="3" time="0.051504"/>
      <testcase name="test_tag_questions_endpoint_is_public_without_authentication" class="Tests\Feature\Tag\TagQuestionsTest" classname="Tests.Feature.Tag.TagQuestionsTest" file="/Applications/XAMPP/xamppfiles/htdocs/faq/tests/Feature/Tag/TagQuestionsTest.php" line="168" assertions="2" time="0.045768"/>
    </testsuite>
    <testsuite name="Tests\Feature\Tag\TagSecurityTest" file="/Applications/XAMPP/xamppfiles/htdocs/faq/tests/Feature/Tag/TagSecurityTest.php" tests="14" assertions="45" errors="0" failures="0" skipped="0" time="0.517283">
      <testsuite name="Tests\Feature\Tag\TagSecurityTest::test_unauthenticated_requests_to_mutating_endpoints_return_401" tests="4" assertions="4" errors="0" failures="0" skipped="0" time="0.136091">
        <testcase name="test_unauthenticated_requests_to_mutating_endpoints_return_401 with data set &quot;store&quot;" class="Tests\Feature\Tag\TagSecurityTest" classname="Tests.Feature.Tag.TagSecurityTest" file="/Applications/XAMPP/xamppfiles/htdocs/faq/tests/Feature/Tag/TagSecurityTest.php" line="155" assertions="1" time="0.030679"/>
        <testcase name="test_unauthenticated_requests_to_mutating_endpoints_return_401 with data set &quot;update put&quot;" class="Tests\Feature\Tag\TagSecurityTest" classname="Tests.Feature.Tag.TagSecurityTest" file="/Applications/XAMPP/xamppfiles/htdocs/faq/tests/Feature/Tag/TagSecurityTest.php" line="155" assertions="1" time="0.036349"/>
        <testcase name="test_unauthenticated_requests_to_mutating_endpoints_return_401 with data set &quot;update patch&quot;" class="Tests\Feature\Tag\TagSecurityTest" classname="Tests.Feature.Tag.TagSecurityTest" file="/Applications/XAMPP/xamppfiles/htdocs/faq/tests/Feature/Tag/TagSecurityTest.php" line="155" assertions="1" time="0.039584"/>
        <testcase name="test_unauthenticated_requests_to_mutating_endpoints_return_401 with data set &quot;destroy&quot;" class="Tests\Feature\Tag\TagSecurityTest" classname="Tests.Feature.Tag.TagSecurityTest" file="/Applications/XAMPP/xamppfiles/htdocs/faq/tests/Feature/Tag/TagSecurityTest.php" line="155" assertions="1" time="0.029478"/>
      </testsuite>
      <testcase name="test_mass_assignment_cannot_override_id_or_timestamps_on_store" class="Tests\Feature\Tag\TagSecurityTest" classname="Tests.Feature.Tag.TagSecurityTest" file="/Applications/XAMPP/xamppfiles/htdocs/faq/tests/Feature/Tag/TagSecurityTest.php" line="18" assertions="4" time="0.036679"/>
      <testcase name="test_mass_assignment_cannot_override_id_on_update" class="Tests\Feature\Tag\TagSecurityTest" classname="Tests.Feature.Tag.TagSecurityTest" file="/Applications/XAMPP/xamppfiles/htdocs/faq/tests/Feature/Tag/TagSecurityTest.php" line="40" assertions="3" time="0.047474"/>
      <testcase name="test_non_admin_cannot_bypass_authorization_via_direct_http_verbs" class="Tests\Feature\Tag\TagSecurityTest" classname="Tests.Feature.Tag.TagSecurityTest" file="/Applications/XAMPP/xamppfiles/htdocs/faq/tests/Feature/Tag/TagSecurityTest.php" line="58" assertions="6" time="0.044955"/>
      <testcase name="test_idor_guessing_tag_id_does_not_resolve_when_routes_are_slug_scoped" class="Tests\Feature\Tag\TagSecurityTest" classname="Tests.Feature.Tag.TagSecurityTest" file="/Applications/XAMPP/xamppfiles/htdocs/faq/tests/Feature/Tag/TagSecurityTest.php" line="76" assertions="3" time="0.036318"/>
      <testcase name="test_sql_injection_in_slug_path_does_not_mutate_or_leak_tags" class="Tests\Feature\Tag\TagSecurityTest" classname="Tests.Feature.Tag.TagSecurityTest" file="/Applications/XAMPP/xamppfiles/htdocs/faq/tests/Feature/Tag/TagSecurityTest.php" line="91" assertions="4" time="0.038639"/>
      <testcase name="test_sql_injection_in_index_query_is_parameterized_and_does_not_return_all_rows" class="Tests\Feature\Tag\TagSecurityTest" classname="Tests.Feature.Tag.TagSecurityTest" file="/Applications/XAMPP/xamppfiles/htdocs/faq/tests/Feature/Tag/TagSecurityTest.php" line="105" assertions="2" time="0.033707"/>
      <testcase name="test_xss_payload_in_name_is_stored_as_plain_text_and_json_encoded" class="Tests\Feature\Tag\TagSecurityTest" classname="Tests.Feature.Tag.TagSecurityTest" file="/Applications/XAMPP/xamppfiles/htdocs/faq/tests/Feature/Tag/TagSecurityTest.php" line="115" assertions="4" time="0.035172"/>
      <testcase name="test_tag_resource_does_not_expose_sensitive_user_fields" class="Tests\Feature\Tag\TagSecurityTest" classname="Tests.Feature.Tag.TagSecurityTest" file="/Applications/XAMPP/xamppfiles/htdocs/faq/tests/Feature/Tag/TagSecurityTest.php" line="135" assertions="4" time="0.033288"/>
      <testcase name="test_can_permissions_reflect_policy_for_guest_user_and_admin" class="Tests\Feature\Tag\TagSecurityTest" classname="Tests.Feature.Tag.TagSecurityTest" file="/Applications/XAMPP/xamppfiles/htdocs/faq/tests/Feature/Tag/TagSecurityTest.php" line="173" assertions="9" time="0.040674"/>
      <testcase name="test_role_user_string_admin_is_required_not_level" class="Tests\Feature\Tag\TagSecurityTest" classname="Tests.Feature.Tag.TagSecurityTest" file="/Applications/XAMPP/xamppfiles/htdocs/faq/tests/Feature/Tag/TagSecurityTest.php" line="195" assertions="2" time="0.034288"/>
    </testsuite>
    <testsuite name="Tests\Feature\Tag\TagShowTest" file="/Applications/XAMPP/xamppfiles/htdocs/faq/tests/Feature/Tag/TagShowTest.php" tests="7" assertions="26" errors="0" failures="0" skipped="0" time="0.247587">
      <testcase name="test_guest_can_show_tag_by_slug" class="Tests\Feature\Tag\TagShowTest" classname="Tests.Feature.Tag.TagShowTest" file="/Applications/XAMPP/xamppfiles/htdocs/faq/tests/Feature/Tag/TagShowTest.php" line="14" assertions="13" time="0.035754"/>
      <testcase name="test_show_omits_questions_count_when_not_eager_counted" class="Tests\Feature\Tag\TagShowTest" classname="Tests.Feature.Tag.TagShowTest" file="/Applications/XAMPP/xamppfiles/htdocs/faq/tests/Feature/Tag/TagShowTest.php" line="35" assertions="2" time="0.033145"/>
      <testcase name="test_show_returns_404_for_unknown_slug" class="Tests\Feature\Tag\TagShowTest" classname="Tests.Feature.Tag.TagShowTest" file="/Applications/XAMPP/xamppfiles/htdocs/faq/tests/Feature/Tag/TagShowTest.php" line="44" assertions="1" time="0.032505"/>
      <testcase name="test_show_returns_404_when_looking_up_by_numeric_id_instead_of_slug" class="Tests\Feature\Tag\TagShowTest" classname="Tests.Feature.Tag.TagShowTest" file="/Applications/XAMPP/xamppfiles/htdocs/faq/tests/Feature/Tag/TagShowTest.php" line="49" assertions="1" time="0.035123"/>
      <testcase name="test_authenticated_admin_sees_can_permissions_on_show" class="Tests\Feature\Tag\TagShowTest" classname="Tests.Feature.Tag.TagShowTest" file="/Applications/XAMPP/xamppfiles/htdocs/faq/tests/Feature/Tag/TagShowTest.php" line="56" assertions="3" time="0.036240"/>
      <testcase name="test_authenticated_non_admin_sees_false_can_permissions_on_show" class="Tests\Feature\Tag\TagShowTest" classname="Tests.Feature.Tag.TagShowTest" file="/Applications/XAMPP/xamppfiles/htdocs/faq/tests/Feature/Tag/TagShowTest.php" line="67" assertions="3" time="0.038693"/>
      <testcase name="test_show_does_not_expose_timestamps" class="Tests\Feature\Tag\TagShowTest" classname="Tests.Feature.Tag.TagShowTest" file="/Applications/XAMPP/xamppfiles/htdocs/faq/tests/Feature/Tag/TagShowTest.php" line="78" assertions="3" time="0.036127"/>
    </testsuite>
    <testsuite name="Tests\Feature\Tag\TagStoreTest" file="/Applications/XAMPP/xamppfiles/htdocs/faq/tests/Feature/Tag/TagStoreTest.php" tests="21" assertions="75" errors="0" failures="0" skipped="0" time="0.745423">
      <testsuite name="Tests\Feature\Tag\TagStoreTest::test_store_validation_rejects_invalid_payloads" tests="9" assertions="36" errors="0" failures="0" skipped="0" time="0.343476">
        <testcase name="test_store_validation_rejects_invalid_payloads with data set &quot;missing name&quot;" class="Tests\Feature\Tag\TagStoreTest" classname="Tests.Feature.Tag.TagStoreTest" file="/Applications/XAMPP/xamppfiles/htdocs/faq/tests/Feature/Tag/TagStoreTest.php" line="139" assertions="4" time="0.035410"/>
        <testcase name="test_store_validation_rejects_invalid_payloads with data set &quot;null name&quot;" class="Tests\Feature\Tag\TagStoreTest" classname="Tests.Feature.Tag.TagStoreTest" file="/Applications/XAMPP/xamppfiles/htdocs/faq/tests/Feature/Tag/TagStoreTest.php" line="139" assertions="4" time="0.038215"/>
        <testcase name="test_store_validation_rejects_invalid_payloads with data set &quot;empty name&quot;" class="Tests\Feature\Tag\TagStoreTest" classname="Tests.Feature.Tag.TagStoreTest" file="/Applications/XAMPP/xamppfiles/htdocs/faq/tests/Feature/Tag/TagStoreTest.php" line="139" assertions="4" time="0.035262"/>
        <testcase name="test_store_validation_rejects_invalid_payloads with data set &quot;name not a string&quot;" class="Tests\Feature\Tag\TagStoreTest" classname="Tests.Feature.Tag.TagStoreTest" file="/Applications/XAMPP/xamppfiles/htdocs/faq/tests/Feature/Tag/TagStoreTest.php" line="139" assertions="4" time="0.043068"/>
        <testcase name="test_store_validation_rejects_invalid_payloads with data set &quot;name exceeding max&quot;" class="Tests\Feature\Tag\TagStoreTest" classname="Tests.Feature.Tag.TagStoreTest" file="/Applications/XAMPP/xamppfiles/htdocs/faq/tests/Feature/Tag/TagStoreTest.php" line="139" assertions="4" time="0.047286"/>
        <testcase name="test_store_validation_rejects_invalid_payloads with data set &quot;duplicate name&quot;" class="Tests\Feature\Tag\TagStoreTest" classname="Tests.Feature.Tag.TagStoreTest" file="/Applications/XAMPP/xamppfiles/htdocs/faq/tests/Feature/Tag/TagStoreTest.php" line="139" assertions="4" time="0.035914"/>
        <testcase name="test_store_validation_rejects_invalid_payloads with data set &quot;slug not a string&quot;" class="Tests\Feature\Tag\TagStoreTest" classname="Tests.Feature.Tag.TagStoreTest" file="/Applications/XAMPP/xamppfiles/htdocs/faq/tests/Feature/Tag/TagStoreTest.php" line="139" assertions="4" time="0.037423"/>
        <testcase name="test_store_validation_rejects_invalid_payloads with data set &quot;slug exceeding max&quot;" class="Tests\Feature\Tag\TagStoreTest" classname="Tests.Feature.Tag.TagStoreTest" file="/Applications/XAMPP/xamppfiles/htdocs/faq/tests/Feature/Tag/TagStoreTest.php" line="139" assertions="4" time="0.036238"/>
        <testcase name="test_store_validation_rejects_invalid_payloads with data set &quot;duplicate slug&quot;" class="Tests\Feature\Tag\TagStoreTest" classname="Tests.Feature.Tag.TagStoreTest" file="/Applications/XAMPP/xamppfiles/htdocs/faq/tests/Feature/Tag/TagStoreTest.php" line="139" assertions="4" time="0.034661"/>
      </testsuite>
      <testcase name="test_guest_cannot_create_tag" class="Tests\Feature\Tag\TagStoreTest" classname="Tests.Feature.Tag.TagStoreTest" file="/Applications/XAMPP/xamppfiles/htdocs/faq/tests/Feature/Tag/TagStoreTest.php" line="17" assertions="2" time="0.028124"/>
      <testcase name="test_authenticated_non_admin_cannot_create_tag" class="Tests\Feature\Tag\TagStoreTest" classname="Tests.Feature.Tag.TagStoreTest" file="/Applications/XAMPP/xamppfiles/htdocs/faq/tests/Feature/Tag/TagStoreTest.php" line="25" assertions="2" time="0.034039"/>
      <testcase name="test_admin_can_create_tag_with_name_and_slug" class="Tests\Feature\Tag\TagStoreTest" classname="Tests.Feature.Tag.TagStoreTest" file="/Applications/XAMPP/xamppfiles/htdocs/faq/tests/Feature/Tag/TagStoreTest.php" line="35" assertions="11" time="0.034142"/>
      <testcase name="test_admin_creating_tag_without_slug_auto_generates_slug_from_name" class="Tests\Feature\Tag\TagStoreTest" classname="Tests.Feature.Tag.TagStoreTest" file="/Applications/XAMPP/xamppfiles/htdocs/faq/tests/Feature/Tag/TagStoreTest.php" line="63" assertions="3" time="0.043101"/>
      <testcase name="test_admin_creating_tag_with_null_slug_auto_generates_slug" class="Tests\Feature\Tag\TagStoreTest" classname="Tests.Feature.Tag.TagStoreTest" file="/Applications/XAMPP/xamppfiles/htdocs/faq/tests/Feature/Tag/TagStoreTest.php" line="77" assertions="3" time="0.031206"/>
      <testcase name="test_admin_can_create_tag_with_slug_different_from_name" class="Tests\Feature\Tag\TagStoreTest" classname="Tests.Feature.Tag.TagStoreTest" file="/Applications/XAMPP/xamppfiles/htdocs/faq/tests/Feature/Tag/TagStoreTest.php" line="90" assertions="3" time="0.031644"/>
      <testcase name="test_store_accepts_name_at_max_length_boundary" class="Tests\Feature\Tag\TagStoreTest" classname="Tests.Feature.Tag.TagStoreTest" file="/Applications/XAMPP/xamppfiles/htdocs/faq/tests/Feature/Tag/TagStoreTest.php" line="106" assertions="2" time="0.032100"/>
      <testcase name="test_store_accepts_slug_at_max_length_boundary" class="Tests\Feature\Tag\TagStoreTest" classname="Tests.Feature.Tag.TagStoreTest" file="/Applications/XAMPP/xamppfiles/htdocs/faq/tests/Feature/Tag/TagStoreTest.php" line="117" assertions="2" time="0.035105"/>
      <testcase name="test_store_response_includes_admin_can_permissions" class="Tests\Feature\Tag\TagStoreTest" classname="Tests.Feature.Tag.TagStoreTest" file="/Applications/XAMPP/xamppfiles/htdocs/faq/tests/Feature/Tag/TagStoreTest.php" line="128" assertions="3" time="0.038381"/>
      <testcase name="test_store_empty_string_slug_is_treated_as_empty_and_auto_generated" class="Tests\Feature\Tag\TagStoreTest" classname="Tests.Feature.Tag.TagStoreTest" file="/Applications/XAMPP/xamppfiles/htdocs/faq/tests/Feature/Tag/TagStoreTest.php" line="193" assertions="3" time="0.028904"/>
      <testcase name="test_auto_generated_slug_can_collide_with_existing_slug_due_to_missing_db_unique" class="Tests\Feature\Tag\TagStoreTest" classname="Tests.Feature.Tag.TagStoreTest" file="/Applications/XAMPP/xamppfiles/htdocs/faq/tests/Feature/Tag/TagStoreTest.php" line="207" assertions="3" time="0.033207"/>
      <testcase name="test_store_uses_str_slug_rules_for_special_characters_in_name" class="Tests\Feature\Tag\TagStoreTest" classname="Tests.Feature.Tag.TagStoreTest" file="/Applications/XAMPP/xamppfiles/htdocs/faq/tests/Feature/Tag/TagStoreTest.php" line="221" assertions="2" time="0.031994"/>
    </testsuite>
    <testsuite name="Tests\Feature\Tag\TagUpdateTest" file="/Applications/XAMPP/xamppfiles/htdocs/faq/tests/Feature/Tag/TagUpdateTest.php" tests="19" assertions="65" errors="0" failures="0" skipped="0" time="0.713823">
      <testsuite name="Tests\Feature\Tag\TagUpdateTest::test_update_validation_rejects_invalid_payloads" tests="8" assertions="32" errors="0" failures="0" skipped="0" time="0.307956">
        <testcase name="test_update_validation_rejects_invalid_payloads with data set &quot;null name when present&quot;" class="Tests\Feature\Tag\TagUpdateTest" classname="Tests.Feature.Tag.TagUpdateTest" file="/Applications/XAMPP/xamppfiles/htdocs/faq/tests/Feature/Tag/TagUpdateTest.php" line="142" assertions="4" time="0.037089"/>
        <testcase name="test_update_validation_rejects_invalid_payloads with data set &quot;empty name when present&quot;" class="Tests\Feature\Tag\TagUpdateTest" classname="Tests.Feature.Tag.TagUpdateTest" file="/Applications/XAMPP/xamppfiles/htdocs/faq/tests/Feature/Tag/TagUpdateTest.php" line="142" assertions="4" time="0.043147"/>
        <testcase name="test_update_validation_rejects_invalid_payloads with data set &quot;name not a string&quot;" class="Tests\Feature\Tag\TagUpdateTest" classname="Tests.Feature.Tag.TagUpdateTest" file="/Applications/XAMPP/xamppfiles/htdocs/faq/tests/Feature/Tag/TagUpdateTest.php" line="142" assertions="4" time="0.047198"/>
        <testcase name="test_update_validation_rejects_invalid_payloads with data set &quot;name exceeding max&quot;" class="Tests\Feature\Tag\TagUpdateTest" classname="Tests.Feature.Tag.TagUpdateTest" file="/Applications/XAMPP/xamppfiles/htdocs/faq/tests/Feature/Tag/TagUpdateTest.php" line="142" assertions="4" time="0.034098"/>
        <testcase name="test_update_validation_rejects_invalid_payloads with data set &quot;duplicate name&quot;" class="Tests\Feature\Tag\TagUpdateTest" classname="Tests.Feature.Tag.TagUpdateTest" file="/Applications/XAMPP/xamppfiles/htdocs/faq/tests/Feature/Tag/TagUpdateTest.php" line="142" assertions="4" time="0.038994"/>
        <testcase name="test_update_validation_rejects_invalid_payloads with data set &quot;slug not a string&quot;" class="Tests\Feature\Tag\TagUpdateTest" classname="Tests.Feature.Tag.TagUpdateTest" file="/Applications/XAMPP/xamppfiles/htdocs/faq/tests/Feature/Tag/TagUpdateTest.php" line="142" assertions="4" time="0.044318"/>
        <testcase name="test_update_validation_rejects_invalid_payloads with data set &quot;slug exceeding max&quot;" class="Tests\Feature\Tag\TagUpdateTest" classname="Tests.Feature.Tag.TagUpdateTest" file="/Applications/XAMPP/xamppfiles/htdocs/faq/tests/Feature/Tag/TagUpdateTest.php" line="142" assertions="4" time="0.033025"/>
        <testcase name="test_update_validation_rejects_invalid_payloads with data set &quot;duplicate slug&quot;" class="Tests\Feature\Tag\TagUpdateTest" classname="Tests.Feature.Tag.TagUpdateTest" file="/Applications/XAMPP/xamppfiles/htdocs/faq/tests/Feature/Tag/TagUpdateTest.php" line="142" assertions="4" time="0.030087"/>
      </testsuite>
      <testcase name="test_guest_cannot_update_tag" class="Tests\Feature\Tag\TagUpdateTest" classname="Tests.Feature.Tag.TagUpdateTest" file="/Applications/XAMPP/xamppfiles/htdocs/faq/tests/Feature/Tag/TagUpdateTest.php" line="15" assertions="2" time="0.031707"/>
      <testcase name="test_authenticated_non_admin_cannot_update_tag" class="Tests\Feature\Tag\TagUpdateTest" classname="Tests.Feature.Tag.TagUpdateTest" file="/Applications/XAMPP/xamppfiles/htdocs/faq/tests/Feature/Tag/TagUpdateTest.php" line="29" assertions="2" time="0.037582"/>
      <testcase name="test_admin_can_update_tag_name_and_slug" class="Tests\Feature\Tag\TagUpdateTest" classname="Tests.Feature.Tag.TagUpdateTest" file="/Applications/XAMPP/xamppfiles/htdocs/faq/tests/Feature/Tag/TagUpdateTest.php" line="43" assertions="6" time="0.035695"/>
      <testcase name="test_admin_can_partially_update_name_without_changing_slug" class="Tests\Feature\Tag\TagUpdateTest" classname="Tests.Feature.Tag.TagUpdateTest" file="/Applications/XAMPP/xamppfiles/htdocs/faq/tests/Feature/Tag/TagUpdateTest.php" line="64" assertions="4" time="0.042213"/>
      <testcase name="test_admin_can_update_slug_only" class="Tests\Feature\Tag\TagUpdateTest" classname="Tests.Feature.Tag.TagUpdateTest" file="/Applications/XAMPP/xamppfiles/htdocs/faq/tests/Feature/Tag/TagUpdateTest.php" line="78" assertions="4" time="0.037963"/>
      <testcase name="test_update_with_empty_payload_succeeds_due_to_sometimes_rules" class="Tests\Feature\Tag\TagUpdateTest" classname="Tests.Feature.Tag.TagUpdateTest" file="/Applications/XAMPP/xamppfiles/htdocs/faq/tests/Feature/Tag/TagUpdateTest.php" line="94" assertions="4" time="0.035655"/>
      <testcase name="test_update_allows_keeping_same_name_and_slug" class="Tests\Feature\Tag\TagUpdateTest" classname="Tests.Feature.Tag.TagUpdateTest" file="/Applications/XAMPP/xamppfiles/htdocs/faq/tests/Feature/Tag/TagUpdateTest.php" line="107" assertions="3" time="0.038580"/>
      <testcase name="test_updating_name_with_empty_slug_regenerates_slug" class="Tests\Feature\Tag\TagUpdateTest" classname="Tests.Feature.Tag.TagUpdateTest" file="/Applications/XAMPP/xamppfiles/htdocs/faq/tests/Feature/Tag/TagUpdateTest.php" line="120" assertions="2" time="0.040636"/>
      <testcase name="test_update_returns_404_for_unknown_slug" class="Tests\Feature\Tag\TagUpdateTest" classname="Tests.Feature.Tag.TagUpdateTest" file="/Applications/XAMPP/xamppfiles/htdocs/faq/tests/Feature/Tag/TagUpdateTest.php" line="133" assertions="1" time="0.037302"/>
      <testcase name="test_update_accepts_name_at_max_length_boundary" class="Tests\Feature\Tag\TagUpdateTest" classname="Tests.Feature.Tag.TagUpdateTest" file="/Applications/XAMPP/xamppfiles/htdocs/faq/tests/Feature/Tag/TagUpdateTest.php" line="197" assertions="2" time="0.032809"/>
      <testcase name="test_after_slug_change_old_slug_route_returns_404" class="Tests\Feature\Tag\TagUpdateTest" classname="Tests.Feature.Tag.TagUpdateTest" file="/Applications/XAMPP/xamppfiles/htdocs/faq/tests/Feature/Tag/TagUpdateTest.php" line="209" assertions="3" time="0.035724"/>
    </testsuite>
    <testsuite name="Tests\Feature\User\UserProfileTest" file="/Applications/XAMPP/xamppfiles/htdocs/faq/tests/Feature/User/UserProfileTest.php" tests="6" assertions="26" errors="0" failures="0" skipped="0" time="0.205479">
      <testcase name="test_authenticated_user_can_view_own_profile" class="Tests\Feature\User\UserProfileTest" classname="Tests.Feature.User.UserProfileTest" file="/Applications/XAMPP/xamppfiles/htdocs/faq/tests/Feature/User/UserProfileTest.php" line="14" assertions="11" time="0.034671"/>
      <testcase name="test_guest_cannot_view_profile" class="Tests\Feature\User\UserProfileTest" classname="Tests.Feature.User.UserProfileTest" file="/Applications/XAMPP/xamppfiles/htdocs/faq/tests/Feature/User/UserProfileTest.php" line="50" assertions="1" time="0.028217"/>
      <testcase name="test_profile_does_not_expose_oauth_tokens_or_role" class="Tests\Feature\User\UserProfileTest" classname="Tests.Feature.User.UserProfileTest" file="/Applications/XAMPP/xamppfiles/htdocs/faq/tests/Feature/User/UserProfileTest.php" line="55" assertions="5" time="0.036862"/>
      <testcase name="test_profile_always_returns_authenticated_user_not_another_user_idor" class="Tests\Feature\User\UserProfileTest" classname="Tests.Feature.User.UserProfileTest" file="/Applications/XAMPP/xamppfiles/htdocs/faq/tests/Feature/User/UserProfileTest.php" line="73" assertions="3" time="0.031679"/>
      <testcase name="test_profile_defaults_score_and_notification_flag_when_nullish" class="Tests\Feature\User\UserProfileTest" classname="Tests.Feature.User.UserProfileTest" file="/Applications/XAMPP/xamppfiles/htdocs/faq/tests/Feature/User/UserProfileTest.php" line="91" assertions="2" time="0.037157"/>
      <testcase name="test_there_is_no_endpoint_to_update_name_or_email_via_profile" class="Tests\Feature\User\UserProfileTest" classname="Tests.Feature.User.UserProfileTest" file="/Applications/XAMPP/xamppfiles/htdocs/faq/tests/Feature/User/UserProfileTest.php" line="111" assertions="4" time="0.036893"/>
    </testsuite>
    <testsuite name="Tests\Feature\User\UserSettingsTest" file="/Applications/XAMPP/xamppfiles/htdocs/faq/tests/Feature/User/UserSettingsTest.php" tests="21" assertions="82" errors="0" failures="0" skipped="0" time="0.680474">
      <testsuite name="Tests\Feature\User\UserSettingsTest::test_settings_accept_valid_boolean_representationsations" tests="6" assertions="18" errors="0" failures="0" skipped="0" time="0.221124">
        <testcase name="test_settings_accept_valid_boolean_representationsations with data set &quot;true boolean&quot;" class="Tests\Feature\User\UserSettingsTest" classname="Tests.Feature.User.UserSettingsTest" file="/Applications/XAMPP/xamppfiles/htdocs/faq/tests/Feature/User/UserSettingsTest.php" line="61" assertions="3" time="0.038292"/>
        <testcase name="test_settings_accept_valid_boolean_representationsations with data set &quot;false boolean&quot;" class="Tests\Feature\User\UserSettingsTest" classname="Tests.Feature.User.UserSettingsTest" file="/Applications/XAMPP/xamppfiles/htdocs/faq/tests/Feature/User/UserSettingsTest.php" line="61" assertions="3" time="0.033907"/>
        <testcase name="test_settings_accept_valid_boolean_representationsations with data set &quot;integer one&quot;" class="Tests\Feature\User\UserSettingsTest" classname="Tests.Feature.User.UserSettingsTest" file="/Applications/XAMPP/xamppfiles/htdocs/faq/tests/Feature/User/UserSettingsTest.php" line="61" assertions="3" time="0.040147"/>
        <testcase name="test_settings_accept_valid_boolean_representationsations with data set &quot;integer zero&quot;" class="Tests\Feature\User\UserSettingsTest" classname="Tests.Feature.User.UserSettingsTest" file="/Applications/XAMPP/xamppfiles/htdocs/faq/tests/Feature/User/UserSettingsTest.php" line="61" assertions="3" time="0.038631"/>
        <testcase name="test_settings_accept_valid_boolean_representationsations with data set &quot;string one&quot;" class="Tests\Feature\User\UserSettingsTest" classname="Tests.Feature.User.UserSettingsTest" file="/Applications/XAMPP/xamppfiles/htdocs/faq/tests/Feature/User/UserSettingsTest.php" line="61" assertions="3" time="0.036646"/>
        <testcase name="test_settings_accept_valid_boolean_representationsations with data set &quot;string zero&quot;" class="Tests\Feature\User\UserSettingsTest" classname="Tests.Feature.User.UserSettingsTest" file="/Applications/XAMPP/xamppfiles/htdocs/faq/tests/Feature/User/UserSettingsTest.php" line="61" assertions="3" time="0.033502"/>
      </testsuite>
      <testsuite name="Tests\Feature\User\UserSettingsTest::test_settings_reject_invalid_boolean_values" tests="8" assertions="40" errors="0" failures="0" skipped="0" time="0.262057">
        <testcase name="test_settings_reject_invalid_boolean_values with data set &quot;string maybe&quot;" class="Tests\Feature\User\UserSettingsTest" classname="Tests.Feature.User.UserSettingsTest" file="/Applications/XAMPP/xamppfiles/htdocs/faq/tests/Feature/User/UserSettingsTest.php" line="89" assertions="5" time="0.036282"/>
        <testcase name="test_settings_reject_invalid_boolean_values with data set &quot;string true word&quot;" class="Tests\Feature\User\UserSettingsTest" classname="Tests.Feature.User.UserSettingsTest" file="/Applications/XAMPP/xamppfiles/htdocs/faq/tests/Feature/User/UserSettingsTest.php" line="89" assertions="5" time="0.037808"/>
        <testcase name="test_settings_reject_invalid_boolean_values with data set &quot;string false word&quot;" class="Tests\Feature\User\UserSettingsTest" classname="Tests.Feature.User.UserSettingsTest" file="/Applications/XAMPP/xamppfiles/htdocs/faq/tests/Feature/User/UserSettingsTest.php" line="89" assertions="5" time="0.032488"/>
        <testcase name="test_settings_reject_invalid_boolean_values with data set &quot;integer two&quot;" class="Tests\Feature\User\UserSettingsTest" classname="Tests.Feature.User.UserSettingsTest" file="/Applications/XAMPP/xamppfiles/htdocs/faq/tests/Feature/User/UserSettingsTest.php" line="89" assertions="5" time="0.030610"/>
        <testcase name="test_settings_reject_invalid_boolean_values with data set &quot;negative one&quot;" class="Tests\Feature\User\UserSettingsTest" classname="Tests.Feature.User.UserSettingsTest" file="/Applications/XAMPP/xamppfiles/htdocs/faq/tests/Feature/User/UserSettingsTest.php" line="89" assertions="5" time="0.035733"/>
        <testcase name="test_settings_reject_invalid_boolean_values with data set &quot;array&quot;" class="Tests\Feature\User\UserSettingsTest" classname="Tests.Feature.User.UserSettingsTest" file="/Applications/XAMPP/xamppfiles/htdocs/faq/tests/Feature/User/UserSettingsTest.php" line="89" assertions="5" time="0.030186"/>
        <testcase name="test_settings_reject_invalid_boolean_values with data set &quot;object-like array&quot;" class="Tests\Feature\User\UserSettingsTest" classname="Tests.Feature.User.UserSettingsTest" file="/Applications/XAMPP/xamppfiles/htdocs/faq/tests/Feature/User/UserSettingsTest.php" line="89" assertions="5" time="0.031195"/>
        <testcase name="test_settings_reject_invalid_boolean_values with data set &quot;null explicitly invalid under boolean when present as JSON null with strict?&quot;" class="Tests\Feature\User\UserSettingsTest" classname="Tests.Feature.User.UserSettingsTest" file="/Applications/XAMPP/xamppfiles/htdocs/faq/tests/Feature/User/UserSettingsTest.php" line="89" assertions="5" time="0.027754"/>
      </testsuite>
      <testcase name="test_user_can_enable_login_notification_setting" class="Tests\Feature\User\UserSettingsTest" classname="Tests.Feature.User.UserSettingsTest" file="/Applications/XAMPP/xamppfiles/htdocs/faq/tests/Feature/User/UserSettingsTest.php" line="15" assertions="3" time="0.033377"/>
      <testcase name="test_user_can_disable_login_notification_setting" class="Tests\Feature\User\UserSettingsTest" classname="Tests.Feature.User.UserSettingsTest" file="/Applications/XAMPP/xamppfiles/htdocs/faq/tests/Feature/User/UserSettingsTest.php" line="39" assertions="3" time="0.043652"/>
      <testcase name="test_missing_login_notification_flag_defaults_to_false" class="Tests\Feature\User\UserSettingsTest" classname="Tests.Feature.User.UserSettingsTest" file="/Applications/XAMPP/xamppfiles/htdocs/faq/tests/Feature/User/UserSettingsTest.php" line="121" assertions="3" time="0.026897"/>
      <testcase name="test_guest_cannot_update_settings" class="Tests\Feature\User\UserSettingsTest" classname="Tests.Feature.User.UserSettingsTest" file="/Applications/XAMPP/xamppfiles/htdocs/faq/tests/Feature/User/UserSettingsTest.php" line="135" assertions="1" time="0.022824"/>
      <testcase name="test_mass_assignment_cannot_escalate_role_score_or_level_via_settings" class="Tests\Feature\User\UserSettingsTest" classname="Tests.Feature.User.UserSettingsTest" file="/Applications/XAMPP/xamppfiles/htdocs/faq/tests/Feature/User/UserSettingsTest.php" line="142" assertions="7" time="0.025107"/>
      <testcase name="test_settings_update_only_affects_authenticated_user_idor" class="Tests\Feature\User\UserSettingsTest" classname="Tests.Feature.User.UserSettingsTest" file="/Applications/XAMPP/xamppfiles/htdocs/faq/tests/Feature/User/UserSettingsTest.php" line="175" assertions="3" time="0.022493"/>
      <testcase name="test_sql_injection_payload_in_settings_is_rejected_by_boolean_rule" class="Tests\Feature\User\UserSettingsTest" classname="Tests.Feature.User.UserSettingsTest" file="/Applications/XAMPP/xamppfiles/htdocs/faq/tests/Feature/User/UserSettingsTest.php" line="192" assertions="4" time="0.022943"/>
    </testsuite>
    <testsuite name="Tests\Feature\User\UserStatsAndActivityTest" file="/Applications/XAMPP/xamppfiles/htdocs/faq/tests/Feature/User/UserStatsAndActivityTest.php" tests="8" assertions="20" errors="0" failures="0" skipped="0" time="0.433647">
      <testcase name="test_stats_return_published_counts_only" class="Tests\Feature\User\UserStatsAndActivityTest" classname="Tests.Feature.User.UserStatsAndActivityTest" file="/Applications/XAMPP/xamppfiles/htdocs/faq/tests/Feature/User/UserStatsAndActivityTest.php" line="17" assertions="2" time="0.091321"/>
      <testcase name="test_stats_are_zero_for_new_user" class="Tests\Feature\User\UserStatsAndActivityTest" classname="Tests.Feature.User.UserStatsAndActivityTest" file="/Applications/XAMPP/xamppfiles/htdocs/faq/tests/Feature/User/UserStatsAndActivityTest.php" line="64" assertions="2" time="0.035364"/>
      <testcase name="test_guest_cannot_view_stats" class="Tests\Feature\User\UserStatsAndActivityTest" classname="Tests.Feature.User.UserStatsAndActivityTest" file="/Applications/XAMPP/xamppfiles/htdocs/faq/tests/Feature/User/UserStatsAndActivityTest.php" line="77" assertions="1" time="0.027929"/>
      <testcase name="test_activity_returns_merged_sorted_items_limited_to_ten" class="Tests\Feature\User\UserStatsAndActivityTest" classname="Tests.Feature.User.UserStatsAndActivityTest" file="/Applications/XAMPP/xamppfiles/htdocs/faq/tests/Feature/User/UserStatsAndActivityTest.php" line="82" assertions="4" time="0.121817"/>
      <testcase name="test_activity_excludes_unpublished_content" class="Tests\Feature\User\UserStatsAndActivityTest" classname="Tests.Feature.User.UserStatsAndActivityTest" file="/Applications/XAMPP/xamppfiles/htdocs/faq/tests/Feature/User/UserStatsAndActivityTest.php" line="120" assertions="3" time="0.048471"/>
      <testcase name="test_activity_does_not_include_other_users_content" class="Tests\Feature\User\UserStatsAndActivityTest" classname="Tests.Feature.User.UserStatsAndActivityTest" file="/Applications/XAMPP/xamppfiles/htdocs/faq/tests/Feature/User/UserStatsAndActivityTest.php" line="144" assertions="2" time="0.042877"/>
      <testcase name="test_guest_cannot_view_activity" class="Tests\Feature\User\UserStatsAndActivityTest" classname="Tests.Feature.User.UserStatsAndActivityTest" file="/Applications/XAMPP/xamppfiles/htdocs/faq/tests/Feature/User/UserStatsAndActivityTest.php" line="161" assertions="1" time="0.030138"/>
      <testcase name="test_activity_includes_persian_descriptions_and_expected_shape" class="Tests\Feature\User\UserStatsAndActivityTest" classname="Tests.Feature.User.UserStatsAndActivityTest" file="/Applications/XAMPP/xamppfiles/htdocs/faq/tests/Feature/User/UserStatsAndActivityTest.php" line="166" assertions="5" time="0.035730"/>
    </testsuite>
    <testsuite name="Tests\Feature\User\UserUpdateImageTest" file="/Applications/XAMPP/xamppfiles/htdocs/faq/tests/Feature/User/UserUpdateImageTest.php" tests="22" assertions="75" errors="0" failures="0" skipped="0" time="0.745101">
      <testsuite name="Tests\Feature\User\UserUpdateImageTest::test_allowed_image_formats_are_accepted" tests="4" assertions="12" errors="0" failures="0" skipped="0" time="0.194405">
        <testcase name="test_allowed_image_formats_are_accepted with data set &quot;jpeg&quot;" class="Tests\Feature\User\UserUpdateImageTest" classname="Tests.Feature.User.UserUpdateImageTest" file="/Applications/XAMPP/xamppfiles/htdocs/faq/tests/Feature/User/UserUpdateImageTest.php" line="49" assertions="3" time="0.046207"/>
        <testcase name="test_allowed_image_formats_are_accepted with data set &quot;jpg&quot;" class="Tests\Feature\User\UserUpdateImageTest" classname="Tests.Feature.User.UserUpdateImageTest" file="/Applications/XAMPP/xamppfiles/htdocs/faq/tests/Feature/User/UserUpdateImageTest.php" line="49" assertions="3" time="0.047118"/>
        <testcase name="test_allowed_image_formats_are_accepted with data set &quot;png&quot;" class="Tests\Feature\User\UserUpdateImageTest" classname="Tests.Feature.User.UserUpdateImageTest" file="/Applications/XAMPP/xamppfiles/htdocs/faq/tests/Feature/User/UserUpdateImageTest.php" line="49" assertions="3" time="0.057103"/>
        <testcase name="test_allowed_image_formats_are_accepted with data set &quot;webp&quot;" class="Tests\Feature\User\UserUpdateImageTest" classname="Tests.Feature.User.UserUpdateImageTest" file="/Applications/XAMPP/xamppfiles/htdocs/faq/tests/Feature/User/UserUpdateImageTest.php" line="49" assertions="3" time="0.043977"/>
      </testsuite>
      <testsuite name="Tests\Feature\User\UserUpdateImageTest::test_insecure_or_unsupported_files_are_rejected" tests="8" assertions="24" errors="0" failures="0" skipped="0" time="0.206129">
        <testcase name="test_insecure_or_unsupported_files_are_rejected with data set &quot;gif not allowed&quot;" class="Tests\Feature\User\UserUpdateImageTest" classname="Tests.Feature.User.UserUpdateImageTest" file="/Applications/XAMPP/xamppfiles/htdocs/faq/tests/Feature/User/UserUpdateImageTest.php" line="127" assertions="3" time="0.033031"/>
        <testcase name="test_insecure_or_unsupported_files_are_rejected with data set &quot;bmp not allowed&quot;" class="Tests\Feature\User\UserUpdateImageTest" classname="Tests.Feature.User.UserUpdateImageTest" file="/Applications/XAMPP/xamppfiles/htdocs/faq/tests/Feature/User/UserUpdateImageTest.php" line="127" assertions="3" time="0.028902"/>
        <testcase name="test_insecure_or_unsupported_files_are_rejected with data set &quot;svg xss vector&quot;" class="Tests\Feature\User\UserUpdateImageTest" classname="Tests.Feature.User.UserUpdateImageTest" file="/Applications/XAMPP/xamppfiles/htdocs/faq/tests/Feature/User/UserUpdateImageTest.php" line="127" assertions="3" time="0.027244"/>
        <testcase name="test_insecure_or_unsupported_files_are_rejected with data set &quot;php double extension&quot;" class="Tests\Feature\User\UserUpdateImageTest" classname="Tests.Feature.User.UserUpdateImageTest" file="/Applications/XAMPP/xamppfiles/htdocs/faq/tests/Feature/User/UserUpdateImageTest.php" line="127" assertions="3" time="0.026975"/>
        <testcase name="test_insecure_or_unsupported_files_are_rejected with data set &quot;phtml double extension&quot;" class="Tests\Feature\User\UserUpdateImageTest" classname="Tests.Feature.User.UserUpdateImageTest" file="/Applications/XAMPP/xamppfiles/htdocs/faq/tests/Feature/User/UserUpdateImageTest.php" line="127" assertions="3" time="0.025023"/>
        <testcase name="test_insecure_or_unsupported_files_are_rejected with data set &quot;html disguised&quot;" class="Tests\Feature\User\UserUpdateImageTest" classname="Tests.Feature.User.UserUpdateImageTest" file="/Applications/XAMPP/xamppfiles/htdocs/faq/tests/Feature/User/UserUpdateImageTest.php" line="127" assertions="3" time="0.021455"/>
        <testcase name="test_insecure_or_unsupported_files_are_rejected with data set &quot;pdf document&quot;" class="Tests\Feature\User\UserUpdateImageTest" classname="Tests.Feature.User.UserUpdateImageTest" file="/Applications/XAMPP/xamppfiles/htdocs/faq/tests/Feature/User/UserUpdateImageTest.php" line="127" assertions="3" time="0.022801"/>
        <testcase name="test_insecure_or_unsupported_files_are_rejected with data set &quot;empty upload&quot;" class="Tests\Feature\User\UserUpdateImageTest" classname="Tests.Feature.User.UserUpdateImageTest" file="/Applications/XAMPP/xamppfiles/htdocs/faq/tests/Feature/User/UserUpdateImageTest.php" line="127" assertions="3" time="0.020698"/>
      </testsuite>
      <testcase name="test_authenticated_user_can_upload_jpeg_avatar" class="Tests\Feature\User\UserUpdateImageTest" classname="Tests.Feature.User.UserUpdateImageTest" file="/Applications/XAMPP/xamppfiles/htdocs/faq/tests/Feature/User/UserUpdateImageTest.php" line="23" assertions="8" time="0.080347"/>
      <testcase name="test_uploading_new_avatar_deletes_previous_file" class="Tests\Feature\User\UserUpdateImageTest" classname="Tests.Feature.User.UserUpdateImageTest" file="/Applications/XAMPP/xamppfiles/htdocs/faq/tests/Feature/User/UserUpdateImageTest.php" line="74" assertions="3" time="0.044173"/>
      <testcase name="test_missing_image_returns_validation_error" class="Tests\Feature\User\UserUpdateImageTest" classname="Tests.Feature.User.UserUpdateImageTest" file="/Applications/XAMPP/xamppfiles/htdocs/faq/tests/Feature/User/UserUpdateImageTest.php" line="89" assertions="4" time="0.036877"/>
      <testcase name="test_non_file_image_value_fails_validation" class="Tests\Feature\User\UserUpdateImageTest" classname="Tests.Feature.User.UserUpdateImageTest" file="/Applications/XAMPP/xamppfiles/htdocs/faq/tests/Feature/User/UserUpdateImageTest.php" line="104" assertions="3" time="0.034292"/>
      <testcase name="test_image_larger_than_1mb_is_rejected" class="Tests\Feature\User\UserUpdateImageTest" classname="Tests.Feature.User.UserUpdateImageTest" file="/Applications/XAMPP/xamppfiles/htdocs/faq/tests/Feature/User/UserUpdateImageTest.php" line="115" assertions="3" time="0.055245"/>
      <testcase name="test_polyglot_php_in_image_content_is_rejected" class="Tests\Feature\User\UserUpdateImageTest" classname="Tests.Feature.User.UserUpdateImageTest" file="/Applications/XAMPP/xamppfiles/htdocs/faq/tests/Feature/User/UserUpdateImageTest.php" line="152" assertions="3" time="0.019246"/>
      <testcase name="test_guest_cannot_upload_avatar" class="Tests\Feature\User\UserUpdateImageTest" classname="Tests.Feature.User.UserUpdateImageTest" file="/Applications/XAMPP/xamppfiles/htdocs/faq/tests/Feature/User/UserUpdateImageTest.php" line="171" assertions="1" time="0.016012"/>
      <testcase name="test_upload_cannot_overwrite_another_users_avatar_idor" class="Tests\Feature\User\UserUpdateImageTest" classname="Tests.Feature.User.UserUpdateImageTest" file="/Applications/XAMPP/xamppfiles/htdocs/faq/tests/Feature/User/UserUpdateImageTest.php" line="179" assertions="4" time="0.022167"/>
      <testcase name="test_mass_assignment_via_image_endpoint_cannot_change_privileged_fields" class="Tests\Feature\User\UserUpdateImageTest" classname="Tests.Feature.User.UserUpdateImageTest" file="/Applications/XAMPP/xamppfiles/htdocs/faq/tests/Feature/User/UserUpdateImageTest.php" line="204" assertions="6" time="0.017455"/>
      <testcase name="test_filename_is_normalized_to_user_id_and_timestamp_not_client_name" class="Tests\Feature\User\UserUpdateImageTest" classname="Tests.Feature.User.UserUpdateImageTest" file="/Applications/XAMPP/xamppfiles/htdocs/faq/tests/Feature/User/UserUpdateImageTest.php" line="233" assertions="4" time="0.018754"/>
    </testsuite>
    <testsuite name="Tests\Unit\ExampleTest" file="/Applications/XAMPP/xamppfiles/htdocs/faq/tests/Unit/ExampleTest.php" tests="1" assertions="1" errors="0" failures="0" skipped="0" time="0.008588">
      <testcase name="test_that_true_is_true" class="Tests\Unit\ExampleTest" classname="Tests.Unit.ExampleTest" file="/Applications/XAMPP/xamppfiles/htdocs/faq/tests/Unit/ExampleTest.php" line="12" assertions="1" time="0.008588"/>
    </testsuite>
    <testsuite name="Tests\Unit\Jobs\FetchUserLevelTest" file="/Applications/XAMPP/xamppfiles/htdocs/faq/tests/Unit/Jobs/FetchUserLevelTest.php" tests="5" assertions="12" errors="0" failures="0" skipped="0" time="1.101232">
      <testcase name="test_successful_response_updates_level" class="Tests\Unit\Jobs\FetchUserLevelTest" classname="Tests.Unit.Jobs.FetchUserLevelTest" file="/Applications/XAMPP/xamppfiles/htdocs/faq/tests/Unit/Jobs/FetchUserLevelTest.php" line="16" assertions="2" time="0.963286"/>
      <testcase name="test_score_is_not_incremented_when_level_does_not_increase" class="Tests\Unit\Jobs\FetchUserLevelTest" classname="Tests.Unit.Jobs.FetchUserLevelTest" file="/Applications/XAMPP/xamppfiles/htdocs/faq/tests/Unit/Jobs/FetchUserLevelTest.php" line="34" assertions="2" time="0.034101"/>
      <testcase name="test_score_is_not_incremented_when_level_decreases" class="Tests\Unit\Jobs\FetchUserLevelTest" classname="Tests.Unit.Jobs.FetchUserLevelTest" file="/Applications/XAMPP/xamppfiles/htdocs/faq/tests/Unit/Jobs/FetchUserLevelTest.php" line="52" assertions="2" time="0.031373"/>
      <testcase name="test_failed_http_response_leaves_user_unchanged_and_logs_error" class="Tests\Unit\Jobs\FetchUserLevelTest" classname="Tests.Unit.Jobs.FetchUserLevelTest" file="/Applications/XAMPP/xamppfiles/htdocs/faq/tests/Unit/Jobs/FetchUserLevelTest.php" line="70" assertions="3" time="0.043375"/>
      <testcase name="test_missing_level_slug_leaves_user_unchanged_and_logs_warning" class="Tests\Unit\Jobs\FetchUserLevelTest" classname="Tests.Unit.Jobs.FetchUserLevelTest" file="/Applications/XAMPP/xamppfiles/htdocs/faq/tests/Unit/Jobs/FetchUserLevelTest.php" line="87" assertions="3" time="0.029098"/>
    </testsuite>
    <testsuite name="Tests\Unit\Models\AnswerTest" file="/Applications/XAMPP/xamppfiles/htdocs/faq/tests/Unit/Models/AnswerTest.php" tests="4" assertions="15" errors="0" failures="0" skipped="0" time="1.078875">
      <testcase name="test_published_scope_requires_published_at" class="Tests\Unit\Models\AnswerTest" classname="Tests.Unit.Models.AnswerTest" file="/Applications/XAMPP/xamppfiles/htdocs/faq/tests/Unit/Models/AnswerTest.php" line="17" assertions="2" time="0.920211"/>
      <testcase name="test_visible_scope_for_guests_and_authenticated_users" class="Tests\Unit\Models\AnswerTest" classname="Tests.Unit.Models.AnswerTest" file="/Applications/XAMPP/xamppfiles/htdocs/faq/tests/Unit/Models/AnswerTest.php" line="31" assertions="5" time="0.073704"/>
      <testcase name="test_relationships_resolve_expected_models" class="Tests\Unit\Models\AnswerTest" classname="Tests.Unit.Models.AnswerTest" file="/Applications/XAMPP/xamppfiles/htdocs/faq/tests/Unit/Models/AnswerTest.php" line="53" assertions="5" time="0.052202"/>
      <testcase name="test_casts_booleans_and_datetime" class="Tests\Unit\Models\AnswerTest" classname="Tests.Unit.Models.AnswerTest" file="/Applications/XAMPP/xamppfiles/htdocs/faq/tests/Unit/Models/AnswerTest.php" line="66" assertions="3" time="0.032758"/>
    </testsuite>
    <testsuite name="Tests\Unit\Models\CommentTest" file="/Applications/XAMPP/xamppfiles/htdocs/faq/tests/Unit/Models/CommentTest.php" tests="6" assertions="20" errors="0" failures="0" skipped="0" time="1.183395">
      <testcase name="test_published_scope_requires_published_at" class="Tests\Unit\Models\CommentTest" classname="Tests.Unit.Models.CommentTest" file="/Applications/XAMPP/xamppfiles/htdocs/faq/tests/Unit/Models/CommentTest.php" line="18" assertions="2" time="0.932211"/>
      <testcase name="test_visible_scope_for_guests_and_authenticated_users" class="Tests\Unit\Models\CommentTest" classname="Tests.Unit.Models.CommentTest" file="/Applications/XAMPP/xamppfiles/htdocs/faq/tests/Unit/Models/CommentTest.php" line="32" assertions="5" time="0.073625"/>
      <testcase name="test_relationships_resolve_expected_models" class="Tests\Unit\Models\CommentTest" classname="Tests.Unit.Models.CommentTest" file="/Applications/XAMPP/xamppfiles/htdocs/faq/tests/Unit/Models/CommentTest.php" line="54" assertions="6" time="0.043661"/>
      <testcase name="test_commentable_can_be_answer" class="Tests\Unit\Models\CommentTest" classname="Tests.Unit.Models.CommentTest" file="/Applications/XAMPP/xamppfiles/htdocs/faq/tests/Unit/Models/CommentTest.php" line="71" assertions="2" time="0.039395"/>
      <testcase name="test_casts_booleans_and_datetime" class="Tests\Unit\Models\CommentTest" classname="Tests.Unit.Models.CommentTest" file="/Applications/XAMPP/xamppfiles/htdocs/faq/tests/Unit/Models/CommentTest.php" line="80" assertions="2" time="0.040764"/>
      <testcase name="test_up_and_down_votes_scopes_filter_by_type" class="Tests\Unit\Models\CommentTest" classname="Tests.Unit.Models.CommentTest" file="/Applications/XAMPP/xamppfiles/htdocs/faq/tests/Unit/Models/CommentTest.php" line="88" assertions="3" time="0.053739"/>
    </testsuite>
    <testsuite name="Tests\Unit\Models\QuestionTest" file="/Applications/XAMPP/xamppfiles/htdocs/faq/tests/Unit/Models/QuestionTest.php" tests="5" assertions="12" errors="0" failures="0" skipped="0" time="1.182068">
      <testcase name="test_generate_slug_replaces_spaces_and_lowercases" class="Tests\Unit\Models\QuestionTest" classname="Tests.Unit.Models.QuestionTest" file="/Applications/XAMPP/xamppfiles/htdocs/faq/tests/Unit/Models/QuestionTest.php" line="15" assertions="1" time="0.960058"/>
      <testcase name="test_generate_slug_appends_counter_for_duplicates" class="Tests\Unit\Models\QuestionTest" classname="Tests.Unit.Models.QuestionTest" file="/Applications/XAMPP/xamppfiles/htdocs/faq/tests/Unit/Models/QuestionTest.php" line="20" assertions="1" time="0.080336"/>
      <testcase name="test_published_scope_requires_published_at" class="Tests\Unit\Models\QuestionTest" classname="Tests.Unit.Models.QuestionTest" file="/Applications/XAMPP/xamppfiles/htdocs/faq/tests/Unit/Models/QuestionTest.php" line="28" assertions="2" time="0.042458"/>
      <testcase name="test_is_solved_depends_on_correct_answer_only" class="Tests\Unit\Models\QuestionTest" classname="Tests.Unit.Models.QuestionTest" file="/Applications/XAMPP/xamppfiles/htdocs/faq/tests/Unit/Models/QuestionTest.php" line="43" assertions="3" time="0.044864"/>
      <testcase name="test_visible_scope_for_guests_and_authenticated_users" class="Tests\Unit\Models\QuestionTest" classname="Tests.Unit.Models.QuestionTest" file="/Applications/XAMPP/xamppfiles/htdocs/faq/tests/Unit/Models/QuestionTest.php" line="62" assertions="5" time="0.054352"/>
    </testsuite>
    <testsuite name="Tests\Unit\Models\TagTest" file="/Applications/XAMPP/xamppfiles/htdocs/faq/tests/Unit/Models/TagTest.php" tests="8" assertions="15" errors="0" failures="0" skipped="0" time="1.186298">
      <testcase name="test_creating_without_slug_generates_slug_from_name" class="Tests\Unit\Models\TagTest" classname="Tests.Unit.Models.TagTest" file="/Applications/XAMPP/xamppfiles/htdocs/faq/tests/Unit/Models/TagTest.php" line="16" assertions="2" time="0.918987"/>
      <testcase name="test_creating_with_explicit_slug_preserves_it" class="Tests\Unit\Models\TagTest" classname="Tests.Unit.Models.TagTest" file="/Applications/XAMPP/xamppfiles/htdocs/faq/tests/Unit/Models/TagTest.php" line="27" assertions="1" time="0.030780"/>
      <testcase name="test_updating_name_does_not_change_existing_slug" class="Tests\Unit\Models\TagTest" classname="Tests.Unit.Models.TagTest" file="/Applications/XAMPP/xamppfiles/htdocs/faq/tests/Unit/Models/TagTest.php" line="37" assertions="2" time="0.055724"/>
      <testcase name="test_updating_name_with_empty_slug_regenerates_slug" class="Tests\Unit\Models\TagTest" classname="Tests.Unit.Models.TagTest" file="/Applications/XAMPP/xamppfiles/htdocs/faq/tests/Unit/Models/TagTest.php" line="50" assertions="1" time="0.032221"/>
      <testcase name="test_fillable_only_allows_name_and_slug" class="Tests\Unit\Models\TagTest" classname="Tests.Unit.Models.TagTest" file="/Applications/XAMPP/xamppfiles/htdocs/faq/tests/Unit/Models/TagTest.php" line="65" assertions="2" time="0.037760"/>
      <testcase name="test_questions_relationship_is_belongs_to_many" class="Tests\Unit\Models\TagTest" classname="Tests.Unit.Models.TagTest" file="/Applications/XAMPP/xamppfiles/htdocs/faq/tests/Unit/Models/TagTest.php" line="77" assertions="3" time="0.052207"/>
      <testcase name="test_slug_generation_matches_str_slug" class="Tests\Unit\Models\TagTest" classname="Tests.Unit.Models.TagTest" file="/Applications/XAMPP/xamppfiles/htdocs/faq/tests/Unit/Models/TagTest.php" line="88" assertions="1" time="0.025038"/>
      <testcase name="test_model_does_not_use_soft_deletes" class="Tests\Unit\Models\TagTest" classname="Tests.Unit.Models.TagTest" file="/Applications/XAMPP/xamppfiles/htdocs/faq/tests/Unit/Models/TagTest.php" line="96" assertions="3" time="0.033582"/>
    </testsuite>
    <testsuite name="Tests\Unit\Policies\AnswerPolicyTest" file="/Applications/XAMPP/xamppfiles/htdocs/faq/tests/Unit/Policies/AnswerPolicyTest.php" tests="14" assertions="32" errors="0" failures="0" skipped="0" time="1.627397">
      <testsuite name="Tests\Unit\Policies\AnswerPolicyTest::test_publish_rules" tests="6" assertions="6" errors="0" failures="0" skipped="0" time="0.244872">
        <testcase name="test_publish_rules with data set &quot;owner cannot publish own&quot;" class="Tests\Unit\Policies\AnswerPolicyTest" classname="Tests.Unit.Policies.AnswerPolicyTest" file="/Applications/XAMPP/xamppfiles/htdocs/faq/tests/Unit/Policies/AnswerPolicyTest.php" line="42" assertions="1" time="0.042217"/>
        <testcase name="test_publish_rules with data set &quot;higher level can publish lower&quot;" class="Tests\Unit\Policies\AnswerPolicyTest" classname="Tests.Unit.Policies.AnswerPolicyTest" file="/Applications/XAMPP/xamppfiles/htdocs/faq/tests/Unit/Policies/AnswerPolicyTest.php" line="42" assertions="1" time="0.036680"/>
        <testcase name="test_publish_rules with data set &quot;level 2 cannot publish&quot;" class="Tests\Unit\Policies\AnswerPolicyTest" classname="Tests.Unit.Policies.AnswerPolicyTest" file="/Applications/XAMPP/xamppfiles/htdocs/faq/tests/Unit/Policies/AnswerPolicyTest.php" line="42" assertions="1" time="0.050106"/>
        <testcase name="test_publish_rules with data set &quot;same level non-owner cannot&quot;" class="Tests\Unit\Policies\AnswerPolicyTest" classname="Tests.Unit.Policies.AnswerPolicyTest" file="/Applications/XAMPP/xamppfiles/htdocs/faq/tests/Unit/Policies/AnswerPolicyTest.php" line="42" assertions="1" time="0.043920"/>
        <testcase name="test_publish_rules with data set &quot;lower level cannot publish higher&quot;" class="Tests\Unit\Policies\AnswerPolicyTest" classname="Tests.Unit.Policies.AnswerPolicyTest" file="/Applications/XAMPP/xamppfiles/htdocs/faq/tests/Unit/Policies/AnswerPolicyTest.php" line="42" assertions="1" time="0.033766"/>
        <testcase name="test_publish_rules with data set &quot;already published blocked&quot;" class="Tests\Unit\Policies\AnswerPolicyTest" classname="Tests.Unit.Policies.AnswerPolicyTest" file="/Applications/XAMPP/xamppfiles/htdocs/faq/tests/Unit/Policies/AnswerPolicyTest.php" line="42" assertions="1" time="0.038182"/>
      </testsuite>
      <testcase name="test_update_and_delete_only_for_owner_of_unpublished_answer" class="Tests\Unit\Policies\AnswerPolicyTest" classname="Tests.Unit.Policies.AnswerPolicyTest" file="/Applications/XAMPP/xamppfiles/htdocs/faq/tests/Unit/Policies/AnswerPolicyTest.php" line="26" assertions="6" time="1.000424"/>
      <testcase name="test_toggle_correctness_denies_own_answer" class="Tests\Unit\Policies\AnswerPolicyTest" classname="Tests.Unit.Policies.AnswerPolicyTest" file="/Applications/XAMPP/xamppfiles/htdocs/faq/tests/Unit/Policies/AnswerPolicyTest.php" line="70" assertions="3" time="0.045782"/>
      <testcase name="test_toggle_correctness_denies_when_not_strictly_higher_level" class="Tests\Unit\Policies\AnswerPolicyTest" classname="Tests.Unit.Policies.AnswerPolicyTest" file="/Applications/XAMPP/xamppfiles/htdocs/faq/tests/Unit/Policies/AnswerPolicyTest.php" line="88" assertions="1" time="0.043112"/>
      <testcase name="test_mark_as_correct_requires_level_four_and_quota" class="Tests\Unit\Policies\AnswerPolicyTest" classname="Tests.Unit.Policies.AnswerPolicyTest" file="/Applications/XAMPP/xamppfiles/htdocs/faq/tests/Unit/Policies/AnswerPolicyTest.php" line="102" assertions="5" time="0.076869"/>
      <testcase name="test_mark_as_correct_denies_when_already_correct" class="Tests\Unit\Policies\AnswerPolicyTest" classname="Tests.Unit.Policies.AnswerPolicyTest" file="/Applications/XAMPP/xamppfiles/htdocs/faq/tests/Unit/Policies/AnswerPolicyTest.php" line="137" assertions="2" time="0.040774"/>
      <testcase name="test_mark_as_normal_requires_level_five_and_blocks_self_previous_marker" class="Tests\Unit\Policies\AnswerPolicyTest" classname="Tests.Unit.Policies.AnswerPolicyTest" file="/Applications/XAMPP/xamppfiles/htdocs/faq/tests/Unit/Policies/AnswerPolicyTest.php" line="152" assertions="5" time="0.046317"/>
      <testcase name="test_mark_as_normal_denies_when_already_normal" class="Tests\Unit\Policies\AnswerPolicyTest" classname="Tests.Unit.Policies.AnswerPolicyTest" file="/Applications/XAMPP/xamppfiles/htdocs/faq/tests/Unit/Policies/AnswerPolicyTest.php" line="182" assertions="2" time="0.045263"/>
      <testcase name="test_mark_as_normal_quota_equals_user_level" class="Tests\Unit\Policies\AnswerPolicyTest" classname="Tests.Unit.Policies.AnswerPolicyTest" file="/Applications/XAMPP/xamppfiles/htdocs/faq/tests/Unit/Policies/AnswerPolicyTest.php" line="197" assertions="2" time="0.083984"/>
    </testsuite>
    <testsuite name="Tests\Unit\Policies\CategoryPolicyTest" file="/Applications/XAMPP/xamppfiles/htdocs/faq/tests/Unit/Policies/CategoryPolicyTest.php" tests="6" assertions="18" errors="0" failures="0" skipped="0" time="1.143335">
      <testsuite name="Tests\Unit\Policies\CategoryPolicyTest::test_write_abilities_require_admin" tests="3" assertions="6" errors="0" failures="0" skipped="0" time="0.100336">
        <testcase name="test_write_abilities_require_admin with data set &quot;create&quot;" class="Tests\Unit\Policies\CategoryPolicyTest" classname="Tests.Unit.Policies.CategoryPolicyTest" file="/Applications/XAMPP/xamppfiles/htdocs/faq/tests/Unit/Policies/CategoryPolicyTest.php" line="41" assertions="2" time="0.034859"/>
        <testcase name="test_write_abilities_require_admin with data set &quot;update&quot;" class="Tests\Unit\Policies\CategoryPolicyTest" classname="Tests.Unit.Policies.CategoryPolicyTest" file="/Applications/XAMPP/xamppfiles/htdocs/faq/tests/Unit/Policies/CategoryPolicyTest.php" line="41" assertions="2" time="0.035848"/>
        <testcase name="test_write_abilities_require_admin with data set &quot;delete&quot;" class="Tests\Unit\Policies\CategoryPolicyTest" classname="Tests.Unit.Policies.CategoryPolicyTest" file="/Applications/XAMPP/xamppfiles/htdocs/faq/tests/Unit/Policies/CategoryPolicyTest.php" line="41" assertions="2" time="0.029629"/>
      </testsuite>
      <testcase name="test_view_any_allows_guests_and_users" class="Tests\Unit\Policies\CategoryPolicyTest" classname="Tests.Unit.Policies.CategoryPolicyTest" file="/Applications/XAMPP/xamppfiles/htdocs/faq/tests/Unit/Policies/CategoryPolicyTest.php" line="24" assertions="3" time="0.964268"/>
      <testcase name="test_view_allows_guests_and_users" class="Tests\Unit\Policies\CategoryPolicyTest" classname="Tests.Unit.Policies.CategoryPolicyTest" file="/Applications/XAMPP/xamppfiles/htdocs/faq/tests/Unit/Policies/CategoryPolicyTest.php" line="31" assertions="3" time="0.044665"/>
      <testcase name="test_is_admin_is_role_based_not_level_based" class="Tests\Unit\Policies\CategoryPolicyTest" classname="Tests.Unit.Policies.CategoryPolicyTest" file="/Applications/XAMPP/xamppfiles/htdocs/faq/tests/Unit/Policies/CategoryPolicyTest.php" line="67" assertions="6" time="0.034066"/>
    </testsuite>
    <testsuite name="Tests\Unit\Policies\CommentPolicyTest" file="/Applications/XAMPP/xamppfiles/htdocs/faq/tests/Unit/Policies/CommentPolicyTest.php" tests="10" assertions="18" errors="0" failures="0" skipped="0" time="1.258084">
      <testsuite name="Tests\Unit\Policies\CommentPolicyTest::test_publish_rules" tests="7" assertions="7" errors="0" failures="0" skipped="0" time="0.266484">
        <testcase name="test_publish_rules with data set &quot;owner level 5 can publish own&quot;" class="Tests\Unit\Policies\CommentPolicyTest" classname="Tests.Unit.Policies.CommentPolicyTest" file="/Applications/XAMPP/xamppfiles/htdocs/faq/tests/Unit/Policies/CommentPolicyTest.php" line="60" assertions="1" time="0.035081"/>
        <testcase name="test_publish_rules with data set &quot;level 2 can publish any unpublished&quot;" class="Tests\Unit\Policies\CommentPolicyTest" classname="Tests.Unit.Policies.CommentPolicyTest" file="/Applications/XAMPP/xamppfiles/htdocs/faq/tests/Unit/Policies/CommentPolicyTest.php" line="60" assertions="1" time="0.038504"/>
        <testcase name="test_publish_rules with data set &quot;level 2 can publish higher author&quot;" class="Tests\Unit\Policies\CommentPolicyTest" classname="Tests.Unit.Policies.CommentPolicyTest" file="/Applications/XAMPP/xamppfiles/htdocs/faq/tests/Unit/Policies/CommentPolicyTest.php" line="60" assertions="1" time="0.037981"/>
        <testcase name="test_publish_rules with data set &quot;level 1 cannot publish&quot;" class="Tests\Unit\Policies\CommentPolicyTest" classname="Tests.Unit.Policies.CommentPolicyTest" file="/Applications/XAMPP/xamppfiles/htdocs/faq/tests/Unit/Policies/CommentPolicyTest.php" line="60" assertions="1" time="0.039068"/>
        <testcase name="test_publish_rules with data set &quot;level 1 owner cannot publish own&quot;" class="Tests\Unit\Policies\CommentPolicyTest" classname="Tests.Unit.Policies.CommentPolicyTest" file="/Applications/XAMPP/xamppfiles/htdocs/faq/tests/Unit/Policies/CommentPolicyTest.php" line="60" assertions="1" time="0.031292"/>
        <testcase name="test_publish_rules with data set &quot;same level non-owner level 3 can&quot;" class="Tests\Unit\Policies\CommentPolicyTest" classname="Tests.Unit.Policies.CommentPolicyTest" file="/Applications/XAMPP/xamppfiles/htdocs/faq/tests/Unit/Policies/CommentPolicyTest.php" line="60" assertions="1" time="0.037138"/>
        <testcase name="test_publish_rules with data set &quot;already published blocked&quot;" class="Tests\Unit\Policies\CommentPolicyTest" classname="Tests.Unit.Policies.CommentPolicyTest" file="/Applications/XAMPP/xamppfiles/htdocs/faq/tests/Unit/Policies/CommentPolicyTest.php" line="60" assertions="1" time="0.047419"/>
      </testsuite>
      <testcase name="test_view_any_view_and_create_are_always_allowed" class="Tests\Unit\Policies\CommentPolicyTest" classname="Tests.Unit.Policies.CommentPolicyTest" file="/Applications/XAMPP/xamppfiles/htdocs/faq/tests/Unit/Policies/CommentPolicyTest.php" line="24" assertions="3" time="0.893514"/>
      <testcase name="test_update_and_delete_only_for_owner_of_unpublished_comment" class="Tests\Unit\Policies\CommentPolicyTest" classname="Tests.Unit.Policies.CommentPolicyTest" file="/Applications/XAMPP/xamppfiles/htdocs/faq/tests/Unit/Policies/CommentPolicyTest.php" line="34" assertions="6" time="0.060726"/>
      <testcase name="test_admin_cannot_update_or_delete_others_draft" class="Tests\Unit\Policies\CommentPolicyTest" classname="Tests.Unit.Policies.CommentPolicyTest" file="/Applications/XAMPP/xamppfiles/htdocs/faq/tests/Unit/Policies/CommentPolicyTest.php" line="49" assertions="2" time="0.037360"/>
    </testsuite>
    <testsuite name="Tests\Unit\Policies\QuestionPolicyTest" file="/Applications/XAMPP/xamppfiles/htdocs/faq/tests/Unit/Policies/QuestionPolicyTest.php" tests="13" assertions="26" errors="0" failures="0" skipped="0" time="0.484464">
      <testsuite name="Tests\Unit\Policies\QuestionPolicyTest::test_publish_rules" tests="6" assertions="6" errors="0" failures="0" skipped="0" time="0.229688">
        <testcase name="test_publish_rules with data set &quot;owner level 2 can publish own&quot;" class="Tests\Unit\Policies\QuestionPolicyTest" classname="Tests.Unit.Policies.QuestionPolicyTest" file="/Applications/XAMPP/xamppfiles/htdocs/faq/tests/Unit/Policies/QuestionPolicyTest.php" line="71" assertions="1" time="0.042056"/>
        <testcase name="test_publish_rules with data set &quot;owner level 1 cannot publish own&quot;" class="Tests\Unit\Policies\QuestionPolicyTest" classname="Tests.Unit.Policies.QuestionPolicyTest" file="/Applications/XAMPP/xamppfiles/htdocs/faq/tests/Unit/Policies/QuestionPolicyTest.php" line="71" assertions="1" time="0.032678"/>
        <testcase name="test_publish_rules with data set &quot;higher level can publish lower&quot;" class="Tests\Unit\Policies\QuestionPolicyTest" classname="Tests.Unit.Policies.QuestionPolicyTest" file="/Applications/XAMPP/xamppfiles/htdocs/faq/tests/Unit/Policies/QuestionPolicyTest.php" line="71" assertions="1" time="0.041546"/>
        <testcase name="test_publish_rules with data set &quot;same level non-owner cannot&quot;" class="Tests\Unit\Policies\QuestionPolicyTest" classname="Tests.Unit.Policies.QuestionPolicyTest" file="/Applications/XAMPP/xamppfiles/htdocs/faq/tests/Unit/Policies/QuestionPolicyTest.php" line="71" assertions="1" time="0.038235"/>
        <testcase name="test_publish_rules with data set &quot;lower level cannot publish higher&quot;" class="Tests\Unit\Policies\QuestionPolicyTest" classname="Tests.Unit.Policies.QuestionPolicyTest" file="/Applications/XAMPP/xamppfiles/htdocs/faq/tests/Unit/Policies/QuestionPolicyTest.php" line="71" assertions="1" time="0.038665"/>
        <testcase name="test_publish_rules with data set &quot;already published blocked&quot;" class="Tests\Unit\Policies\QuestionPolicyTest" classname="Tests.Unit.Policies.QuestionPolicyTest" file="/Applications/XAMPP/xamppfiles/htdocs/faq/tests/Unit/Policies/QuestionPolicyTest.php" line="71" assertions="1" time="0.036509"/>
      </testsuite>
      <testcase name="test_view_any_allows_guests_and_users" class="Tests\Unit\Policies\QuestionPolicyTest" classname="Tests.Unit.Policies.QuestionPolicyTest" file="/Applications/XAMPP/xamppfiles/htdocs/faq/tests/Unit/Policies/QuestionPolicyTest.php" line="24" assertions="2" time="0.026107"/>
      <testcase name="test_view_published_allows_guests" class="Tests\Unit\Policies\QuestionPolicyTest" classname="Tests.Unit.Policies.QuestionPolicyTest" file="/Applications/XAMPP/xamppfiles/htdocs/faq/tests/Unit/Policies/QuestionPolicyTest.php" line="30" assertions="1" time="0.039609"/>
      <testcase name="test_view_unpublished_allows_owner_and_higher_level_only" class="Tests\Unit\Policies\QuestionPolicyTest" classname="Tests.Unit.Policies.QuestionPolicyTest" file="/Applications/XAMPP/xamppfiles/htdocs/faq/tests/Unit/Policies/QuestionPolicyTest.php" line="37" assertions="4" time="0.034292"/>
      <testcase name="test_create_always_allows_authenticated_users" class="Tests\Unit\Policies\QuestionPolicyTest" classname="Tests.Unit.Policies.QuestionPolicyTest" file="/Applications/XAMPP/xamppfiles/htdocs/faq/tests/Unit/Policies/QuestionPolicyTest.php" line="50" assertions="1" time="0.032372"/>
      <testcase name="test_update_and_delete_only_for_owner_of_unpublished_question" class="Tests\Unit\Policies\QuestionPolicyTest" classname="Tests.Unit.Policies.QuestionPolicyTest" file="/Applications/XAMPP/xamppfiles/htdocs/faq/tests/Unit/Policies/QuestionPolicyTest.php" line="55" assertions="6" time="0.041618"/>
      <testcase name="test_feature_requires_level_four_published_not_own_under_limit" class="Tests\Unit\Policies\QuestionPolicyTest" classname="Tests.Unit.Policies.QuestionPolicyTest" file="/Applications/XAMPP/xamppfiles/htdocs/faq/tests/Unit/Policies/QuestionPolicyTest.php" line="94" assertions="3" time="0.043184"/>
      <testcase name="test_unfeature_requires_featured_published_not_own" class="Tests\Unit\Policies\QuestionPolicyTest" classname="Tests.Unit.Policies.QuestionPolicyTest" file="/Applications/XAMPP/xamppfiles/htdocs/faq/tests/Unit/Policies/QuestionPolicyTest.php" line="108" assertions="3" time="0.037592"/>
    </testsuite>
    <testsuite name="Tests\Unit\Policies\TagPolicyTest" file="/Applications/XAMPP/xamppfiles/htdocs/faq/tests/Unit/Policies/TagPolicyTest.php" tests="6" assertions="18" errors="0" failures="0" skipped="0" time="0.209563">
      <testsuite name="Tests\Unit\Policies\TagPolicyTest::test_write_abilities_require_admin" tests="3" assertions="6" errors="0" failures="0" skipped="0" time="0.10077">
        <testcase name="test_write_abilities_require_admin with data set &quot;create&quot;" class="Tests\Unit\Policies\TagPolicyTest" classname="Tests.Unit.Policies.TagPolicyTest" file="/Applications/XAMPP/xamppfiles/htdocs/faq/tests/Unit/Policies/TagPolicyTest.php" line="41" assertions="2" time="0.033717"/>
        <testcase name="test_write_abilities_require_admin with data set &quot;update&quot;" class="Tests\Unit\Policies\TagPolicyTest" classname="Tests.Unit.Policies.TagPolicyTest" file="/Applications/XAMPP/xamppfiles/htdocs/faq/tests/Unit/Policies/TagPolicyTest.php" line="41" assertions="2" time="0.033251"/>
        <testcase name="test_write_abilities_require_admin with data set &quot;delete&quot;" class="Tests\Unit\Policies\TagPolicyTest" classname="Tests.Unit.Policies.TagPolicyTest" file="/Applications/XAMPP/xamppfiles/htdocs/faq/tests/Unit/Policies/TagPolicyTest.php" line="41" assertions="2" time="0.033802"/>
      </testsuite>
      <testcase name="test_view_any_allows_guests_and_users" class="Tests\Unit\Policies\TagPolicyTest" classname="Tests.Unit.Policies.TagPolicyTest" file="/Applications/XAMPP/xamppfiles/htdocs/faq/tests/Unit/Policies/TagPolicyTest.php" line="24" assertions="3" time="0.038738"/>
      <testcase name="test_view_allows_guests_and_users" class="Tests\Unit\Policies\TagPolicyTest" classname="Tests.Unit.Policies.TagPolicyTest" file="/Applications/XAMPP/xamppfiles/htdocs/faq/tests/Unit/Policies/TagPolicyTest.php" line="31" assertions="3" time="0.029119"/>
      <testcase name="test_is_admin_is_role_based_not_level_based" class="Tests\Unit\Policies\TagPolicyTest" classname="Tests.Unit.Policies.TagPolicyTest" file="/Applications/XAMPP/xamppfiles/htdocs/faq/tests/Unit/Policies/TagPolicyTest.php" line="67" assertions="6" time="0.040937"/>
    </testsuite>
    <testsuite name="Tests\Unit\Rules\SecureImageTest" file="/Applications/XAMPP/xamppfiles/htdocs/faq/tests/Unit/Rules/SecureImageTest.php" tests="21" assertions="43" errors="0" failures="0" skipped="0" time="0.684194">
      <testsuite name="Tests\Unit\Rules\SecureImageTest::test_dangerous_filenames_fail" tests="7" assertions="14" errors="0" failures="0" skipped="0" time="0.193543">
        <testcase name="test_dangerous_filenames_fail with data set &quot;php double ext&quot;" class="Tests\Unit\Rules\SecureImageTest" classname="Tests.Unit.Rules.SecureImageTest" file="/Applications/XAMPP/xamppfiles/htdocs/faq/tests/Unit/Rules/SecureImageTest.php" line="73" assertions="2" time="0.026475"/>
        <testcase name="test_dangerous_filenames_fail with data set &quot;phtml double ext&quot;" class="Tests\Unit\Rules\SecureImageTest" classname="Tests.Unit.Rules.SecureImageTest" file="/Applications/XAMPP/xamppfiles/htdocs/faq/tests/Unit/Rules/SecureImageTest.php" line="73" assertions="2" time="0.026564"/>
        <testcase name="test_dangerous_filenames_fail with data set &quot;phar double ext&quot;" class="Tests\Unit\Rules\SecureImageTest" classname="Tests.Unit.Rules.SecureImageTest" file="/Applications/XAMPP/xamppfiles/htdocs/faq/tests/Unit/Rules/SecureImageTest.php" line="73" assertions="2" time="0.033137"/>
        <testcase name="test_dangerous_filenames_fail with data set &quot;js double ext&quot;" class="Tests\Unit\Rules\SecureImageTest" classname="Tests.Unit.Rules.SecureImageTest" file="/Applications/XAMPP/xamppfiles/htdocs/faq/tests/Unit/Rules/SecureImageTest.php" line="73" assertions="2" time="0.027667"/>
        <testcase name="test_dangerous_filenames_fail with data set &quot;svg extension&quot;" class="Tests\Unit\Rules\SecureImageTest" classname="Tests.Unit.Rules.SecureImageTest" file="/Applications/XAMPP/xamppfiles/htdocs/faq/tests/Unit/Rules/SecureImageTest.php" line="73" assertions="2" time="0.029654"/>
        <testcase name="test_dangerous_filenames_fail with data set &quot;html extension&quot;" class="Tests\Unit\Rules\SecureImageTest" classname="Tests.Unit.Rules.SecureImageTest" file="/Applications/XAMPP/xamppfiles/htdocs/faq/tests/Unit/Rules/SecureImageTest.php" line="73" assertions="2" time="0.024436"/>
        <testcase name="test_dangerous_filenames_fail with data set &quot;exe extension&quot;" class="Tests\Unit\Rules\SecureImageTest" classname="Tests.Unit.Rules.SecureImageTest" file="/Applications/XAMPP/xamppfiles/htdocs/faq/tests/Unit/Rules/SecureImageTest.php" line="73" assertions="2" time="0.025610"/>
      </testsuite>
      <testcase name="test_valid_jpeg_passes" class="Tests\Unit\Rules\SecureImageTest" classname="Tests.Unit.Rules.SecureImageTest" file="/Applications/XAMPP/xamppfiles/htdocs/faq/tests/Unit/Rules/SecureImageTest.php" line="34" assertions="1" time="0.049370"/>
      <testcase name="test_valid_png_passes" class="Tests\Unit\Rules\SecureImageTest" classname="Tests.Unit.Rules.SecureImageTest" file="/Applications/XAMPP/xamppfiles/htdocs/faq/tests/Unit/Rules/SecureImageTest.php" line="39" assertions="1" time="0.032665"/>
      <testcase name="test_valid_webp_passes" class="Tests\Unit\Rules\SecureImageTest" classname="Tests.Unit.Rules.SecureImageTest" file="/Applications/XAMPP/xamppfiles/htdocs/faq/tests/Unit/Rules/SecureImageTest.php" line="44" assertions="1" time="0.059777"/>
      <testcase name="test_non_uploaded_file_fails" class="Tests\Unit\Rules\SecureImageTest" classname="Tests.Unit.Rules.SecureImageTest" file="/Applications/XAMPP/xamppfiles/htdocs/faq/tests/Unit/Rules/SecureImageTest.php" line="49" assertions="1" time="0.030260"/>
      <testcase name="test_empty_file_fails" class="Tests\Unit\Rules\SecureImageTest" classname="Tests.Unit.Rules.SecureImageTest" file="/Applications/XAMPP/xamppfiles/htdocs/faq/tests/Unit/Rules/SecureImageTest.php" line="59" assertions="2" time="0.027263"/>
      <testcase name="test_file_exceeding_custom_max_size_fails" class="Tests\Unit\Rules\SecureImageTest" classname="Tests.Unit.Rules.SecureImageTest" file="/Applications/XAMPP/xamppfiles/htdocs/faq/tests/Unit/Rules/SecureImageTest.php" line="64" assertions="2" time="0.034106"/>
      <testcase name="test_gif_is_rejected_by_default_allowlist" class="Tests\Unit\Rules\SecureImageTest" classname="Tests.Unit.Rules.SecureImageTest" file="/Applications/XAMPP/xamppfiles/htdocs/faq/tests/Unit/Rules/SecureImageTest.php" line="91" assertions="2" time="0.039005"/>
      <testcase name="test_null_byte_in_filename_fails" class="Tests\Unit\Rules\SecureImageTest" classname="Tests.Unit.Rules.SecureImageTest" file="/Applications/XAMPP/xamppfiles/htdocs/faq/tests/Unit/Rules/SecureImageTest.php" line="96" assertions="2" time="0.033772"/>
      <testcase name="test_php_polyglot_content_fails" class="Tests\Unit\Rules\SecureImageTest" classname="Tests.Unit.Rules.SecureImageTest" file="/Applications/XAMPP/xamppfiles/htdocs/faq/tests/Unit/Rules/SecureImageTest.php" line="109" assertions="2" time="0.030892"/>
      <testcase name="test_script_tag_in_content_fails" class="Tests\Unit\Rules\SecureImageTest" classname="Tests.Unit.Rules.SecureImageTest" file="/Applications/XAMPP/xamppfiles/htdocs/faq/tests/Unit/Rules/SecureImageTest.php" line="123" assertions="2" time="0.026705"/>
      <testcase name="test_dimension_constraints_are_enforced" class="Tests\Unit\Rules\SecureImageTest" classname="Tests.Unit.Rules.SecureImageTest" file="/Applications/XAMPP/xamppfiles/htdocs/faq/tests/Unit/Rules/SecureImageTest.php" line="137" assertions="5" time="0.031187"/>
      <testcase name="test_pixel_count_limit_is_enforced" class="Tests\Unit\Rules\SecureImageTest" classname="Tests.Unit.Rules.SecureImageTest" file="/Applications/XAMPP/xamppfiles/htdocs/faq/tests/Unit/Rules/SecureImageTest.php" line="150" assertions="3" time="0.027734"/>
      <testcase name="test_custom_mime_allowlist_rejects_disallowed_types" class="Tests\Unit\Rules\SecureImageTest" classname="Tests.Unit.Rules.SecureImageTest" file="/Applications/XAMPP/xamppfiles/htdocs/faq/tests/Unit/Rules/SecureImageTest.php" line="158" assertions="3" time="0.036565"/>
      <testcase name="test_zip_signature_at_start_fails" class="Tests\Unit\Rules\SecureImageTest" classname="Tests.Unit.Rules.SecureImageTest" file="/Applications/XAMPP/xamppfiles/htdocs/faq/tests/Unit/Rules/SecureImageTest.php" line="166" assertions="2" time="0.031350"/>
    </testsuite>
    <testsuite name="Tests\Unit\Services\QuestionFilterServiceTest" file="/Applications/XAMPP/xamppfiles/htdocs/faq/tests/Unit/Services/QuestionFilterServiceTest.php" tests="5" assertions="16" errors="0" failures="0" skipped="0" time="0.360345">
      <testcase name="test_get_paginated_questions_defaults_to_ten_per_page" class="Tests\Unit\Services\QuestionFilterServiceTest" classname="Tests.Unit.Services.QuestionFilterServiceTest" file="/Applications/XAMPP/xamppfiles/htdocs/faq/tests/Unit/Services/QuestionFilterServiceTest.php" line="27" assertions="3" time="0.119598"/>
      <testcase name="test_filter_by_category_and_tags" class="Tests\Unit\Services\QuestionFilterServiceTest" classname="Tests.Unit.Services.QuestionFilterServiceTest" file="/Applications/XAMPP/xamppfiles/htdocs/faq/tests/Unit/Services/QuestionFilterServiceTest.php" line="38" assertions="2" time="0.054412"/>
      <testcase name="test_filter_unanswered_unsolved_solved_unpublished" class="Tests\Unit\Services\QuestionFilterServiceTest" classname="Tests.Unit.Services.QuestionFilterServiceTest" file="/Applications/XAMPP/xamppfiles/htdocs/faq/tests/Unit/Services/QuestionFilterServiceTest.php" line="59" assertions="9" time="0.082050"/>
      <testcase name="test_sort_orders_by_requested_field" class="Tests\Unit\Services\QuestionFilterServiceTest" classname="Tests.Unit.Services.QuestionFilterServiceTest" file="/Applications/XAMPP/xamppfiles/htdocs/faq/tests/Unit/Services/QuestionFilterServiceTest.php" line="97" assertions="1" time="0.052034"/>
      <testcase name="test_without_filters_orders_by_pin_status_for_authenticated_user" class="Tests\Unit\Services\QuestionFilterServiceTest" classname="Tests.Unit.Services.QuestionFilterServiceTest" file="/Applications/XAMPP/xamppfiles/htdocs/faq/tests/Unit/Services/QuestionFilterServiceTest.php" line="116" assertions="1" time="0.052251"/>
    </testsuite>
  </testsuite>
</testsuites>
